Archive member included because of file (symbol)

C:/Freescale/CW MCU v10.7/MCU/ARM_GCC_Support/ewl/lib/armv6-m\libc.a(exit.o)
                              ./Project_Settings/Startup_Code/__arm_start.o (exit)
C:/Freescale/CW MCU v10.7/MCU/ARM_GCC_Support/ewl/lib/armv6-m\libc.a(rand.o)
                              ./Generated_Code/UTIL1.o (rand)
C:/Freescale/CW MCU v10.7/MCU/ARM_GCC_Support/ewl/lib/armv6-m\libc.a(strchr.o)
                              ./Generated_Code/UTIL1.o (strchr)
C:/Freescale/CW MCU v10.7/MCU/ARM_GCC_Support/ewl/lib/armv6-m\libc.a(memset.o)
                              ./Project_Settings/Startup_Code/__arm_start.o (memset)
C:/Freescale/CW MCU v10.7/MCU/ARM_GCC_Support/ewl/lib/armv6-m\libc.a(strncmp.o)
                              ./Generated_Code/UTIL1.o (strncmp)
C:/Freescale/CW MCU v10.7/MCU/ARM_GCC_Support/ewl/lib/armv6-m\libc.a(__filll_mem.o)
                              C:/Freescale/CW MCU v10.7/MCU/ARM_GCC_Support/ewl/lib/armv6-m\libc.a(memset.o) (__fill_mem)
C:/Freescale/CW MCU v10.7/MCU/ARM_GCC_Support/ewl/lib/armv6-m\libc.a(strcmp.o)
                              ./Sources/main.o (strcmp)
C:/Freescale/CW MCU v10.7/MCU/ARM_GCC_Support/ewl/lib/armv6-m\libc.a(strlen.o)
                              ./Generated_Code/UTIL1.o (strlen)
C:/Freescale/CW MCU v10.7/MCU/ARM_GCC_Support/ewl/lib/armv6-m\libc.a(printformat_.o)
                              (__pformatter_)
C:/Freescale/CW MCU v10.7/MCU/ARM_GCC_Support/ewl/lib/armv6-m\libc.a(scanformat_.o)
                              (__sformatter)
C:/Freescale/CW MCU v10.7/MCU/ARM_GCC_Support/ewl/lib/armv6-m\libc.a(ctype_aeabi.o)
                              C:/Freescale/CW MCU v10.7/MCU/ARM_GCC_Support/ewl/lib/armv6-m\libc.a(scanformat_.o) (isspace)
C:/Freescale/CW MCU v10.7/MCU/ARM_GCC_Support/ewl/lib/armv6-m\libc.a(__strtoul.o)
                              C:/Freescale/CW MCU v10.7/MCU/ARM_GCC_Support/ewl/lib/armv6-m\libc.a(scanformat_.o) (__strtoul)
C:/Freescale/CW MCU v10.7/MCU/ARM_GCC_Support/ewl/lib/armv6-m\libc.a(memcpy.o)
                              C:/Freescale/CW MCU v10.7/MCU/ARM_GCC_Support/ewl/lib/armv6-m\libc.a(scanformat_.o) (memcpy)
C:/Freescale/CW MCU v10.7/MCU/ARM_GCC_Support/ewl/lib/armv6-m\libc.a(memchr.o)
                              C:/Freescale/CW MCU v10.7/MCU/ARM_GCC_Support/ewl/lib/armv6-m\libc.a(printformat_.o) (memchr)
c:/freescale/cw mcu v10.7/cross_tools/arm-none-eabi-gcc-4_7_3/bin/../lib/gcc/arm-none-eabi/4.7.3/armv6-m\libgcc.a(_thumb1_case_sqi.o)
                              C:/Freescale/CW MCU v10.7/MCU/ARM_GCC_Support/ewl/lib/armv6-m\libc.a(__strtoul.o) (__gnu_thumb1_case_sqi)
c:/freescale/cw mcu v10.7/cross_tools/arm-none-eabi-gcc-4_7_3/bin/../lib/gcc/arm-none-eabi/4.7.3/armv6-m\libgcc.a(_thumb1_case_uqi.o)
                              C:/Freescale/CW MCU v10.7/MCU/ARM_GCC_Support/ewl/lib/armv6-m\libc.a(scanformat_.o) (__gnu_thumb1_case_uqi)
c:/freescale/cw mcu v10.7/cross_tools/arm-none-eabi-gcc-4_7_3/bin/../lib/gcc/arm-none-eabi/4.7.3/armv6-m\libgcc.a(_udivsi3.o)
                              ./Generated_Code/UTIL1.o (__aeabi_uidiv)
c:/freescale/cw mcu v10.7/cross_tools/arm-none-eabi-gcc-4_7_3/bin/../lib/gcc/arm-none-eabi/4.7.3/armv6-m\libgcc.a(_divsi3.o)
                              ./Generated_Code/UTIL1.o (__aeabi_idiv)
c:/freescale/cw mcu v10.7/cross_tools/arm-none-eabi-gcc-4_7_3/bin/../lib/gcc/arm-none-eabi/4.7.3/armv6-m\libgcc.a(_dvmd_tls.o)
                              c:/freescale/cw mcu v10.7/cross_tools/arm-none-eabi-gcc-4_7_3/bin/../lib/gcc/arm-none-eabi/4.7.3/armv6-m\libgcc.a(_udivsi3.o) (__aeabi_idiv0)
c:/freescale/cw mcu v10.7/cross_tools/arm-none-eabi-gcc-4_7_3/bin/../lib/gcc/arm-none-eabi/4.7.3/armv6-m\libgcc.a(_arm_cmpsf2.o)
                              ./Generated_Code/UTIL1.o (__aeabi_fcmplt)
c:/freescale/cw mcu v10.7/cross_tools/arm-none-eabi-gcc-4_7_3/bin/../lib/gcc/arm-none-eabi/4.7.3/armv6-m\libgcc.a(_aeabi_ldivmod.o)
                              ./Generated_Code/UTIL1.o (__aeabi_ldivmod)
c:/freescale/cw mcu v10.7/cross_tools/arm-none-eabi-gcc-4_7_3/bin/../lib/gcc/arm-none-eabi/4.7.3/armv6-m\libgcc.a(_muldi3.o)
                              ./Generated_Code/UTIL1.o (__aeabi_lmul)
c:/freescale/cw mcu v10.7/cross_tools/arm-none-eabi-gcc-4_7_3/bin/../lib/gcc/arm-none-eabi/4.7.3/armv6-m\libgcc.a(_fixunssfsi.o)
                              ./Generated_Code/UTIL1.o (__aeabi_f2uiz)
c:/freescale/cw mcu v10.7/cross_tools/arm-none-eabi-gcc-4_7_3/bin/../lib/gcc/arm-none-eabi/4.7.3/armv6-m\libgcc.a(bpabi.o)
                              c:/freescale/cw mcu v10.7/cross_tools/arm-none-eabi-gcc-4_7_3/bin/../lib/gcc/arm-none-eabi/4.7.3/armv6-m\libgcc.a(_aeabi_ldivmod.o) (__gnu_ldivmod_helper)
c:/freescale/cw mcu v10.7/cross_tools/arm-none-eabi-gcc-4_7_3/bin/../lib/gcc/arm-none-eabi/4.7.3/armv6-m\libgcc.a(eqsf2.o)
                              c:/freescale/cw mcu v10.7/cross_tools/arm-none-eabi-gcc-4_7_3/bin/../lib/gcc/arm-none-eabi/4.7.3/armv6-m\libgcc.a(_arm_cmpsf2.o) (__eqsf2)
[...]
Memory Configuration

Name             Origin             Length             Attributes
m_interrupts     0x00000000         0x000000c0         xr
m_text           0x00000410         0x0001fbf0         xr
m_data           0x1ffff000         0x00004000         rw
m_cfmprotrom     0x00000400         0x00000010         xr
*default*        0x00000000         0xffffffff

Linker script and memory map

LOAD ./Generated_Code/Wifi.o
LOAD ./Generated_Code/WAIT1.o
LOAD ./Generated_Code/Vectors.o
LOAD ./Generated_Code/UTIL1.o
LOAD ./Generated_Code/TimerIntLdd1.o
LOAD ./Generated_Code/TU2.o
LOAD ./Generated_Code/TU1.o
LOAD ./Generated_Code/TI1.o
LOAD ./Generated_Code/SM1.o
LOAD ./Generated_Code/SCEpin1.o
LOAD ./Generated_Code/RTC1.o
LOAD ./Generated_Code/RESpin1.o
LOAD ./Generated_Code/PwmLdd1.o
LOAD ./Generated_Code/PWM1.o
LOAD ./Generated_Code/PTE30.o
LOAD ./Generated_Code/PTE29.o
LOAD ./Generated_Code/PE_LDD.o
LOAD ./Generated_Code/PC.o
LOAD ./Generated_Code/MCUC1.o
LOAD ./Generated_Code/ExtIntLdd3.o
LOAD ./Generated_Code/ExtIntLdd2.o
LOAD ./Generated_Code/ExtIntLdd1.o
LOAD ./Generated_Code/Display.o
LOAD ./Generated_Code/D_Cpin1.o
LOAD ./Generated_Code/Cpu.o
LOAD ./Generated_Code/C3.o
LOAD ./Generated_Code/C2.o
LOAD ./Generated_Code/C1.o
LOAD ./Generated_Code/BitIoLdd2.o
LOAD ./Generated_Code/BitIoLdd1.o
LOAD ./Generated_Code/AdcLdd1.o
LOAD ./Generated_Code/ASerialLdd2.o
LOAD ./Generated_Code/ASerialLdd1.o
LOAD ./Generated_Code/AD1.o
LOAD ./Project_Settings/Startup_Code/__arm_start.o
LOAD ./Project_Settings/Startup_Code/__arm_end.o
LOAD ./Sources/sa_mtb.o
LOAD ./Sources/main.o
LOAD ./Sources/Events.o
                0x00004508                __pformatter = __pformatter_
                [0x00004930]                __sformatter = __sformatter
START GROUP
LOAD C:/Freescale/CW MCU v10.7/MCU/ARM_GCC_Support/ewl/lib/armv6-m\libc.a
LOAD C:/Freescale/CW MCU v10.7/MCU/ARM_GCC_Support/ewl/lib/armv6-m\libm.a
LOAD c:/freescale/cw mcu v10.7/cross_tools/arm-none-eabi-gcc-4_7_3/bin/../lib/gcc/arm-none-eabi/4.7.3/armv6-m\libgcc.a
LOAD C:/Freescale/CW MCU v10.7/MCU/ARM_GCC_Support/ewl/lib/armv6-m\librt.a
LOAD C:/Freescale/CW MCU v10.7/MCU/ARM_GCC_Support/ewl/lib/armv6-m\libuart.a
END GROUP
                0x20003000                _estack = 0x20003000
                0x20003000                __SP_INIT = _estack
                0x00000000                __heap_size = 0x0
                0x00000400                __stack_size = 0x400

.interrupts     0x00000000       0xc0
                0x00000000                __vector_table = .
                0x00000000                . = ALIGN (0x4)
 *(.vectortable)
 .vectortable   0x00000000       0xc0 ./Generated_Code/Vectors.o
                0x00000000                __vect_table
                0x000000c0                . = ALIGN (0x4)

.cfmprotect     0x00000400       0x10
                0x00000400                . = ALIGN (0x4)
 *(.cfmconfig)
 .cfmconfig     0x00000400       0x10 ./Generated_Code/Cpu.o
                0x00000400                _cfm
                0x00000410                . = ALIGN (0x4)

.text           0x00000410     0x53d8
                0x00000410                . = ALIGN (0x4)
 *(.text)
 .text          0x00000410       0x14 c:/freescale/cw mcu v10.7/cross_tools/arm-none-eabi-gcc-4_7_3/bin/../lib/gcc/arm-none-eabi/4.7.3/armv6-m\libgcc.a(_thumb1_case_sqi.o)
                0x00000410                __gnu_thumb1_case_sqi
 .text          0x00000424       0x14 c:/freescale/cw mcu v10.7/cross_tools/arm-none-eabi-gcc-4_7_3/bin/../lib/gcc/arm-none-eabi/4.7.3/armv6-m\libgcc.a(_thumb1_case_uqi.o)
                0x00000424                __gnu_thumb1_case_uqi
 .text          0x00000438       0x9c c:/freescale/cw mcu v10.7/cross_tools/arm-none-eabi-gcc-4_7_3/bin/../lib/gcc/arm-none-eabi/4.7.3/armv6-m\libgcc.a(_udivsi3.o)
                0x00000438                __aeabi_uidiv
                0x00000438                __udivsi3
                0x000004c0                __aeabi_uidivmod
 .text          0x000004d4       0xc0 c:/freescale/cw mcu v10.7/cross_tools/arm-none-eabi-gcc-4_7_3/bin/../lib/gcc/arm-none-eabi/4.7.3/armv6-m\libgcc.a(_divsi3.o)
                0x000004d4                __divsi3
                0x000004d4                __aeabi_idiv
                0x00000580                __aeabi_idivmod
 .text          0x00000594        0x4 c:/freescale/cw mcu v10.7/cross_tools/arm-none-eabi-gcc-4_7_3/bin/../lib/gcc/arm-none-eabi/4.7.3/armv6-m\libgcc.a(_dvmd_tls.o)
                0x00000594                __aeabi_idiv0
                0x00000594                __aeabi_ldiv0
 *(.text*)
 .text.HWEnDi   0x00000598       0x20 ./Generated_Code/Wifi.o
 .text.Wifi_RecvChar
                0x000005b8       0xe8 ./Generated_Code/Wifi.o
                0x000005b8                Wifi_RecvChar
 .text.Wifi_SendChar
                0x000006a0       0xf0 ./Generated_Code/Wifi.o
                0x000006a0                Wifi_SendChar
 .text.Wifi_Init
                0x00000790       0x64 ./Generated_Code/Wifi.o
                0x00000790                Wifi_Init
 .text.ASerialLdd2_OnBlockReceived
                0x000007f4       0x94 ./Generated_Code/Wifi.o
                0x000007f4                ASerialLdd2_OnBlockReceived
 .text.ASerialLdd2_OnBlockSent
                0x00000888       0xbc ./Generated_Code/Wifi.o
                0x00000888                ASerialLdd2_OnBlockSent
 .text.ASerialLdd2_OnError
                0x00000944       0x90 ./Generated_Code/Wifi.o
                0x00000944                ASerialLdd2_OnError
 .text.ASerialLdd2_OnBreak
                0x000009d4       0x20 ./Generated_Code/Wifi.o
                0x000009d4                ASerialLdd2_OnBreak
 .text.WAIT1_Wait10Cycles
                0x000009f4        0x8 ./Generated_Code/WAIT1.o
                0x000009f4                WAIT1_Wait10Cycles
 .text.WAIT1_Wait100Cycles
                0x000009fc       0x24 ./Generated_Code/WAIT1.o
                0x000009fc                WAIT1_Wait100Cycles
 .text.WAIT1_WaitCycles
                0x00000a20       0x44 ./Generated_Code/WAIT1.o
                0x00000a20                WAIT1_WaitCycles
 .text.WAIT1_WaitLongCycles
                0x00000a64       0x3c ./Generated_Code/WAIT1.o
                0x00000a64                WAIT1_WaitLongCycles
 .text.WAIT1_Waitms
                0x00000aa0       0x38 ./Generated_Code/WAIT1.o
                0x00000aa0                WAIT1_Waitms
 .text.WAIT1_Init
                0x00000ad8        0x8 ./Generated_Code/WAIT1.o
                0x00000ad8                WAIT1_Init
 .text.UTIL1_strcpy
                0x00000ae0       0x48 ./Generated_Code/UTIL1.o
                0x00000ae0                UTIL1_strcpy
 .text.UTIL1_strcat
                0x00000b28       0x64 ./Generated_Code/UTIL1.o
                0x00000b28                UTIL1_strcat
 .text.UTIL1_strFind
                0x00000b8c       0x74 ./Generated_Code/UTIL1.o
                0x00000b8c                UTIL1_strFind
 .text.UTIL1_Init
                0x00000c00        0x8 ./Generated_Code/UTIL1.o
                0x00000c00                UTIL1_Init
 .text.TimerIntLdd1_Init
                0x00000c08       0x50 ./Generated_Code/TimerIntLdd1.o
                0x00000c08                TimerIntLdd1_Init
 .text.TU1_OnCounterRestart
                0x00000c58       0x24 ./Generated_Code/TimerIntLdd1.o
                0x00000c58                TU1_OnCounterRestart
 .text.TU2_Init
                0x00000c7c       0xc0 ./Generated_Code/TU2.o
                0x00000c7c                TU2_Init
 .text.TU1_Init
                0x00000d3c       0xbc ./Generated_Code/TU1.o
                0x00000d3c                TU1_Init
 .text.TU1_Interrupt
                0x00000df8       0x30 ./Generated_Code/TU1.o
                0x00000df8                TU1_Interrupt
 .text.TimerIntLdd1_OnInterrupt
                0x00000e28       0x14 ./Generated_Code/TI1.o
                0x00000e28                TimerIntLdd1_OnInterrupt
 .text.SM1_Init
                0x00000e3c       0xfc ./Generated_Code/SM1.o
                0x00000e3c                SM1_Init
 .text.SM1_ReceiveBlock
                0x00000f38       0xb0 ./Generated_Code/SM1.o
                0x00000f38                SM1_ReceiveBlock
 .text.SM1_SendBlock
                0x00000fe8       0x9c ./Generated_Code/SM1.o
                0x00000fe8                SM1_SendBlock
 .text.SM1_Interrupt
                0x00001084       0xe0 ./Generated_Code/SM1.o
                0x00001084                SM1_Interrupt
 .text.SCEpin1_Init
                0x00001164       0x60 ./Generated_Code/SCEpin1.o
                0x00001164                SCEpin1_Init
 .text.SCEpin1_ClrVal
                0x000011c4       0x18 ./Generated_Code/SCEpin1.o
                0x000011c4                SCEpin1_ClrVal
 .text.SCEpin1_SetVal
                0x000011dc       0x18 ./Generated_Code/SCEpin1.o
                0x000011dc                SCEpin1_SetVal
 .text.RTC1_Init
                0x000011f4       0xf0 ./Generated_Code/RTC1.o
                0x000011f4                RTC1_Init
 .text.RTC1_Enable
                0x000012e4       0x1c ./Generated_Code/RTC1.o
                0x000012e4                RTC1_Enable
 .text.RTC1_GetTime
                0x00001300      0x154 ./Generated_Code/RTC1.o
                0x00001300                RTC1_GetTime
 .text.RTC1_SetTime
                0x00001454      0x13c ./Generated_Code/RTC1.o
                0x00001454                RTC1_SetTime
 .text.RTC1_Interrupt
                0x00001590       0x64 ./Generated_Code/RTC1.o
                0x00001590                RTC1_Interrupt
 .text.RTC1_SecondsInterrupt
                0x000015f4       0x20 ./Generated_Code/RTC1.o
                0x000015f4                RTC1_SecondsInterrupt
 .text.RESpin1_Init
                0x00001614       0x60 ./Generated_Code/RESpin1.o
                0x00001614                RESpin1_Init
 .text.RESpin1_ClrVal
                0x00001674       0x18 ./Generated_Code/RESpin1.o
                0x00001674                RESpin1_ClrVal
 .text.RESpin1_SetVal
                0x0000168c       0x18 ./Generated_Code/RESpin1.o
                0x0000168c                RESpin1_SetVal
 .text.PwmLdd1_Init
                0x000016a4       0x54 ./Generated_Code/PwmLdd1.o
                0x000016a4                PwmLdd1_Init
 .text.HWEnDi   0x000016f8       0x20 ./Generated_Code/PC.o
 .text.PC_SendChar
                0x00001718       0xf0 ./Generated_Code/PC.o
                0x00001718                PC_SendChar
 .text.PC_Init  0x00001808       0x64 ./Generated_Code/PC.o
                0x00001808                PC_Init
 .text.ASerialLdd1_OnBlockReceived
                0x0000186c       0x80 ./Generated_Code/PC.o
                0x0000186c                ASerialLdd1_OnBlockReceived
 .text.ASerialLdd1_OnBlockSent
                0x000018ec       0x88 ./Generated_Code/PC.o
                0x000018ec                ASerialLdd1_OnBlockSent
 .text.ASerialLdd1_OnError
                0x00001974       0x90 ./Generated_Code/PC.o
                0x00001974                ASerialLdd1_OnError
 .text.ASerialLdd1_OnBreak
                0x00001a04       0x20 ./Generated_Code/PC.o
                0x00001a04                ASerialLdd1_OnBreak
 .text.MCUC1_Init
                0x00001a24        0x8 ./Generated_Code/MCUC1.o
                0x00001a24                MCUC1_Init
 .text.ExtIntLdd3_Init
                0x00001a2c       0x94 ./Generated_Code/ExtIntLdd3.o
                0x00001a2c                ExtIntLdd3_Init
 .text.ExtIntLdd3_Interrupt
                0x00001ac0       0x40 ./Generated_Code/ExtIntLdd3.o
                0x00001ac0                ExtIntLdd3_Interrupt
 .text.ExtIntLdd2_Init
                0x00001b00       0x94 ./Generated_Code/ExtIntLdd2.o
                0x00001b00                ExtIntLdd2_Init
 .text.ExtIntLdd2_Interrupt
                0x00001b94       0x40 ./Generated_Code/ExtIntLdd2.o
                0x00001b94                ExtIntLdd2_Interrupt
 .text.ExtIntLdd1_Init
                0x00001bd4       0x94 ./Generated_Code/ExtIntLdd1.o
                0x00001bd4                ExtIntLdd1_Init
 .text.ExtIntLdd1_Interrupt
                0x00001c68       0x40 ./Generated_Code/ExtIntLdd1.o
                0x00001c68                ExtIntLdd1_Interrupt
 .text.WriteCmd
                0x00001ca8       0x84 ./Generated_Code/Display.o
 .text.WriteData
                0x00001d2c       0x84 ./Generated_Code/Display.o
 .text.Display_SetPos
                0x00001db0       0x4c ./Generated_Code/Display.o
                0x00001db0                Display_SetPos
 .text.Display_Clear
                0x00001dfc       0x38 ./Generated_Code/Display.o
                0x00001dfc                Display_Clear
 .text.Display_Init
                0x00001e34       0xb8 ./Generated_Code/Display.o
                0x00001e34                Display_Init
 .text.Display_WriteChar
                0x00001eec       0x8c ./Generated_Code/Display.o
                0x00001eec                Display_WriteChar
 .text.Display_WriteLineStr
                0x00001f78       0x68 ./Generated_Code/Display.o
                0x00001f78                Display_WriteLineStr
 .text.Display_SetDisplayOrientation
                0x00001fe0       0x20 ./Generated_Code/Display.o
                0x00001fe0                Display_SetDisplayOrientation
 .text.SM1_OnBlockReceived
                0x00002000       0x18 ./Generated_Code/Display.o
                0x00002000                SM1_OnBlockReceived
 .text.D_Cpin1_Init
                0x00002018       0x60 ./Generated_Code/D_Cpin1.o
                0x00002018                D_Cpin1_Init
 .text.D_Cpin1_ClrVal
                0x00002078       0x18 ./Generated_Code/D_Cpin1.o
                0x00002078                D_Cpin1_ClrVal
 .text.D_Cpin1_SetVal
                0x00002090       0x18 ./Generated_Code/D_Cpin1.o
                0x00002090                D_Cpin1_SetVal
 .text.Cpu_ivINT_PORTA
                0x000020a8       0x14 ./Generated_Code/Cpu.o
                0x000020a8                Cpu_ivINT_PORTA
 .text.Cpu_INT_NMIInterrupt
                0x000020bc        0xc ./Generated_Code/Cpu.o
                0x000020bc                Cpu_INT_NMIInterrupt
 .text.Cpu_Interrupt
                0x000020c8        0xc ./Generated_Code/Cpu.o
                0x000020c8                Cpu_Interrupt
 .text.__init_hardware
                0x000020d4      0x15c ./Generated_Code/Cpu.o
                0x000020d4                __init_hardware
 .text.PE_low_level_init
                0x00002230      0x164 ./Generated_Code/Cpu.o
                0x00002230                PE_low_level_init
 .text.ExtIntLdd3_OnInterrupt
                0x00002394       0x14 ./Generated_Code/C3.o
                0x00002394                ExtIntLdd3_OnInterrupt
 .text.ExtIntLdd2_OnInterrupt
                0x000023a8       0x14 ./Generated_Code/C2.o
                0x000023a8                ExtIntLdd2_OnInterrupt
 .text.ExtIntLdd1_OnInterrupt
                0x000023bc       0x14 ./Generated_Code/C1.o
                0x000023bc                ExtIntLdd1_OnInterrupt
 .text.BitIoLdd2_Init
                0x000023d0       0x68 ./Generated_Code/BitIoLdd2.o
                0x000023d0                BitIoLdd2_Init
 .text.BitIoLdd1_Init
                0x00002438       0x68 ./Generated_Code/BitIoLdd1.o
                0x00002438                BitIoLdd1_Init
 .text.AdcLdd1_Init
                0x000024a0       0xbc ./Generated_Code/AdcLdd1.o
                0x000024a0                AdcLdd1_Init
 .text.AdcLdd1_StartSingleMeasurement
                0x0000255c       0x44 ./Generated_Code/AdcLdd1.o
                0x0000255c                AdcLdd1_StartSingleMeasurement
 .text.AdcLdd1_CreateSampleGroup
                0x000025a0       0x6c ./Generated_Code/AdcLdd1.o
                0x000025a0                AdcLdd1_CreateSampleGroup
 .text.AdcLdd1_GetMeasuredValues
                0x0000260c       0x60 ./Generated_Code/AdcLdd1.o
                0x0000260c                AdcLdd1_GetMeasuredValues
 .text.AdcLdd1_GetCalibrationResultStatus
                0x0000266c       0xb8 ./Generated_Code/AdcLdd1.o
                0x0000266c                AdcLdd1_GetCalibrationResultStatus
 .text.AdcLdd1_MeasurementCompleteInterrupt
                0x00002724       0x30 ./Generated_Code/AdcLdd1.o
                0x00002724                AdcLdd1_MeasurementCompleteInterrupt
 .text.ASerialLdd2_Init
                0x00002754      0x170 ./Generated_Code/ASerialLdd2.o
                0x00002754                ASerialLdd2_Init
 .text.ASerialLdd2_ReceiveBlock
                0x000028c4       0x98 ./Generated_Code/ASerialLdd2.o
                0x000028c4                ASerialLdd2_ReceiveBlock
 .text.ASerialLdd2_SendBlock
                0x0000295c       0xc4 ./Generated_Code/ASerialLdd2.o
                0x0000295c                ASerialLdd2_SendBlock
 .text.InterruptRx
                0x00002a20       0x58 ./Generated_Code/ASerialLdd2.o
 .text.InterruptTx
                0x00002a78       0x80 ./Generated_Code/ASerialLdd2.o
 .text.ASerialLdd2_Interrupt
                0x00002af8       0xe0 ./Generated_Code/ASerialLdd2.o
                0x00002af8                ASerialLdd2_Interrupt
 .text.ASerialLdd2_GetError
                0x00002bd8       0x74 ./Generated_Code/ASerialLdd2.o
                0x00002bd8                ASerialLdd2_GetError
 .text.ASerialLdd1_Init
                0x00002c4c      0x1bc ./Generated_Code/ASerialLdd1.o
                0x00002c4c                ASerialLdd1_Init
 .text.ASerialLdd1_ReceiveBlock
                0x00002e08       0x98 ./Generated_Code/ASerialLdd1.o
                0x00002e08                ASerialLdd1_ReceiveBlock
 .text.ASerialLdd1_SendBlock
                0x00002ea0       0xc4 ./Generated_Code/ASerialLdd1.o
                0x00002ea0                ASerialLdd1_SendBlock
 .text.InterruptRx
                0x00002f64       0x58 ./Generated_Code/ASerialLdd1.o
 .text.InterruptTx
                0x00002fbc       0x80 ./Generated_Code/ASerialLdd1.o
 .text.ASerialLdd1_Interrupt
                0x0000303c       0xe4 ./Generated_Code/ASerialLdd1.o
                0x0000303c                ASerialLdd1_Interrupt
 .text.ASerialLdd1_GetError
                0x00003120       0x74 ./Generated_Code/ASerialLdd1.o
                0x00003120                ASerialLdd1_GetError
 .text.AD1_HWEnDi
                0x00003194       0x48 ./Generated_Code/AD1.o
                0x00003194                AD1_HWEnDi
 .text.AD1_Measure
                0x000031dc       0x48 ./Generated_Code/AD1.o
                0x000031dc                AD1_Measure
 .text.AD1_GetValue16
                0x00003224       0x34 ./Generated_Code/AD1.o
                0x00003224                AD1_GetValue16
 .text.AdcLdd1_OnMeasurementComplete
                0x00003258       0x5c ./Generated_Code/AD1.o
                0x00003258                AdcLdd1_OnMeasurementComplete
 .text.AD1_Init
                0x000032b4       0x2c ./Generated_Code/AD1.o
                0x000032b4                AD1_Init
 .text.zero_fill_bss
                0x000032e0       0x24 ./Project_Settings/Startup_Code/__arm_start.o
 .text.__thumb_startup
                0x00003304       0x30 ./Project_Settings/Startup_Code/__arm_start.o
                0x00003304                __thumb_startup
 .text._ExitProcess
                0x00003334        0xc ./Project_Settings/Startup_Code/__arm_end.o
                0x00003334                _ExitProcess
 .text.Temp_2str
                0x00003340       0xb8 ./Sources/main.o
                0x00003340                Temp_2str
 .text.Time_2str
                0x000033f8      0x230 ./Sources/main.o
                0x000033f8                Time_2str
 .text.PC_SendStr
                0x00003628       0x4c ./Sources/main.o
                0x00003628                PC_SendStr
 .text.Wifi_SendStr
                0x00003674       0x4c ./Sources/main.o
                0x00003674                Wifi_SendStr
 .text.Sub_topic
                0x000036c0       0x60 ./Sources/main.o
                0x000036c0                Sub_topic
 .text.main     0x00003720      0xa44 ./Sources/main.o
                0x00003720                main
 .text.Cpu_OnNMIINT
                0x00004164        0x8 ./Sources/Events.o
                0x00004164                Cpu_OnNMIINT
 .text.Wifi_OnRcvChar
                0x0000416c       0x6c ./Sources/Events.o
                0x0000416c                Wifi_OnRcvChar
 .text.Wifi_OnSendChar
                0x000041d8        0x8 ./Sources/Events.o
                0x000041d8                Wifi_OnSendChar
 .text.AD1_OnEnd
                0x000041e0        0x8 ./Sources/Events.o
                0x000041e0                AD1_OnEnd
 .text.AD1_OnCalibrationEnd
                0x000041e8        0x8 ./Sources/Events.o
                0x000041e8                AD1_OnCalibrationEnd
 .text.RTC1_OnSecond
                0x000041f0       0x10 ./Sources/Events.o
                0x000041f0                RTC1_OnSecond
 .text.TI1_OnInterrupt
                0x00004200       0x14 ./Sources/Events.o
                0x00004200                TI1_OnInterrupt
 .text.C3_OnInterrupt
                0x00004214        0x8 ./Sources/Events.o
                0x00004214                C3_OnInterrupt
 .text.C2_OnInterrupt
                0x0000421c        0x8 ./Sources/Events.o
                0x0000421c                C2_OnInterrupt
 .text.C1_OnInterrupt
                0x00004224        0x8 ./Sources/Events.o
                0x00004224                C1_OnInterrupt
 .text.SM1_OnBlockSent
                0x0000422c       0x10 ./Sources/Events.o
                0x0000422c                SM1_OnBlockSent
 .text.exit     0x0000423c       0x38 C:/Freescale/CW MCU v10.7/MCU/ARM_GCC_Support/ewl/lib/armv6-m\libc.a(exit.o)
                0x0000423c                exit
 .text.strchr   0x00004274       0x1e C:/Freescale/CW MCU v10.7/MCU/ARM_GCC_Support/ewl/lib/armv6-m\libc.a(strchr.o)
                0x00004274                strchr
 .text.memset   0x00004292        0xc C:/Freescale/CW MCU v10.7/MCU/ARM_GCC_Support/ewl/lib/armv6-m\libc.a(memset.o)
                0x00004292                memset
 .text.strncmp  0x0000429e       0x22 C:/Freescale/CW MCU v10.7/MCU/ARM_GCC_Support/ewl/lib/armv6-m\libc.a(strncmp.o)
                0x0000429e                strncmp
 .text.__fill_mem
                0x000042c0       0x7e C:/Freescale/CW MCU v10.7/MCU/ARM_GCC_Support/ewl/lib/armv6-m\libc.a(__filll_mem.o)
                0x000042c0                __fill_mem
 .text.strcmp   0x0000433e       0x1c C:/Freescale/CW MCU v10.7/MCU/ARM_GCC_Support/ewl/lib/armv6-m\libc.a(strcmp.o)
                0x0000433e                strcmp
 .text.strlen   0x0000435a       0x10 C:/Freescale/CW MCU v10.7/MCU/ARM_GCC_Support/ewl/lib/armv6-m\libc.a(strlen.o)
                0x0000435a                strlen
 *fill*         0x0000436a        0x2 00
 .text.long2str.isra.0
                0x0000436c      0x19c C:/Freescale/CW MCU v10.7/MCU/ARM_GCC_Support/ewl/lib/armv6-m\libc.a(printformat_.o)
 .text.__pformatter_
                0x00004508      0x428 C:/Freescale/CW MCU v10.7/MCU/ARM_GCC_Support/ewl/lib/armv6-m\libc.a(printformat_.o)
                0x00004508                __pformatter_
 .text.__sformatter
                0x00004930      0x698 C:/Freescale/CW MCU v10.7/MCU/ARM_GCC_Support/ewl/lib/armv6-m\libc.a(scanformat_.o)
                0x00004930                __sformatter
 .text.isalpha  0x00004fc8       0x20 C:/Freescale/CW MCU v10.7/MCU/ARM_GCC_Support/ewl/lib/armv6-m\libc.a(ctype_aeabi.o)
                0x00004fc8                isalpha
 .text.isspace  0x00004fe8       0x20 C:/Freescale/CW MCU v10.7/MCU/ARM_GCC_Support/ewl/lib/armv6-m\libc.a(ctype_aeabi.o)
                0x00004fe8                isspace
 .text.toupper  0x00005008        0xe C:/Freescale/CW MCU v10.7/MCU/ARM_GCC_Support/ewl/lib/armv6-m\libc.a(ctype_aeabi.o)
                0x00005008                toupper
 .text.__strtoul
                0x00005016      0x1ce C:/Freescale/CW MCU v10.7/MCU/ARM_GCC_Support/ewl/lib/armv6-m\libc.a(__strtoul.o)
                0x00005016                __strtoul
 .text.memcpy   0x000051e4       0x12 C:/Freescale/CW MCU v10.7/MCU/ARM_GCC_Support/ewl/lib/armv6-m\libc.a(memcpy.o)
                0x000051e4                memcpy
 .text.memchr   0x000051f6       0x1a C:/Freescale/CW MCU v10.7/MCU/ARM_GCC_Support/ewl/lib/armv6-m\libc.a(memchr.o)
                0x000051f6                memchr
 .text.__init_cpp
                0x00005210       0x48 C:/Freescale/CW MCU v10.7/MCU/ARM_GCC_Support/ewl/lib/armv6-m\librt.a(gcc_ctor_dtor.o)
                0x00005210                __init_cpp
 .text.__fini_cpp
                0x00005258       0x34 C:/Freescale/CW MCU v10.7/MCU/ARM_GCC_Support/ewl/lib/armv6-m\librt.a(gcc_ctor_dtor.o)
                0x00005258                __fini_cpp
 .text.__destroy_global_chain
                0x0000528c       0x1c C:/Freescale/CW MCU v10.7/MCU/ARM_GCC_Support/ewl/lib/armv6-m\librt.a(__arm_eabi_init.o)
                0x0000528c                __destroy_global_chain
 .text.__init_registers
                0x000052a8       0x1c C:/Freescale/CW MCU v10.7/MCU/ARM_GCC_Support/ewl/lib/armv6-m\librt.a(__arm_eabi_init.o)
                0x000052a8                __init_registers
 .text.__init_user
                0x000052c4        0x4 C:/Freescale/CW MCU v10.7/MCU/ARM_GCC_Support/ewl/lib/armv6-m\librt.a(__arm_eabi_init.o)
                0x000052c4                __init_user
 .text.__copy_rom_section
                0x000052c8       0x48 C:/Freescale/CW MCU v10.7/MCU/ARM_GCC_Support/ewl/lib/armv6-m\librt.a(ROMCopy.o)
                0x000052c8                __copy_rom_section
 .text.__copy_rom_sections_to_ram
                0x00005310       0x34 C:/Freescale/CW MCU v10.7/MCU/ARM_GCC_Support/ewl/lib/armv6-m\librt.a(ROMCopy.o)
                0x00005310                __copy_rom_sections_to_ram
 *(.rodata)
 .rodata        0x00005344      0x178 ./Sources/main.o
 *(.rodata*)
 .rodata.ULY    0x000054bc       0x10 ./Generated_Code/RTC1.o
 .rodata.LY     0x000054cc       0x10 ./Generated_Code/RTC1.o
 .rodata.MONTH_DAYS
                0x000054dc       0x1c ./Generated_Code/RTC1.o
 .rodata.table  0x000054f8      0x1e0 ./Generated_Code/Display.o
 .rodata.ChannelToPin
                0x000056d8        0x4 ./Generated_Code/AdcLdd1.o
 .rodata.str1.1
                0x000056dc        0x1 C:/Freescale/CW MCU v10.7/MCU/ARM_GCC_Support/ewl/lib/armv6-m\libc.a(printformat_.o)
 .rodata.CSWTCH.20
                0x000056dd        0x5 C:/Freescale/CW MCU v10.7/MCU/ARM_GCC_Support/ewl/lib/armv6-m\libc.a(printformat_.o)
 .rodata.CSWTCH.21
                0x000056e2        0x5 C:/Freescale/CW MCU v10.7/MCU/ARM_GCC_Support/ewl/lib/armv6-m\libc.a(printformat_.o)
 .rodata.__aeabi_ctype_table_C
                0x000056e7      0x101 C:/Freescale/CW MCU v10.7/MCU/ARM_GCC_Support/ewl/lib/armv6-m\libc.a(ctype_aeabi.o)
                0x000056e7                __aeabi_ctype_table_C
 *(.glue_7)
 .glue_7        0x00000000        0x0 linker stubs
 *(.glue_7t)
 .glue_7t       0x00000000        0x0 linker stubs
 *(.eh_frame)
 *(.init)
 *(.fini)
                0x000057e8                . = ALIGN (0x4)
                0x000057e8                _etext = .

.vfp11_veneer   0x000057e8        0x0
 .vfp11_veneer  0x00000000        0x0 linker stubs

.v4_bx          0x000057e8        0x0
 .v4_bx         0x00000000        0x0 linker stubs

.iplt           0x000057e8        0x0
 .iplt          0x00000000        0x0 ./Generated_Code/Wifi.o

.rel.dyn        0x000057e8        0x0
 .rel.iplt      0x00000000        0x0 ./Generated_Code/Wifi.o

.ARM.extab
 *(.ARM.extab* .gnu.linkonce.armextab.*)

.ARM            0x000057e8        0x0
                0x000057e8                __exidx_start = .
 *(.ARM.exidx*)
                0x000057e8                __exidx_end = .

.ctors          0x000057e8        0x0
                0x000057e8                __CTOR_LIST__ = .
 *crtbegin.o(.ctors)
 *(EXCLUDE_FILE(*crtend.o) .ctors)
 *(SORT(.ctors.*))
 *(.ctors)
                0x000057e8                __CTOR_END__ = .

.dtors          0x000057e8        0x0
                0x000057e8                __DTOR_LIST__ = .
 *crtbegin.o(.dtors)
 *(EXCLUDE_FILE(*crtend.o) .dtors)
 *(SORT(.dtors.*))
 *(.dtors)
                0x000057e8                __DTOR_END__ = .

.preinit_array  0x000057e8        0x0
                0x000057e8                PROVIDE (__preinit_array_start, .)
 *(.preinit_array*)
                0x000057e8                PROVIDE (__preinit_array_end, .)

.init_array     0x000057e8        0x0
                0x000057e8                PROVIDE (__init_array_start, .)
 *(SORT(.init_array.*))
 *(.init_array*)
                0x000057e8                PROVIDE (__init_array_end, .)

.fini_array     0x000057e8        0x0
                0x000057e8                PROVIDE (__fini_array_start, .)
 *(SORT(.fini_array.*))
 *(.fini_array*)
                0x000057e8                PROVIDE (__fini_array_end, .)
                0x000057e8                ___ROM_AT = .

.mtb            0x1ffff000        0x0
                0x1ffff000                . = ALIGN (0x8)
                0x1ffff000                _mtb_start = .
 *(.mtb_buf)
                0x1ffff000                . = ALIGN (0x8)
                0x1ffff000                _mtb_end = .

.data           0x1ffff000        0x4 load address 0x000057e8
                0x1ffff000                . = ALIGN (0x4)
                0x1ffff000                _sdata = .
 *(.data)
 *(.data*)
 .data.orientation
                0x1ffff000        0x1 ./Generated_Code/Display.o
                0x1ffff004                . = ALIGN (0x4)
 *fill*         0x1ffff001        0x3 00
                0x1ffff004                _edata = .
                0x00000004                ___data_size = (_edata - _sdata)

.igot.plt       0x1ffff004        0x0 load address 0x000057ec
 .igot.plt      0x00000000        0x0 ./Generated_Code/Wifi.o
                0x1ffff004                . = ALIGN (0x4)

.bss            0x1ffff004      0x6b0 load address 0x000057ec
                0x1ffff004                __START_BSS = .
                0x1ffff004                PROVIDE (__bss_start__, __START_BSS)
 *(.bss)
 *(.bss*)
 .bss.SerFlag   0x1ffff004        0x2 ./Generated_Code/Wifi.o
 .bss.Wifi_InpLen
                0x1ffff006        0x2 ./Generated_Code/Wifi.o
 .bss.InpIndexR
                0x1ffff008        0x2 ./Generated_Code/Wifi.o
 .bss.InpIndexW
                0x1ffff00a        0x2 ./Generated_Code/Wifi.o
 .bss.InpBuffer
                0x1ffff00c      0x100 ./Generated_Code/Wifi.o
 .bss.BufferRead
                0x1ffff10c        0x1 ./Generated_Code/Wifi.o
 *fill*         0x1ffff10d        0x1 00
 .bss.Wifi_OutLen
                0x1ffff10e        0x2 ./Generated_Code/Wifi.o
 .bss.OutIndexR
                0x1ffff110        0x2 ./Generated_Code/Wifi.o
 .bss.OutIndexW
                0x1ffff112        0x2 ./Generated_Code/Wifi.o
 .bss.OutBuffer
                0x1ffff114      0x100 ./Generated_Code/Wifi.o
 .bss.DeviceDataPrv__DEFAULT_RTOS_ALLOC
                0x1ffff214        0xc ./Generated_Code/TimerIntLdd1.o
 .bss.DeviceDataPrv__DEFAULT_RTOS_ALLOC
                0x1ffff220        0x8 ./Generated_Code/TU2.o
 .bss.DeviceDataPrv__DEFAULT_RTOS_ALLOC
                0x1ffff228        0x8 ./Generated_Code/TU1.o
 .bss.INT_LPTimer__DEFAULT_RTOS_ISRPARAM
                0x1ffff230        0x4 ./Generated_Code/TU1.o
 .bss.DeviceDataPrv__DEFAULT_RTOS_ALLOC
                0x1ffff234       0x1c ./Generated_Code/SM1.o
 .bss.INT_SPI0__DEFAULT_RTOS_ISRPARAM
                0x1ffff250        0x4 ./Generated_Code/SM1.o
 .bss.DeviceDataPrv__DEFAULT_RTOS_ALLOC
                0x1ffff254        0x4 ./Generated_Code/SCEpin1.o
 .bss.DevDataPtr__DEFAULT_RTOS_ALLOC
                0x1ffff258        0x4 ./Generated_Code/RTC1.o
 .bss.INT_RTC__DEFAULT_RTOS_ISRPARAM
                0x1ffff25c        0x4 ./Generated_Code/RTC1.o
 .bss.INT_RTC_Seconds__DEFAULT_RTOS_ISRPARAM
                0x1ffff260        0x4 ./Generated_Code/RTC1.o
 .bss.DeviceDataPrv__DEFAULT_RTOS_ALLOC
                0x1ffff264        0x4 ./Generated_Code/RESpin1.o
 .bss.DeviceDataPrv__DEFAULT_RTOS_ALLOC
                0x1ffff268        0xc ./Generated_Code/PwmLdd1.o
 .bss.PE_LDD_DeviceDataList
                0x1ffff274       0x44 ./Generated_Code/PE_LDD.o
                0x1ffff274                PE_LDD_DeviceDataList
 .bss.SerFlag   0x1ffff2b8        0x2 ./Generated_Code/PC.o
 .bss.PC_InpLen
                0x1ffff2ba        0x2 ./Generated_Code/PC.o
 .bss.InpIndexR
                0x1ffff2bc        0x2 ./Generated_Code/PC.o
 .bss.InpIndexW
                0x1ffff2be        0x2 ./Generated_Code/PC.o
 .bss.InpBuffer
                0x1ffff2c0      0x100 ./Generated_Code/PC.o
 .bss.BufferRead
                0x1ffff3c0        0x1 ./Generated_Code/PC.o
 *fill*         0x1ffff3c1        0x1 00
 .bss.PC_OutLen
                0x1ffff3c2        0x2 ./Generated_Code/PC.o
 .bss.OutIndexR
                0x1ffff3c4        0x2 ./Generated_Code/PC.o
 .bss.OutIndexW
                0x1ffff3c6        0x2 ./Generated_Code/PC.o
 .bss.OutBuffer
                0x1ffff3c8      0x100 ./Generated_Code/PC.o
 .bss.DeviceDataPrv__DEFAULT_RTOS_ALLOC
                0x1ffff4c8        0x4 ./Generated_Code/ExtIntLdd3.o
 .bss.INT_PORTA__DEFAULT_RTOS_ISRPARAM
                0x1ffff4cc        0x4 ./Generated_Code/ExtIntLdd3.o
 .bss.DeviceDataPrv__DEFAULT_RTOS_ALLOC
                0x1ffff4d0        0x4 ./Generated_Code/ExtIntLdd2.o
 .bss.INT_PORTA__DEFAULT_RTOS_ISRPARAM
                0x1ffff4d4        0x4 ./Generated_Code/ExtIntLdd2.o
 .bss.DeviceDataPrv__DEFAULT_RTOS_ALLOC
                0x1ffff4d8        0x4 ./Generated_Code/ExtIntLdd1.o
 .bss.INT_PORTA__DEFAULT_RTOS_ISRPARAM
                0x1ffff4dc        0x4 ./Generated_Code/ExtIntLdd1.o
 .bss.RES_DeviceData
                0x1ffff4e0        0x4 ./Generated_Code/Display.o
 .bss.SCE_DeviceData
                0x1ffff4e4        0x4 ./Generated_Code/Display.o
 .bss.D_C_DeviceData
                0x1ffff4e8        0x4 ./Generated_Code/Display.o
 .bss.Display_DataReceivedFlag
                0x1ffff4ec        0x1 ./Generated_Code/Display.o
 *fill*         0x1ffff4ed        0x3 00
 .bss.DeviceDataPrv__DEFAULT_RTOS_ALLOC
                0x1ffff4f0        0x4 ./Generated_Code/D_Cpin1.o
 .bss.SR_lock   0x1ffff4f4        0x1 ./Generated_Code/Cpu.o
                0x1ffff4f4                SR_lock
 *fill*         0x1ffff4f5        0x3 00
 .bss.DeviceDataPrv__DEFAULT_RTOS_ALLOC
                0x1ffff4f8        0x4 ./Generated_Code/BitIoLdd2.o
 .bss.DeviceDataPrv__DEFAULT_RTOS_ALLOC
                0x1ffff4fc        0x4 ./Generated_Code/BitIoLdd1.o
 .bss.DeviceDataPrv__DEFAULT_RTOS_ALLOC
                0x1ffff500        0x8 ./Generated_Code/AdcLdd1.o
 .bss.INT_ADC0__DEFAULT_RTOS_ISRPARAM
                0x1ffff508        0x4 ./Generated_Code/AdcLdd1.o
 .bss.DeviceDataPrv__DEFAULT_RTOS_ALLOC
                0x1ffff50c       0x20 ./Generated_Code/ASerialLdd2.o
 .bss.INT_UART2__DEFAULT_RTOS_ISRPARAM
                0x1ffff52c        0x4 ./Generated_Code/ASerialLdd2.o
 .bss.DeviceDataPrv__DEFAULT_RTOS_ALLOC
                0x1ffff530       0x20 ./Generated_Code/ASerialLdd1.o
 .bss.INT_UART0__DEFAULT_RTOS_ISRPARAM
                0x1ffff550        0x4 ./Generated_Code/ASerialLdd1.o
 .bss.ModeFlg   0x1ffff554        0x1 ./Generated_Code/AD1.o
 *fill*         0x1ffff555        0x3 00
 .bss.SampleGroup
                0x1ffff558        0x4 ./Generated_Code/AD1.o
 .bss.OutFlg    0x1ffff55c        0x1 ./Generated_Code/AD1.o
 *fill*         0x1ffff55d        0x3 00
 .bss.argv      0x1ffff560        0x4 ./Project_Settings/Startup_Code/__arm_start.o
 .bss.ibr       0x1ffff564        0x1 ./Sources/main.o
                0x1ffff564                ibr
 .bss.mr        0x1ffff565        0x1 ./Sources/main.o
                0x1ffff565                mr
 .bss.rtc_ready
                0x1ffff566        0x1 ./Sources/main.o
                0x1ffff566                rtc_ready
 *fill*         0x1ffff567        0x1 00
 .bss.__stdio_exit
                0x1ffff568        0x4 C:/Freescale/CW MCU v10.7/MCU/ARM_GCC_Support/ewl/lib/armv6-m\libc.a(exit.o)
                0x1ffff568                __stdio_exit
 .bss.__console_exit
                0x1ffff56c        0x4 C:/Freescale/CW MCU v10.7/MCU/ARM_GCC_Support/ewl/lib/armv6-m\libc.a(exit.o)
                0x1ffff56c                __console_exit
 .bss.__global_destructor_chain
                0x1ffff570        0x4 C:/Freescale/CW MCU v10.7/MCU/ARM_GCC_Support/ewl/lib/armv6-m\librt.a(__arm_eabi_init.o)
                0x1ffff570                __global_destructor_chain
 .bss.__S_romp  0x1ffff574        0xc C:/Freescale/CW MCU v10.7/MCU/ARM_GCC_Support/ewl/lib/armv6-m\librt.a(ROMCopy.o)
 *(COMMON)
 COMMON         0x1ffff580        0x4 ./Generated_Code/Wifi.o
                0x1ffff580                ASerialLdd2_DeviceDataPtr
 COMMON         0x1ffff584        0x4 ./Generated_Code/PC.o
                0x1ffff584                ASerialLdd1_DeviceDataPtr
 COMMON         0x1ffff588        0x1 ./Generated_Code/Cpu.o
                0x1ffff588                SR_reg
 *fill*         0x1ffff589        0x3 00
 COMMON         0x1ffff58c        0x8 ./Generated_Code/AD1.o
                0x1ffff58c                AD1_OutV
                0x1ffff590                AdcLdd1_DeviceDataPtr
 COMMON         0x1ffff594      0x120 ./Sources/main.o
                0x1ffff594                br
                0x1ffff694                conectado
                0x1ffff698                time
                0x1ffff6b4                . = ALIGN (0x4)
                0x1ffff6b4                __END_BSS = .
                0x1ffff6b4                PROVIDE (__bss_end__, __END_BSS)
                0x000057ec                _romp_at = (___ROM_AT + SIZEOF (.data))

.romp           0x1ffff6b4       0x18 load address 0x000057ec
                0x000057ec                __S_romp = _romp_at
                0x1ffff6b4        0x4 LONG 0x57e8 ___ROM_AT
                0x1ffff6b8        0x4 LONG 0x1ffff000 _sdata
                0x1ffff6bc        0x4 LONG 0x4 ___data_size
                0x1ffff6c0        0x4 LONG 0x0
                0x1ffff6c4        0x4 LONG 0x0
                0x1ffff6c8        0x4 LONG 0x0

._user_heap_stack
                0x1ffff6cc      0x400 load address 0x00005804
                0x1ffff6cc                . = ALIGN (0x4)
                0x1ffff6cc                PROVIDE (end, .)
                0x1ffff6cc                PROVIDE (_end, .)
                0x1ffff6cc                __heap_addr = .
                0x1ffff6cc                . = (. + __heap_size)
                0x1ffffacc                . = (. + __stack_size)
 *fill*         0x1ffff6cc      0x400 00
                0x1ffffacc                . = ALIGN (0x4)

.ARM.attributes
                0x00000000       0x31
 *(.ARM.attributes)
 .ARM.attributes
                0x00000000       0x31 ./Generated_Code/Wifi.o
 .ARM.attributes
                0x00000031       0x31 ./Generated_Code/WAIT1.o
 .ARM.attributes
                0x00000062       0x31 ./Generated_Code/Vectors.o
 .ARM.attributes
                0x00000093       0x31 ./Generated_Code/UTIL1.o
 .ARM.attributes
                0x000000c4       0x31 ./Generated_Code/TimerIntLdd1.o
 .ARM.attributes
                0x000000f5       0x31 ./Generated_Code/TU2.o
 .ARM.attributes
                0x00000126       0x31 ./Generated_Code/TU1.o
 .ARM.attributes
                0x00000157       0x31 ./Generated_Code/TI1.o
 .ARM.attributes
                0x00000188       0x31 ./Generated_Code/SM1.o
 .ARM.attributes
                0x000001b9       0x31 ./Generated_Code/SCEpin1.o
 .ARM.attributes
                0x000001ea       0x31 ./Generated_Code/RTC1.o
 .ARM.attributes
                0x0000021b       0x31 ./Generated_Code/RESpin1.o
 .ARM.attributes
                0x0000024c       0x31 ./Generated_Code/PwmLdd1.o
 .ARM.attributes
                0x0000027d       0x31 ./Generated_Code/PE_LDD.o
 .ARM.attributes
                0x000002ae       0x31 ./Generated_Code/PC.o
 .ARM.attributes
                0x000002df       0x31 ./Generated_Code/MCUC1.o
 .ARM.attributes
                0x00000310       0x31 ./Generated_Code/ExtIntLdd3.o
 .ARM.attributes
                0x00000341       0x31 ./Generated_Code/ExtIntLdd2.o
 .ARM.attributes
                0x00000372       0x31 ./Generated_Code/ExtIntLdd1.o
 .ARM.attributes
                0x000003a3       0x31 ./Generated_Code/Display.o
 .ARM.attributes
                0x000003d4       0x31 ./Generated_Code/D_Cpin1.o
 .ARM.attributes
                0x00000405       0x31 ./Generated_Code/Cpu.o
 .ARM.attributes
                0x00000436       0x31 ./Generated_Code/C3.o
 .ARM.attributes
                0x00000467       0x31 ./Generated_Code/C2.o
 .ARM.attributes
                0x00000498       0x31 ./Generated_Code/C1.o
 .ARM.attributes
                0x000004c9       0x31 ./Generated_Code/BitIoLdd2.o
 .ARM.attributes
                0x000004fa       0x31 ./Generated_Code/BitIoLdd1.o
 .ARM.attributes
                0x0000052b       0x31 ./Generated_Code/AdcLdd1.o
 .ARM.attributes
                0x0000055c       0x31 ./Generated_Code/ASerialLdd2.o
 .ARM.attributes
                0x0000058d       0x31 ./Generated_Code/ASerialLdd1.o
 .ARM.attributes
                0x000005be       0x31 ./Generated_Code/AD1.o
 .ARM.attributes
                0x000005ef       0x31 ./Project_Settings/Startup_Code/__arm_start.o
 .ARM.attributes
                0x00000620       0x31 ./Project_Settings/Startup_Code/__arm_end.o
 .ARM.attributes
                0x00000651       0x31 ./Sources/main.o
 .ARM.attributes
                0x00000682       0x31 ./Sources/Events.o
 .ARM.attributes
                0x000006b3       0x31 C:/Freescale/CW MCU v10.7/MCU/ARM_GCC_Support/ewl/lib/armv6-m\libc.a(exit.o)
 .ARM.attributes
                0x000006e4       0x31 C:/Freescale/CW MCU v10.7/MCU/ARM_GCC_Support/ewl/lib/armv6-m\libc.a(strchr.o)
 .ARM.attributes
                0x00000715       0x31 C:/Freescale/CW MCU v10.7/MCU/ARM_GCC_Support/ewl/lib/armv6-m\libc.a(memset.o)
 .ARM.attributes
                0x00000746       0x31 C:/Freescale/CW MCU v10.7/MCU/ARM_GCC_Support/ewl/lib/armv6-m\libc.a(strncmp.o)
 .ARM.attributes
                0x00000777       0x31 C:/Freescale/CW MCU v10.7/MCU/ARM_GCC_Support/ewl/lib/armv6-m\libc.a(__filll_mem.o)
 .ARM.attributes
                0x000007a8       0x31 C:/Freescale/CW MCU v10.7/MCU/ARM_GCC_Support/ewl/lib/armv6-m\libc.a(strcmp.o)
 .ARM.attributes
                0x000007d9       0x31 C:/Freescale/CW MCU v10.7/MCU/ARM_GCC_Support/ewl/lib/armv6-m\libc.a(strlen.o)
 .ARM.attributes
                0x0000080a       0x31 C:/Freescale/CW MCU v10.7/MCU/ARM_GCC_Support/ewl/lib/armv6-m\libc.a(printformat_.o)
 .ARM.attributes
                0x0000083b       0x31 C:/Freescale/CW MCU v10.7/MCU/ARM_GCC_Support/ewl/lib/armv6-m\libc.a(scanformat_.o)
 .ARM.attributes
                0x0000086c       0x31 C:/Freescale/CW MCU v10.7/MCU/ARM_GCC_Support/ewl/lib/armv6-m\libc.a(ctype_aeabi.o)
 .ARM.attributes
                0x0000089d       0x31 C:/Freescale/CW MCU v10.7/MCU/ARM_GCC_Support/ewl/lib/armv6-m\libc.a(__strtoul.o)
 .ARM.attributes
                0x000008ce       0x31 C:/Freescale/CW MCU v10.7/MCU/ARM_GCC_Support/ewl/lib/armv6-m\libc.a(memcpy.o)
 .ARM.attributes
                0x000008ff       0x31 C:/Freescale/CW MCU v10.7/MCU/ARM_GCC_Support/ewl/lib/armv6-m\libc.a(memchr.o)
 .ARM.attributes
                0x00000930       0x1e c:/freescale/cw mcu v10.7/cross_tools/arm-none-eabi-gcc-4_7_3/bin/../lib/gcc/arm-none-eabi/4.7.3/armv6-m\libgcc.a(_thumb1_case_sqi.o)
 .ARM.attributes
                0x0000094e       0x1e c:/freescale/cw mcu v10.7/cross_tools/arm-none-eabi-gcc-4_7_3/bin/../lib/gcc/arm-none-eabi/4.7.3/armv6-m\libgcc.a(_thumb1_case_uqi.o)
 .ARM.attributes
                0x0000096c       0x1e c:/freescale/cw mcu v10.7/cross_tools/arm-none-eabi-gcc-4_7_3/bin/../lib/gcc/arm-none-eabi/4.7.3/armv6-m\libgcc.a(_udivsi3.o)
 .ARM.attributes
                0x0000098a       0x1e c:/freescale/cw mcu v10.7/cross_tools/arm-none-eabi-gcc-4_7_3/bin/../lib/gcc/arm-none-eabi/4.7.3/armv6-m\libgcc.a(_divsi3.o)
 .ARM.attributes
                0x000009a8       0x1e c:/freescale/cw mcu v10.7/cross_tools/arm-none-eabi-gcc-4_7_3/bin/../lib/gcc/arm-none-eabi/4.7.3/armv6-m\libgcc.a(_dvmd_tls.o)
 .ARM.attributes
                0x000009c6       0x31 C:/Freescale/CW MCU v10.7/MCU/ARM_GCC_Support/ewl/lib/armv6-m\librt.a(gcc_ctor_dtor.o)
 .ARM.attributes
                0x000009f7       0x31 C:/Freescale/CW MCU v10.7/MCU/ARM_GCC_Support/ewl/lib/armv6-m\librt.a(__arm_eabi_init.o)
 .ARM.attributes
                0x00000a28       0x31 C:/Freescale/CW MCU v10.7/MCU/ARM_GCC_Support/ewl/lib/armv6-m\librt.a(ROMCopy.o)
OUTPUT(Experimento3-Display.elf elf32-littlearm)

.debug_info     0x00000000     0xbb54
 .debug_info    0x00000000      0x4fb ./Generated_Code/Wifi.o
 .debug_info    0x000004fb      0x168 ./Generated_Code/WAIT1.o
 .debug_info    0x00000663      0x10b ./Generated_Code/Vectors.o
 .debug_info    0x0000076e     0x1bed ./Generated_Code/UTIL1.o
 .debug_info    0x0000235b      0x178 ./Generated_Code/TimerIntLdd1.o
 .debug_info    0x000024d3      0x6f1 ./Generated_Code/TU2.o
 .debug_info    0x00002bc4      0x4ec ./Generated_Code/TU1.o
 .debug_info    0x000030b0       0xae ./Generated_Code/TI1.o
 .debug_info    0x0000315e      0x74d ./Generated_Code/SM1.o
 .debug_info    0x000038ab      0x3c3 ./Generated_Code/SCEpin1.o
 .debug_info    0x00003c6e      0x75e ./Generated_Code/RTC1.o
 .debug_info    0x000043cc      0x3c3 ./Generated_Code/RESpin1.o
 .debug_info    0x0000478f      0x2cc ./Generated_Code/PwmLdd1.o
 .debug_info    0x00004a5b      0x255 ./Generated_Code/PE_LDD.o
 .debug_info    0x00004cb0      0x4d7 ./Generated_Code/PC.o
 .debug_info    0x00005187       0xa0 ./Generated_Code/MCUC1.o
 .debug_info    0x00005227      0x3a9 ./Generated_Code/ExtIntLdd3.o
 .debug_info    0x000055d0      0x3a9 ./Generated_Code/ExtIntLdd2.o
 .debug_info    0x00005979      0x3a9 ./Generated_Code/ExtIntLdd1.o
 .debug_info    0x00005d22      0x5ad ./Generated_Code/Display.o
 .debug_info    0x000062cf      0x3c3 ./Generated_Code/D_Cpin1.o
 .debug_info    0x00006692      0x97c ./Generated_Code/Cpu.o
 .debug_info    0x0000700e       0xae ./Generated_Code/C3.o
 .debug_info    0x000070bc       0xae ./Generated_Code/C2.o
 .debug_info    0x0000716a       0xae ./Generated_Code/C1.o
 .debug_info    0x00007218      0x31e ./Generated_Code/BitIoLdd2.o
 .debug_info    0x00007536      0x31e ./Generated_Code/BitIoLdd1.o
 .debug_info    0x00007854      0x969 ./Generated_Code/AdcLdd1.o
 .debug_info    0x000081bd      0x866 ./Generated_Code/ASerialLdd2.o
 .debug_info    0x00008a23      0x892 ./Generated_Code/ASerialLdd1.o
 .debug_info    0x000092b5      0x244 ./Generated_Code/AD1.o
 .debug_info    0x000094f9      0x12a ./Project_Settings/Startup_Code/__arm_start.o
 .debug_info    0x00009623       0x54 ./Project_Settings/Startup_Code/__arm_end.o
 .debug_info    0x00009677      0x445 ./Sources/main.o
 .debug_info    0x00009abc      0x22b ./Sources/Events.o
 .debug_info    0x00009ce7       0xe8 C:/Freescale/CW MCU v10.7/MCU/ARM_GCC_Support/ewl/lib/armv6-m\libc.a(exit.o)
 .debug_info    0x00009dcf      0x10b C:/Freescale/CW MCU v10.7/MCU/ARM_GCC_Support/ewl/lib/armv6-m\libc.a(strchr.o)
 .debug_info    0x00009eda       0xec C:/Freescale/CW MCU v10.7/MCU/ARM_GCC_Support/ewl/lib/armv6-m\libc.a(memset.o)
 .debug_info    0x00009fc6      0x141 C:/Freescale/CW MCU v10.7/MCU/ARM_GCC_Support/ewl/lib/armv6-m\libc.a(strncmp.o)
 .debug_info    0x0000a107      0x137 C:/Freescale/CW MCU v10.7/MCU/ARM_GCC_Support/ewl/lib/armv6-m\libc.a(__filll_mem.o)
 .debug_info    0x0000a23e      0x114 C:/Freescale/CW MCU v10.7/MCU/ARM_GCC_Support/ewl/lib/armv6-m\libc.a(strcmp.o)
 .debug_info    0x0000a352       0xea C:/Freescale/CW MCU v10.7/MCU/ARM_GCC_Support/ewl/lib/armv6-m\libc.a(strlen.o)
 .debug_info    0x0000a43c      0x50d C:/Freescale/CW MCU v10.7/MCU/ARM_GCC_Support/ewl/lib/armv6-m\libc.a(printformat_.o)
 .debug_info    0x0000a949      0x568 C:/Freescale/CW MCU v10.7/MCU/ARM_GCC_Support/ewl/lib/armv6-m\libc.a(scanformat_.o)
 .debug_info    0x0000aeb1      0x313 C:/Freescale/CW MCU v10.7/MCU/ARM_GCC_Support/ewl/lib/armv6-m\libc.a(ctype_aeabi.o)
 .debug_info    0x0000b1c4      0x1d6 C:/Freescale/CW MCU v10.7/MCU/ARM_GCC_Support/ewl/lib/armv6-m\libc.a(__strtoul.o)
 .debug_info    0x0000b39a      0x10f C:/Freescale/CW MCU v10.7/MCU/ARM_GCC_Support/ewl/lib/armv6-m\libc.a(memcpy.o)
 .debug_info    0x0000b4a9      0x121 C:/Freescale/CW MCU v10.7/MCU/ARM_GCC_Support/ewl/lib/armv6-m\libc.a(memchr.o)
 .debug_info    0x0000b5ca      0x136 C:/Freescale/CW MCU v10.7/MCU/ARM_GCC_Support/ewl/lib/armv6-m\librt.a(gcc_ctor_dtor.o)
 .debug_info    0x0000b700      0x2b9 C:/Freescale/CW MCU v10.7/MCU/ARM_GCC_Support/ewl/lib/armv6-m\librt.a(__arm_eabi_init.o)
 .debug_info    0x0000b9b9      0x19b C:/Freescale/CW MCU v10.7/MCU/ARM_GCC_Support/ewl/lib/armv6-m\librt.a(ROMCopy.o)

.debug_abbrev   0x00000000     0x32ab
 .debug_abbrev  0x00000000      0x16d ./Generated_Code/Wifi.o
 .debug_abbrev  0x0000016d       0xba ./Generated_Code/WAIT1.o
 .debug_abbrev  0x00000227       0xa3 ./Generated_Code/Vectors.o
 .debug_abbrev  0x000002ca      0x164 ./Generated_Code/UTIL1.o
 .debug_abbrev  0x0000042e       0xd2 ./Generated_Code/TimerIntLdd1.o
 .debug_abbrev  0x00000500      0x17e ./Generated_Code/TU2.o
 .debug_abbrev  0x0000067e      0x134 ./Generated_Code/TU1.o
 .debug_abbrev  0x000007b2       0x60 ./Generated_Code/TI1.o
 .debug_abbrev  0x00000812      0x174 ./Generated_Code/SM1.o
 .debug_abbrev  0x00000986      0x151 ./Generated_Code/SCEpin1.o
 .debug_abbrev  0x00000ad7      0x1b4 ./Generated_Code/RTC1.o
 .debug_abbrev  0x00000c8b      0x151 ./Generated_Code/RESpin1.o
 .debug_abbrev  0x00000ddc      0x114 ./Generated_Code/PwmLdd1.o
 .debug_abbrev  0x00000ef0      0x102 ./Generated_Code/PE_LDD.o
 .debug_abbrev  0x00000ff2      0x16d ./Generated_Code/PC.o
 .debug_abbrev  0x0000115f       0x3d ./Generated_Code/MCUC1.o
 .debug_abbrev  0x0000119c      0x134 ./Generated_Code/ExtIntLdd3.o
 .debug_abbrev  0x000012d0      0x134 ./Generated_Code/ExtIntLdd2.o
 .debug_abbrev  0x00001404      0x134 ./Generated_Code/ExtIntLdd1.o
 .debug_abbrev  0x00001538      0x170 ./Generated_Code/Display.o
 .debug_abbrev  0x000016a8      0x151 ./Generated_Code/D_Cpin1.o
 .debug_abbrev  0x000017f9      0x122 ./Generated_Code/Cpu.o
 .debug_abbrev  0x0000191b       0x60 ./Generated_Code/C3.o
 .debug_abbrev  0x0000197b       0x60 ./Generated_Code/C2.o
 .debug_abbrev  0x000019db       0x60 ./Generated_Code/C1.o
 .debug_abbrev  0x00001a3b      0x11c ./Generated_Code/BitIoLdd2.o
 .debug_abbrev  0x00001b57      0x11c ./Generated_Code/BitIoLdd1.o
 .debug_abbrev  0x00001c73      0x1a6 ./Generated_Code/AdcLdd1.o
 .debug_abbrev  0x00001e19      0x189 ./Generated_Code/ASerialLdd2.o
 .debug_abbrev  0x00001fa2      0x189 ./Generated_Code/ASerialLdd1.o
 .debug_abbrev  0x0000212b      0x123 ./Generated_Code/AD1.o
 .debug_abbrev  0x0000224e       0x92 ./Project_Settings/Startup_Code/__arm_start.o
 .debug_abbrev  0x000022e0       0x4c ./Project_Settings/Startup_Code/__arm_end.o
 .debug_abbrev  0x0000232c      0x13c ./Sources/main.o
 .debug_abbrev  0x00002468       0xf4 ./Sources/Events.o
 .debug_abbrev  0x0000255c       0x7a C:/Freescale/CW MCU v10.7/MCU/ARM_GCC_Support/ewl/lib/armv6-m\libc.a(exit.o)
 .debug_abbrev  0x000025d6       0x7a C:/Freescale/CW MCU v10.7/MCU/ARM_GCC_Support/ewl/lib/armv6-m\libc.a(strchr.o)
 .debug_abbrev  0x00002650       0x62 C:/Freescale/CW MCU v10.7/MCU/ARM_GCC_Support/ewl/lib/armv6-m\libc.a(memset.o)
 .debug_abbrev  0x000026b2       0x98 C:/Freescale/CW MCU v10.7/MCU/ARM_GCC_Support/ewl/lib/armv6-m\libc.a(strncmp.o)
 .debug_abbrev  0x0000274a       0x78 C:/Freescale/CW MCU v10.7/MCU/ARM_GCC_Support/ewl/lib/armv6-m\libc.a(__filll_mem.o)
 .debug_abbrev  0x000027c2       0x89 C:/Freescale/CW MCU v10.7/MCU/ARM_GCC_Support/ewl/lib/armv6-m\libc.a(strcmp.o)
 .debug_abbrev  0x0000284b       0x7a C:/Freescale/CW MCU v10.7/MCU/ARM_GCC_Support/ewl/lib/armv6-m\libc.a(strlen.o)
 .debug_abbrev  0x000028c5      0x200 C:/Freescale/CW MCU v10.7/MCU/ARM_GCC_Support/ewl/lib/armv6-m\libc.a(printformat_.o)
 .debug_abbrev  0x00002ac5      0x1f0 C:/Freescale/CW MCU v10.7/MCU/ARM_GCC_Support/ewl/lib/armv6-m\libc.a(scanformat_.o)
 .debug_abbrev  0x00002cb5       0x9e C:/Freescale/CW MCU v10.7/MCU/ARM_GCC_Support/ewl/lib/armv6-m\libc.a(ctype_aeabi.o)
 .debug_abbrev  0x00002d53       0xc2 C:/Freescale/CW MCU v10.7/MCU/ARM_GCC_Support/ewl/lib/armv6-m\libc.a(__strtoul.o)
 .debug_abbrev  0x00002e15       0x95 C:/Freescale/CW MCU v10.7/MCU/ARM_GCC_Support/ewl/lib/armv6-m\libc.a(memcpy.o)
 .debug_abbrev  0x00002eaa       0x95 C:/Freescale/CW MCU v10.7/MCU/ARM_GCC_Support/ewl/lib/armv6-m\libc.a(memchr.o)
 .debug_abbrev  0x00002f3f       0x99 C:/Freescale/CW MCU v10.7/MCU/ARM_GCC_Support/ewl/lib/armv6-m\librt.a(gcc_ctor_dtor.o)
 .debug_abbrev  0x00002fd8      0x1b3 C:/Freescale/CW MCU v10.7/MCU/ARM_GCC_Support/ewl/lib/armv6-m\librt.a(__arm_eabi_init.o)
 .debug_abbrev  0x0000318b      0x120 C:/Freescale/CW MCU v10.7/MCU/ARM_GCC_Support/ewl/lib/armv6-m\librt.a(ROMCopy.o)

.debug_loc      0x00000000     0x5c97
 .debug_loc     0x00000000      0x2e0 ./Generated_Code/Wifi.o
 .debug_loc     0x000002e0      0x100 ./Generated_Code/WAIT1.o
 .debug_loc     0x000003e0      0xf71 ./Generated_Code/UTIL1.o
 .debug_loc     0x00001351       0x70 ./Generated_Code/TimerIntLdd1.o
 .debug_loc     0x000013c1      0x150 ./Generated_Code/TU2.o
 .debug_loc     0x00001511       0x70 ./Generated_Code/TU1.o
 .debug_loc     0x00001581       0x38 ./Generated_Code/TI1.o
 .debug_loc     0x000015b9       0xe0 ./Generated_Code/SM1.o
 .debug_loc     0x00001699      0x150 ./Generated_Code/SCEpin1.o
 .debug_loc     0x000017e9      0x150 ./Generated_Code/RTC1.o
 .debug_loc     0x00001939      0x150 ./Generated_Code/RESpin1.o
 .debug_loc     0x00001a89      0x118 ./Generated_Code/PwmLdd1.o
 .debug_loc     0x00001ba1       0x9c ./Generated_Code/PE_LDD.o
 .debug_loc     0x00001c3d      0x2e0 ./Generated_Code/PC.o
 .debug_loc     0x00001f1d       0x58 ./Generated_Code/MCUC1.o
 .debug_loc     0x00001f75       0xa8 ./Generated_Code/ExtIntLdd3.o
 .debug_loc     0x0000201d       0xa8 ./Generated_Code/ExtIntLdd2.o
 .debug_loc     0x000020c5       0xa8 ./Generated_Code/ExtIntLdd1.o
 .debug_loc     0x0000216d      0x47c ./Generated_Code/Display.o
 .debug_loc     0x000025e9      0x150 ./Generated_Code/D_Cpin1.o
 .debug_loc     0x00002739       0xdc ./Generated_Code/Cpu.o
 .debug_loc     0x00002815       0x38 ./Generated_Code/C3.o
 .debug_loc     0x0000284d       0x38 ./Generated_Code/C2.o
 .debug_loc     0x00002885       0x38 ./Generated_Code/C1.o
 .debug_loc     0x000028bd       0xa8 ./Generated_Code/BitIoLdd2.o
 .debug_loc     0x00002965       0xa8 ./Generated_Code/BitIoLdd1.o
 .debug_loc     0x00002a0d      0x1f8 ./Generated_Code/AdcLdd1.o
 .debug_loc     0x00002c05      0x194 ./Generated_Code/ASerialLdd2.o
 .debug_loc     0x00002d99      0x194 ./Generated_Code/ASerialLdd1.o
 .debug_loc     0x00002f2d      0x138 ./Generated_Code/AD1.o
 .debug_loc     0x00003065       0x2c ./Project_Settings/Startup_Code/__arm_start.o
 .debug_loc     0x00003091       0x38 ./Project_Settings/Startup_Code/__arm_end.o
 .debug_loc     0x000030c9      0x18a ./Sources/main.o
 .debug_loc     0x00003253      0x208 ./Sources/Events.o
 .debug_loc     0x0000345b       0x3e C:/Freescale/CW MCU v10.7/MCU/ARM_GCC_Support/ewl/lib/armv6-m\libc.a(exit.o)
 .debug_loc     0x00003499       0xaf C:/Freescale/CW MCU v10.7/MCU/ARM_GCC_Support/ewl/lib/armv6-m\libc.a(strchr.o)
 .debug_loc     0x00003548       0x6f C:/Freescale/CW MCU v10.7/MCU/ARM_GCC_Support/ewl/lib/armv6-m\libc.a(memset.o)
 .debug_loc     0x000035b7       0xed C:/Freescale/CW MCU v10.7/MCU/ARM_GCC_Support/ewl/lib/armv6-m\libc.a(strncmp.o)
 .debug_loc     0x000036a4      0x14a C:/Freescale/CW MCU v10.7/MCU/ARM_GCC_Support/ewl/lib/armv6-m\libc.a(__filll_mem.o)
 .debug_loc     0x000037ee       0x64 C:/Freescale/CW MCU v10.7/MCU/ARM_GCC_Support/ewl/lib/armv6-m\libc.a(strcmp.o)
 .debug_loc     0x00003852       0x33 C:/Freescale/CW MCU v10.7/MCU/ARM_GCC_Support/ewl/lib/armv6-m\libc.a(strlen.o)
 .debug_loc     0x00003885     0x104b C:/Freescale/CW MCU v10.7/MCU/ARM_GCC_Support/ewl/lib/armv6-m\libc.a(printformat_.o)
 .debug_loc     0x000048d0      0x9d8 C:/Freescale/CW MCU v10.7/MCU/ARM_GCC_Support/ewl/lib/armv6-m\libc.a(scanformat_.o)
 .debug_loc     0x000052a8      0x30d C:/Freescale/CW MCU v10.7/MCU/ARM_GCC_Support/ewl/lib/armv6-m\libc.a(ctype_aeabi.o)
 .debug_loc     0x000055b5      0x305 C:/Freescale/CW MCU v10.7/MCU/ARM_GCC_Support/ewl/lib/armv6-m\libc.a(__strtoul.o)
 .debug_loc     0x000058ba       0x59 C:/Freescale/CW MCU v10.7/MCU/ARM_GCC_Support/ewl/lib/armv6-m\libc.a(memcpy.o)
 .debug_loc     0x00005913       0x77 C:/Freescale/CW MCU v10.7/MCU/ARM_GCC_Support/ewl/lib/armv6-m\libc.a(memchr.o)
 .debug_loc     0x0000598a       0x9d C:/Freescale/CW MCU v10.7/MCU/ARM_GCC_Support/ewl/lib/armv6-m\librt.a(gcc_ctor_dtor.o)
 .debug_loc     0x00005a27      0x197 C:/Freescale/CW MCU v10.7/MCU/ARM_GCC_Support/ewl/lib/armv6-m\librt.a(__arm_eabi_init.o)
 .debug_loc     0x00005bbe       0xd9 C:/Freescale/CW MCU v10.7/MCU/ARM_GCC_Support/ewl/lib/armv6-m\librt.a(ROMCopy.o)

.debug_aranges  0x00000000      0xde0
 .debug_aranges
                0x00000000       0x88 ./Generated_Code/Wifi.o
 .debug_aranges
                0x00000088       0x50 ./Generated_Code/WAIT1.o
 .debug_aranges
                0x000000d8       0x18 ./Generated_Code/Vectors.o
 .debug_aranges
                0x000000f0      0x250 ./Generated_Code/UTIL1.o
 .debug_aranges
                0x00000340       0x28 ./Generated_Code/TimerIntLdd1.o
 .debug_aranges
                0x00000368       0x48 ./Generated_Code/TU2.o
 .debug_aranges
                0x000003b0       0x28 ./Generated_Code/TU1.o
 .debug_aranges
                0x000003d8       0x20 ./Generated_Code/TI1.o
 .debug_aranges
                0x000003f8       0x38 ./Generated_Code/SM1.o
 .debug_aranges
                0x00000430       0x48 ./Generated_Code/SCEpin1.o
 .debug_aranges
                0x00000478       0x48 ./Generated_Code/RTC1.o
 .debug_aranges
                0x000004c0       0x48 ./Generated_Code/RESpin1.o
 .debug_aranges
                0x00000508       0x40 ./Generated_Code/PwmLdd1.o
 .debug_aranges
                0x00000548       0x30 ./Generated_Code/PE_LDD.o
 .debug_aranges
                0x00000578       0x88 ./Generated_Code/PC.o
 .debug_aranges
                0x00000600       0x28 ./Generated_Code/MCUC1.o
 .debug_aranges
                0x00000628       0x30 ./Generated_Code/ExtIntLdd3.o
 .debug_aranges
                0x00000658       0x30 ./Generated_Code/ExtIntLdd2.o
 .debug_aranges
                0x00000688       0x30 ./Generated_Code/ExtIntLdd1.o
 .debug_aranges
                0x000006b8       0xc8 ./Generated_Code/Display.o
 .debug_aranges
                0x00000780       0x48 ./Generated_Code/D_Cpin1.o
 .debug_aranges
                0x000007c8       0x40 ./Generated_Code/Cpu.o
 .debug_aranges
                0x00000808       0x20 ./Generated_Code/C3.o
 .debug_aranges
                0x00000828       0x20 ./Generated_Code/C2.o
 .debug_aranges
                0x00000848       0x20 ./Generated_Code/C1.o
 .debug_aranges
                0x00000868       0x30 ./Generated_Code/BitIoLdd2.o
 .debug_aranges
                0x00000898       0x30 ./Generated_Code/BitIoLdd1.o
 .debug_aranges
                0x000008c8       0x60 ./Generated_Code/AdcLdd1.o
 .debug_aranges
                0x00000928       0x50 ./Generated_Code/ASerialLdd2.o
 .debug_aranges
                0x00000978       0x50 ./Generated_Code/ASerialLdd1.o
 .debug_aranges
                0x000009c8       0x48 ./Generated_Code/AD1.o
 .debug_aranges
                0x00000a10       0x30 ./Project_Settings/Startup_Code/__arm_start.o
 .debug_aranges
                0x00000a40       0x20 ./Project_Settings/Startup_Code/__arm_end.o
 .debug_aranges
                0x00000a60       0x50 ./Sources/main.o
 .debug_aranges
                0x00000ab0       0x70 ./Sources/Events.o
 .debug_aranges
                0x00000b20       0x20 C:/Freescale/CW MCU v10.7/MCU/ARM_GCC_Support/ewl/lib/armv6-m\libc.a(exit.o)
 .debug_aranges
                0x00000b40       0x20 C:/Freescale/CW MCU v10.7/MCU/ARM_GCC_Support/ewl/lib/armv6-m\libc.a(strchr.o)
 .debug_aranges
                0x00000b60       0x20 C:/Freescale/CW MCU v10.7/MCU/ARM_GCC_Support/ewl/lib/armv6-m\libc.a(memset.o)
 .debug_aranges
                0x00000b80       0x20 C:/Freescale/CW MCU v10.7/MCU/ARM_GCC_Support/ewl/lib/armv6-m\libc.a(strncmp.o)
 .debug_aranges
                0x00000ba0       0x20 C:/Freescale/CW MCU v10.7/MCU/ARM_GCC_Support/ewl/lib/armv6-m\libc.a(__filll_mem.o)
 .debug_aranges
                0x00000bc0       0x20 C:/Freescale/CW MCU v10.7/MCU/ARM_GCC_Support/ewl/lib/armv6-m\libc.a(strcmp.o)
 .debug_aranges
                0x00000be0       0x20 C:/Freescale/CW MCU v10.7/MCU/ARM_GCC_Support/ewl/lib/armv6-m\libc.a(strlen.o)
 .debug_aranges
                0x00000c00       0x28 C:/Freescale/CW MCU v10.7/MCU/ARM_GCC_Support/ewl/lib/armv6-m\libc.a(printformat_.o)
 .debug_aranges
                0x00000c28       0x20 C:/Freescale/CW MCU v10.7/MCU/ARM_GCC_Support/ewl/lib/armv6-m\libc.a(scanformat_.o)
 .debug_aranges
                0x00000c48       0x88 C:/Freescale/CW MCU v10.7/MCU/ARM_GCC_Support/ewl/lib/armv6-m\libc.a(ctype_aeabi.o)
 .debug_aranges
                0x00000cd0       0x20 C:/Freescale/CW MCU v10.7/MCU/ARM_GCC_Support/ewl/lib/armv6-m\libc.a(__strtoul.o)
 .debug_aranges
                0x00000cf0       0x20 C:/Freescale/CW MCU v10.7/MCU/ARM_GCC_Support/ewl/lib/armv6-m\libc.a(memcpy.o)
 .debug_aranges
                0x00000d10       0x20 C:/Freescale/CW MCU v10.7/MCU/ARM_GCC_Support/ewl/lib/armv6-m\libc.a(memchr.o)
 .debug_aranges
                0x00000d30       0x28 C:/Freescale/CW MCU v10.7/MCU/ARM_GCC_Support/ewl/lib/armv6-m\librt.a(gcc_ctor_dtor.o)
 .debug_aranges
                0x00000d58       0x58 C:/Freescale/CW MCU v10.7/MCU/ARM_GCC_Support/ewl/lib/armv6-m\librt.a(__arm_eabi_init.o)
 .debug_aranges
                0x00000db0       0x30 C:/Freescale/CW MCU v10.7/MCU/ARM_GCC_Support/ewl/lib/armv6-m\librt.a(ROMCopy.o)

.debug_macinfo  0x00000000   0x748b5d
 .debug_macinfo
                0x00000000    0x42eb0 ./Generated_Code/Wifi.o
 .debug_macinfo
                0x00042eb0    0x2eb8e ./Generated_Code/WAIT1.o
 .debug_macinfo
                0x00071a3e    0x42d96 ./Generated_Code/Vectors.o
 .debug_macinfo
                0x000b47d4    0x2eb74 ./Generated_Code/UTIL1.o
 .debug_macinfo
                0x000e3348    0x2fe41 ./Generated_Code/TimerIntLdd1.o
 .debug_macinfo
                0x00113189    0x300d3 ./Generated_Code/TU2.o
 .debug_macinfo
                0x0014325c    0x2fe39 ./Generated_Code/TU1.o
 .debug_macinfo
                0x00173095    0x42d67 ./Generated_Code/TI1.o
 .debug_macinfo
                0x001b5dfc    0x42e0f ./Generated_Code/SM1.o
 .debug_macinfo
                0x001f8c0b    0x2ee47 ./Generated_Code/SCEpin1.o
 .debug_macinfo
                0x00227a52    0x462a6 ./Generated_Code/RTC1.o
 .debug_macinfo
                0x0026dcf8    0x2ee47 ./Generated_Code/RESpin1.o
 .debug_macinfo
                0x0029cb3f    0x30201 ./Generated_Code/PwmLdd1.o
 .debug_macinfo
                0x002ccd40    0x42d0a ./Generated_Code/PE_LDD.o
 .debug_macinfo
                0x0030fa4a    0x2e291 ./Generated_Code/PC.o
 .debug_macinfo
                0x0033dcdb    0x2e733 ./Generated_Code/MCUC1.o
 .debug_macinfo
                0x0036c40e    0x3256f ./Generated_Code/ExtIntLdd3.o
 .debug_macinfo
                0x0039e97d    0x3256f ./Generated_Code/ExtIntLdd2.o
 .debug_macinfo
                0x003d0eec    0x3256d ./Generated_Code/ExtIntLdd1.o
 .debug_macinfo
                0x00403459    0x35e82 ./Generated_Code/Display.o
 .debug_macinfo
                0x004392db    0x2ee47 ./Generated_Code/D_Cpin1.o
 .debug_macinfo
                0x00468122    0x42d96 ./Generated_Code/Cpu.o
 .debug_macinfo
                0x004aaeb8    0x42d67 ./Generated_Code/C3.o
 .debug_macinfo
                0x004edc1f    0x42d67 ./Generated_Code/C2.o
 .debug_macinfo
                0x00530986    0x42d67 ./Generated_Code/C1.o
 .debug_macinfo
                0x005736ed    0x2ee5f ./Generated_Code/BitIoLdd2.o
 .debug_macinfo
                0x005a254c    0x2ee5f ./Generated_Code/BitIoLdd1.o
 .debug_macinfo
                0x005d13ab    0x33544 ./Generated_Code/AdcLdd1.o
 .debug_macinfo
                0x006048ef    0x3c107 ./Generated_Code/ASerialLdd2.o
 .debug_macinfo
                0x006409f6    0x3861c ./Generated_Code/ASerialLdd1.o
 .debug_macinfo
                0x00679012    0x42dba ./Generated_Code/AD1.o
 .debug_macinfo
                0x006bbdcc     0x3e6d ./Project_Settings/Startup_Code/__arm_start.o
 .debug_macinfo
                0x006bfc39     0x3456 ./Project_Settings/Startup_Code/__arm_end.o
 .debug_macinfo
                0x006c308f    0x42d67 ./Sources/main.o
 .debug_macinfo
                0x00705df6    0x42d67 ./Sources/Events.o

.debug_line     0x00000000     0xa897
 .debug_line    0x00000000      0x743 ./Generated_Code/Wifi.o
 .debug_line    0x00000743      0x2c8 ./Generated_Code/WAIT1.o
 .debug_line    0x00000a0b      0x6f8 ./Generated_Code/Vectors.o
 .debug_line    0x00001103      0xb1b ./Generated_Code/UTIL1.o
 .debug_line    0x00001c1e      0x2b5 ./Generated_Code/TimerIntLdd1.o
 .debug_line    0x00001ed3      0x318 ./Generated_Code/TU2.o
 .debug_line    0x000021eb      0x2b3 ./Generated_Code/TU1.o
 .debug_line    0x0000249e      0x567 ./Generated_Code/TI1.o
 .debug_line    0x00002a05      0x5ed ./Generated_Code/SM1.o
 .debug_line    0x00002ff2      0x2e1 ./Generated_Code/SCEpin1.o
 .debug_line    0x000032d3      0x625 ./Generated_Code/RTC1.o
 .debug_line    0x000038f8      0x2e1 ./Generated_Code/RESpin1.o
 .debug_line    0x00003bd9      0x2ee ./Generated_Code/PwmLdd1.o
 .debug_line    0x00003ec7      0x506 ./Generated_Code/PE_LDD.o
 .debug_line    0x000043cd      0x3a6 ./Generated_Code/PC.o
 .debug_line    0x00004773      0x23b ./Generated_Code/MCUC1.o
 .debug_line    0x000049ae      0x2ca ./Generated_Code/ExtIntLdd3.o
 .debug_line    0x00004c78      0x2ca ./Generated_Code/ExtIntLdd2.o
 .debug_line    0x00004f42      0x2ca ./Generated_Code/ExtIntLdd1.o
 .debug_line    0x0000520c      0x4e8 ./Generated_Code/Display.o
 .debug_line    0x000056f4      0x2e1 ./Generated_Code/D_Cpin1.o
 .debug_line    0x000059d5      0x789 ./Generated_Code/Cpu.o
 .debug_line    0x0000615e      0x565 ./Generated_Code/C3.o
 .debug_line    0x000066c3      0x565 ./Generated_Code/C2.o
 .debug_line    0x00006c28      0x565 ./Generated_Code/C1.o
 .debug_line    0x0000718d      0x2aa ./Generated_Code/BitIoLdd2.o
 .debug_line    0x00007437      0x2aa ./Generated_Code/BitIoLdd1.o
 .debug_line    0x000076e1      0x366 ./Generated_Code/AdcLdd1.o
 .debug_line    0x00007a47      0x379 ./Generated_Code/ASerialLdd2.o
 .debug_line    0x00007dc0      0x37d ./Generated_Code/ASerialLdd1.o
 .debug_line    0x0000813d      0x5e9 ./Generated_Code/AD1.o
 .debug_line    0x00008726      0x2aa ./Project_Settings/Startup_Code/__arm_start.o
 .debug_line    0x000089d0      0x265 ./Project_Settings/Startup_Code/__arm_end.o
 .debug_line    0x00008c35      0x6ab ./Sources/main.o
 .debug_line    0x000092e0      0x5cb ./Sources/Events.o
 .debug_line    0x000098ab       0x8d C:/Freescale/CW MCU v10.7/MCU/ARM_GCC_Support/ewl/lib/armv6-m\libc.a(exit.o)
 .debug_line    0x00009938       0x7d C:/Freescale/CW MCU v10.7/MCU/ARM_GCC_Support/ewl/lib/armv6-m\libc.a(strchr.o)
 .debug_line    0x000099b5       0x90 C:/Freescale/CW MCU v10.7/MCU/ARM_GCC_Support/ewl/lib/armv6-m\libc.a(memset.o)
 .debug_line    0x00009a45       0x8d C:/Freescale/CW MCU v10.7/MCU/ARM_GCC_Support/ewl/lib/armv6-m\libc.a(strncmp.o)
 .debug_line    0x00009ad2       0xf6 C:/Freescale/CW MCU v10.7/MCU/ARM_GCC_Support/ewl/lib/armv6-m\libc.a(__filll_mem.o)
 .debug_line    0x00009bc8       0x83 C:/Freescale/CW MCU v10.7/MCU/ARM_GCC_Support/ewl/lib/armv6-m\libc.a(strcmp.o)
 .debug_line    0x00009c4b       0x85 C:/Freescale/CW MCU v10.7/MCU/ARM_GCC_Support/ewl/lib/armv6-m\libc.a(strlen.o)
 .debug_line    0x00009cd0      0x2c3 C:/Freescale/CW MCU v10.7/MCU/ARM_GCC_Support/ewl/lib/armv6-m\libc.a(printformat_.o)
 .debug_line    0x00009f93      0x2be C:/Freescale/CW MCU v10.7/MCU/ARM_GCC_Support/ewl/lib/armv6-m\libc.a(scanformat_.o)
 .debug_line    0x0000a251      0x1be C:/Freescale/CW MCU v10.7/MCU/ARM_GCC_Support/ewl/lib/armv6-m\libc.a(ctype_aeabi.o)
 .debug_line    0x0000a40f      0x11e C:/Freescale/CW MCU v10.7/MCU/ARM_GCC_Support/ewl/lib/armv6-m\libc.a(__strtoul.o)
 .debug_line    0x0000a52d       0x8b C:/Freescale/CW MCU v10.7/MCU/ARM_GCC_Support/ewl/lib/armv6-m\libc.a(memcpy.o)
 .debug_line    0x0000a5b8       0x9f C:/Freescale/CW MCU v10.7/MCU/ARM_GCC_Support/ewl/lib/armv6-m\libc.a(memchr.o)
 .debug_line    0x0000a657       0x6c C:/Freescale/CW MCU v10.7/MCU/ARM_GCC_Support/ewl/lib/armv6-m\librt.a(gcc_ctor_dtor.o)
 .debug_line    0x0000a6c3      0x117 C:/Freescale/CW MCU v10.7/MCU/ARM_GCC_Support/ewl/lib/armv6-m\librt.a(__arm_eabi_init.o)
 .debug_line    0x0000a7da       0xbd C:/Freescale/CW MCU v10.7/MCU/ARM_GCC_Support/ewl/lib/armv6-m\librt.a(ROMCopy.o)

.debug_str      0x00000000     0x2fef
 .debug_str     0x00000000      0x326 ./Generated_Code/Wifi.o
                                0x37e (size before relaxing)
 .debug_str     0x00000326       0xa5 ./Generated_Code/WAIT1.o
                                0x1cb (size before relaxing)
 .debug_str     0x000003cb       0x55 ./Generated_Code/Vectors.o
                                0x188 (size before relaxing)
 .debug_str     0x00000420      0x799 ./Generated_Code/UTIL1.o
                                0x8fe (size before relaxing)
 .debug_str     0x00000bb9       0xc2 ./Generated_Code/TimerIntLdd1.o
                                0x20e (size before relaxing)
 .debug_str     0x00000c7b      0x2a5 ./Generated_Code/TU2.o
                                0x460 (size before relaxing)
 .debug_str     0x00000f20       0xc1 ./Generated_Code/TU1.o
                                0x34e (size before relaxing)
 .debug_str     0x00000fe1       0x31 ./Generated_Code/TI1.o
                                0x175 (size before relaxing)
 .debug_str     0x00001012      0x129 ./Generated_Code/SM1.o
                                0x46b (size before relaxing)
 .debug_str     0x0000113b       0xe3 ./Generated_Code/SCEpin1.o
                                0x2e6 (size before relaxing)
 .debug_str     0x0000121e      0x16f ./Generated_Code/RTC1.o
                                0x439 (size before relaxing)
 .debug_str     0x0000138d       0x9f ./Generated_Code/RESpin1.o
                                0x2e6 (size before relaxing)
 .debug_str     0x0000142c       0xaf ./Generated_Code/PwmLdd1.o
                                0x292 (size before relaxing)
 .debug_str     0x000014db      0x16b ./Generated_Code/PE_LDD.o
                                0x2eb (size before relaxing)
 .debug_str     0x00001646      0x129 ./Generated_Code/PC.o
                                0x349 (size before relaxing)
 .debug_str     0x0000176f       0x32 ./Generated_Code/MCUC1.o
                                0x14f (size before relaxing)
 .debug_str     0x000017a1       0xa8 ./Generated_Code/ExtIntLdd3.o
                                0x322 (size before relaxing)
 .debug_str     0x00001849       0x87 ./Generated_Code/ExtIntLdd2.o
                                0x322 (size before relaxing)
 .debug_str     0x000018d0       0x87 ./Generated_Code/ExtIntLdd1.o
                                0x322 (size before relaxing)
 .debug_str     0x00001957      0x311 ./Generated_Code/Display.o
                                0x495 (size before relaxing)
 .debug_str     0x00001c68       0x9f ./Generated_Code/D_Cpin1.o
                                0x2e6 (size before relaxing)
 .debug_str     0x00001d07      0x18d ./Generated_Code/Cpu.o
                                0x480 (size before relaxing)
 .debug_str     0x00001e94       0x2e ./Generated_Code/C3.o
                                0x172 (size before relaxing)
 .debug_str     0x00001ec2       0x2e ./Generated_Code/C2.o
                                0x172 (size before relaxing)
 .debug_str     0x00001ef0       0x2e ./Generated_Code/C1.o
                                0x172 (size before relaxing)
 .debug_str     0x00001f1e       0x7e ./Generated_Code/BitIoLdd2.o
                                0x2b7 (size before relaxing)
 .debug_str     0x00001f9c       0x7e ./Generated_Code/BitIoLdd1.o
                                0x2b7 (size before relaxing)
 .debug_str     0x0000201a      0x228 ./Generated_Code/AdcLdd1.o
                                0x5a1 (size before relaxing)
 .debug_str     0x00002242      0x134 ./Generated_Code/ASerialLdd2.o
                                0x4e9 (size before relaxing)
 .debug_str     0x00002376       0xfc ./Generated_Code/ASerialLdd1.o
                                0x4eb (size before relaxing)
 .debug_str     0x00002472       0xaf ./Generated_Code/AD1.o
                                0x252 (size before relaxing)
 .debug_str     0x00002521       0x85 ./Project_Settings/Startup_Code/__arm_start.o
                                0x1a9 (size before relaxing)
 .debug_str     0x000025a6       0x41 ./Project_Settings/Startup_Code/__arm_end.o
                                 0xe0 (size before relaxing)
 .debug_str     0x000025e7       0x9e ./Sources/main.o
                                0x25d (size before relaxing)
 .debug_str     0x00002685       0xba ./Sources/Events.o
                                0x210 (size before relaxing)
 .debug_str     0x0000273f       0x54 C:/Freescale/CW MCU v10.7/MCU/ARM_GCC_Support/ewl/lib/armv6-m\libc.a(exit.o)
                                0x157 (size before relaxing)
 .debug_str     0x00002793       0x1c C:/Freescale/CW MCU v10.7/MCU/ARM_GCC_Support/ewl/lib/armv6-m\libc.a(strchr.o)
                                0x137 (size before relaxing)
 .debug_str     0x000027af       0x1c C:/Freescale/CW MCU v10.7/MCU/ARM_GCC_Support/ewl/lib/armv6-m\libc.a(memset.o)
                                0x140 (size before relaxing)
 .debug_str     0x000027cb       0x30 C:/Freescale/CW MCU v10.7/MCU/ARM_GCC_Support/ewl/lib/armv6-m\libc.a(strncmp.o)
                                0x152 (size before relaxing)
 .debug_str     0x000027fb       0x25 C:/Freescale/CW MCU v10.7/MCU/ARM_GCC_Support/ewl/lib/armv6-m\libc.a(__filll_mem.o)
                                0x152 (size before relaxing)
 .debug_str     0x00002820       0x1c C:/Freescale/CW MCU v10.7/MCU/ARM_GCC_Support/ewl/lib/armv6-m\libc.a(strcmp.o)
                                0x152 (size before relaxing)
 .debug_str     0x0000283c       0x1c C:/Freescale/CW MCU v10.7/MCU/ARM_GCC_Support/ewl/lib/armv6-m\libc.a(strlen.o)
                                0x140 (size before relaxing)
 .debug_str     0x00002858      0x233 C:/Freescale/CW MCU v10.7/MCU/ARM_GCC_Support/ewl/lib/armv6-m\libc.a(printformat_.o)
                                0x3b3 (size before relaxing)
 .debug_str     0x00002a8b      0x184 C:/Freescale/CW MCU v10.7/MCU/ARM_GCC_Support/ewl/lib/armv6-m\libc.a(scanformat_.o)
                                0x3f9 (size before relaxing)
 .debug_str     0x00002c0f       0x9d C:/Freescale/CW MCU v10.7/MCU/ARM_GCC_Support/ewl/lib/armv6-m\libc.a(ctype_aeabi.o)
                                0x1bc (size before relaxing)
 .debug_str     0x00002cac       0x5b C:/Freescale/CW MCU v10.7/MCU/ARM_GCC_Support/ewl/lib/armv6-m\libc.a(__strtoul.o)
                                0x1fb (size before relaxing)
 .debug_str     0x00002d07       0x1c C:/Freescale/CW MCU v10.7/MCU/ARM_GCC_Support/ewl/lib/armv6-m\libc.a(memcpy.o)
                                0x138 (size before relaxing)
 .debug_str     0x00002d23       0x1c C:/Freescale/CW MCU v10.7/MCU/ARM_GCC_Support/ewl/lib/armv6-m\libc.a(memchr.o)
                                0x148 (size before relaxing)
 .debug_str     0x00002d3f      0x126 C:/Freescale/CW MCU v10.7/MCU/ARM_GCC_Support/ewl/lib/armv6-m\librt.a(gcc_ctor_dtor.o)
                                0x181 (size before relaxing)
 .debug_str     0x00002e65       0xee C:/Freescale/CW MCU v10.7/MCU/ARM_GCC_Support/ewl/lib/armv6-m\librt.a(__arm_eabi_init.o)
                                0x1b5 (size before relaxing)
 .debug_str     0x00002f53       0x9c C:/Freescale/CW MCU v10.7/MCU/ARM_GCC_Support/ewl/lib/armv6-m\librt.a(ROMCopy.o)
                                0x13c (size before relaxing)

.comment        0x00000000       0x79
 .comment       0x00000000       0x79 ./Generated_Code/Wifi.o
                                 0x7a (size before relaxing)
 .comment       0x00000000       0x7a ./Generated_Code/WAIT1.o
 .comment       0x00000000       0x7a ./Generated_Code/Vectors.o
 .comment       0x00000000       0x7a ./Generated_Code/UTIL1.o
 .comment       0x00000000       0x7a ./Generated_Code/TimerIntLdd1.o
 .comment       0x00000000       0x7a ./Generated_Code/TU2.o
 .comment       0x00000000       0x7a ./Generated_Code/TU1.o
 .comment       0x00000000       0x7a ./Generated_Code/TI1.o
 .comment       0x00000000       0x7a ./Generated_Code/SM1.o
 .comment       0x00000000       0x7a ./Generated_Code/SCEpin1.o
 .comment       0x00000000       0x7a ./Generated_Code/RTC1.o
 .comment       0x00000000       0x7a ./Generated_Code/RESpin1.o
 .comment       0x00000000       0x7a ./Generated_Code/PwmLdd1.o
 .comment       0x00000000       0x7a ./Generated_Code/PE_LDD.o
 .comment       0x00000000       0x7a ./Generated_Code/PC.o
 .comment       0x00000000       0x7a ./Generated_Code/MCUC1.o
 .comment       0x00000000       0x7a ./Generated_Code/ExtIntLdd3.o
 .comment       0x00000000       0x7a ./Generated_Code/ExtIntLdd2.o
 .comment       0x00000000       0x7a ./Generated_Code/ExtIntLdd1.o
 .comment       0x00000000       0x7a ./Generated_Code/Display.o
 .comment       0x00000000       0x7a ./Generated_Code/D_Cpin1.o
 .comment       0x00000000       0x7a ./Generated_Code/Cpu.o
 .comment       0x00000000       0x7a ./Generated_Code/C3.o
 .comment       0x00000000       0x7a ./Generated_Code/C2.o
 .comment       0x00000000       0x7a ./Generated_Code/C1.o
 .comment       0x00000000       0x7a ./Generated_Code/BitIoLdd2.o
 .comment       0x00000000       0x7a ./Generated_Code/BitIoLdd1.o
 .comment       0x00000000       0x7a ./Generated_Code/AdcLdd1.o
 .comment       0x00000000       0x7a ./Generated_Code/ASerialLdd2.o
 .comment       0x00000000       0x7a ./Generated_Code/ASerialLdd1.o
 .comment       0x00000000       0x7a ./Generated_Code/AD1.o
 .comment       0x00000000       0x7a ./Project_Settings/Startup_Code/__arm_start.o
 .comment       0x00000000       0x7a ./Project_Settings/Startup_Code/__arm_end.o
 .comment       0x00000000       0x7a ./Sources/main.o
 .comment       0x00000000       0x7a ./Sources/Events.o
 .comment       0x00000000       0x7a C:/Freescale/CW MCU v10.7/MCU/ARM_GCC_Support/ewl/lib/armv6-m\libc.a(exit.o)
 .comment       0x00000000       0x7a C:/Freescale/CW MCU v10.7/MCU/ARM_GCC_Support/ewl/lib/armv6-m\libc.a(strchr.o)
 .comment       0x00000000       0x7a C:/Freescale/CW MCU v10.7/MCU/ARM_GCC_Support/ewl/lib/armv6-m\libc.a(memset.o)
 .comment       0x00000000       0x7a C:/Freescale/CW MCU v10.7/MCU/ARM_GCC_Support/ewl/lib/armv6-m\libc.a(strncmp.o)
 .comment       0x00000000       0x7a C:/Freescale/CW MCU v10.7/MCU/ARM_GCC_Support/ewl/lib/armv6-m\libc.a(__filll_mem.o)
 .comment       0x00000000       0x7a C:/Freescale/CW MCU v10.7/MCU/ARM_GCC_Support/ewl/lib/armv6-m\libc.a(strcmp.o)
 .comment       0x00000000       0x7a C:/Freescale/CW MCU v10.7/MCU/ARM_GCC_Support/ewl/lib/armv6-m\libc.a(strlen.o)
 .comment       0x00000000       0x7a C:/Freescale/CW MCU v10.7/MCU/ARM_GCC_Support/ewl/lib/armv6-m\libc.a(printformat_.o)
 .comment       0x00000000       0x7a C:/Freescale/CW MCU v10.7/MCU/ARM_GCC_Support/ewl/lib/armv6-m\libc.a(scanformat_.o)
 .comment       0x00000000       0x7a C:/Freescale/CW MCU v10.7/MCU/ARM_GCC_Support/ewl/lib/armv6-m\libc.a(ctype_aeabi.o)
 .comment       0x00000000       0x7a C:/Freescale/CW MCU v10.7/MCU/ARM_GCC_Support/ewl/lib/armv6-m\libc.a(__strtoul.o)
 .comment       0x00000000       0x7a C:/Freescale/CW MCU v10.7/MCU/ARM_GCC_Support/ewl/lib/armv6-m\libc.a(memcpy.o)
 .comment       0x00000000       0x7a C:/Freescale/CW MCU v10.7/MCU/ARM_GCC_Support/ewl/lib/armv6-m\libc.a(memchr.o)
 .comment       0x00000000       0x7a C:/Freescale/CW MCU v10.7/MCU/ARM_GCC_Support/ewl/lib/armv6-m\librt.a(gcc_ctor_dtor.o)
 .comment       0x00000000       0x7a C:/Freescale/CW MCU v10.7/MCU/ARM_GCC_Support/ewl/lib/armv6-m\librt.a(__arm_eabi_init.o)
 .comment       0x00000000       0x7a C:/Freescale/CW MCU v10.7/MCU/ARM_GCC_Support/ewl/lib/armv6-m\librt.a(ROMCopy.o)

.debug_frame    0x00000000     0x25dc
 .debug_frame   0x00000000      0x1c4 ./Generated_Code/Wifi.o
 .debug_frame   0x000001c4       0xc8 ./Generated_Code/WAIT1.o
 .debug_frame   0x0000028c      0x8ec ./Generated_Code/UTIL1.o
 .debug_frame   0x00000b78       0x50 ./Generated_Code/TimerIntLdd1.o
 .debug_frame   0x00000bc8       0xd0 ./Generated_Code/TU2.o
 .debug_frame   0x00000c98       0x50 ./Generated_Code/TU1.o
 .debug_frame   0x00000ce8       0x30 ./Generated_Code/TI1.o
 .debug_frame   0x00000d18       0x90 ./Generated_Code/SM1.o
 .debug_frame   0x00000da8       0xd0 ./Generated_Code/SCEpin1.o
 .debug_frame   0x00000e78       0xd0 ./Generated_Code/RTC1.o
 .debug_frame   0x00000f48       0xd0 ./Generated_Code/RESpin1.o
 .debug_frame   0x00001018       0xb0 ./Generated_Code/PwmLdd1.o
 .debug_frame   0x000010c8       0x6c ./Generated_Code/PE_LDD.o
 .debug_frame   0x00001134      0x1c4 ./Generated_Code/PC.o
 .debug_frame   0x000012f8       0x48 ./Generated_Code/MCUC1.o
 .debug_frame   0x00001340       0x70 ./Generated_Code/ExtIntLdd3.o
 .debug_frame   0x000013b0       0x70 ./Generated_Code/ExtIntLdd2.o
 .debug_frame   0x00001420       0x70 ./Generated_Code/ExtIntLdd1.o
 .debug_frame   0x00001490      0x2b8 ./Generated_Code/Display.o
 .debug_frame   0x00001748       0xd0 ./Generated_Code/D_Cpin1.o
 .debug_frame   0x00001818       0x9c ./Generated_Code/Cpu.o
 .debug_frame   0x000018b4       0x30 ./Generated_Code/C3.o
 .debug_frame   0x000018e4       0x30 ./Generated_Code/C2.o
 .debug_frame   0x00001914       0x30 ./Generated_Code/C1.o
 .debug_frame   0x00001944       0x70 ./Generated_Code/BitIoLdd2.o
 .debug_frame   0x000019b4       0x70 ./Generated_Code/BitIoLdd1.o
 .debug_frame   0x00001a24      0x130 ./Generated_Code/AdcLdd1.o
 .debug_frame   0x00001b54       0xf8 ./Generated_Code/ASerialLdd2.o
 .debug_frame   0x00001c4c       0xf8 ./Generated_Code/ASerialLdd1.o
 .debug_frame   0x00001d44       0xc8 ./Generated_Code/AD1.o
 .debug_frame   0x00001e0c       0x4c ./Project_Settings/Startup_Code/__arm_start.o
 .debug_frame   0x00001e58       0x30 ./Project_Settings/Startup_Code/__arm_end.o
 .debug_frame   0x00001e88       0xf0 ./Sources/main.o
 .debug_frame   0x00001f78      0x150 ./Sources/Events.o
 .debug_frame   0x000020c8       0x2c C:/Freescale/CW MCU v10.7/MCU/ARM_GCC_Support/ewl/lib/armv6-m\libc.a(exit.o)
 .debug_frame   0x000020f4       0x28 C:/Freescale/CW MCU v10.7/MCU/ARM_GCC_Support/ewl/lib/armv6-m\libc.a(strchr.o)
 .debug_frame   0x0000211c       0x28 C:/Freescale/CW MCU v10.7/MCU/ARM_GCC_Support/ewl/lib/armv6-m\libc.a(memset.o)
 .debug_frame   0x00002144       0x2c C:/Freescale/CW MCU v10.7/MCU/ARM_GCC_Support/ewl/lib/armv6-m\libc.a(strncmp.o)
 .debug_frame   0x00002170       0x2c C:/Freescale/CW MCU v10.7/MCU/ARM_GCC_Support/ewl/lib/armv6-m\libc.a(__filll_mem.o)
 .debug_frame   0x0000219c       0x28 C:/Freescale/CW MCU v10.7/MCU/ARM_GCC_Support/ewl/lib/armv6-m\libc.a(strcmp.o)
 .debug_frame   0x000021c4       0x28 C:/Freescale/CW MCU v10.7/MCU/ARM_GCC_Support/ewl/lib/armv6-m\libc.a(strlen.o)
 .debug_frame   0x000021ec       0x54 C:/Freescale/CW MCU v10.7/MCU/ARM_GCC_Support/ewl/lib/armv6-m\libc.a(printformat_.o)
 .debug_frame   0x00002240       0x34 C:/Freescale/CW MCU v10.7/MCU/ARM_GCC_Support/ewl/lib/armv6-m\libc.a(scanformat_.o)
 .debug_frame   0x00002274      0x158 C:/Freescale/CW MCU v10.7/MCU/ARM_GCC_Support/ewl/lib/armv6-m\libc.a(ctype_aeabi.o)
 .debug_frame   0x000023cc       0x30 C:/Freescale/CW MCU v10.7/MCU/ARM_GCC_Support/ewl/lib/armv6-m\libc.a(__strtoul.o)
 .debug_frame   0x000023fc       0x28 C:/Freescale/CW MCU v10.7/MCU/ARM_GCC_Support/ewl/lib/armv6-m\libc.a(memcpy.o)
 .debug_frame   0x00002424       0x28 C:/Freescale/CW MCU v10.7/MCU/ARM_GCC_Support/ewl/lib/armv6-m\libc.a(memchr.o)
 .debug_frame   0x0000244c       0x20 c:/freescale/cw mcu v10.7/cross_tools/arm-none-eabi-gcc-4_7_3/bin/../lib/gcc/arm-none-eabi/4.7.3/armv6-m\libgcc.a(_udivsi3.o)
 .debug_frame   0x0000246c       0x20 c:/freescale/cw mcu v10.7/cross_tools/arm-none-eabi-gcc-4_7_3/bin/../lib/gcc/arm-none-eabi/4.7.3/armv6-m\libgcc.a(_divsi3.o)
 .debug_frame   0x0000248c       0x40 C:/Freescale/CW MCU v10.7/MCU/ARM_GCC_Support/ewl/lib/armv6-m\librt.a(gcc_ctor_dtor.o)
 .debug_frame   0x000024cc       0xbc C:/Freescale/CW MCU v10.7/MCU/ARM_GCC_Support/ewl/lib/armv6-m\librt.a(__arm_eabi_init.o)
 .debug_frame   0x00002588       0x54 C:/Freescale/CW MCU v10.7/MCU/ARM_GCC_Support/ewl/lib/armv6-m\librt.a(ROMCopy.o)
