Archive member included because of file (symbol)

C:/Freescale/CW MCU v10.7/MCU/ARM_GCC_Support/ewl/lib/armv6-m\libc.a(exit.o)
                              ./Project_Settings/Startup_Code/__arm_start.o (exit)
C:/Freescale/CW MCU v10.7/MCU/ARM_GCC_Support/ewl/lib/armv6-m\libc.a(memset.o)
                              ./Project_Settings/Startup_Code/__arm_start.o (memset)
C:/Freescale/CW MCU v10.7/MCU/ARM_GCC_Support/ewl/lib/armv6-m\libc.a(__filll_mem.o)
                              C:/Freescale/CW MCU v10.7/MCU/ARM_GCC_Support/ewl/lib/armv6-m\libc.a(memset.o) (__fill_mem)
C:/Freescale/CW MCU v10.7/MCU/ARM_GCC_Support/ewl/lib/armv6-m\librt.a(gcc_ctor_dtor.o)
                              ./Project_Settings/Startup_Code/__arm_start.o (__init_cpp)
C:/Freescale/CW MCU v10.7/MCU/ARM_GCC_Support/ewl/lib/armv6-m\librt.a(__arm_eabi_init.o)
                              C:/Freescale/CW MCU v10.7/MCU/ARM_GCC_Support/ewl/lib/armv6-m\libc.a(exit.o) (__destroy_global_chain)
C:/Freescale/CW MCU v10.7/MCU/ARM_GCC_Support/ewl/lib/armv6-m\librt.a(ROMCopy.o)
                              ./Project_Settings/Startup_Code/__arm_start.o (__copy_rom_sections_to_ram)

Allocating common symbols
Common symbol       size              file

SR_reg              0x1               ./Generated_Code/Cpu.o
PDC1_DisplayBuf     0x1f8             ./Generated_Code/PDC1.o

Discarded input sections

 .text          0x00000000        0x0 ./Generated_Code/WAIT1.o
 .data          0x00000000        0x0 ./Generated_Code/WAIT1.o
 .bss           0x00000000        0x0 ./Generated_Code/WAIT1.o
 .text.WAIT1_DeInit
                0x00000000        0x8 ./Generated_Code/WAIT1.o
 .text          0x00000000        0x0 ./Generated_Code/Vectors.o
 .data          0x00000000        0x0 ./Generated_Code/Vectors.o
 .bss           0x00000000        0x0 ./Generated_Code/Vectors.o
 .text          0x00000000        0x0 ./Generated_Code/SM1.o
 .data          0x00000000        0x0 ./Generated_Code/SM1.o
 .bss           0x00000000        0x0 ./Generated_Code/SM1.o
 .text.SM1_Deinit
                0x00000000       0x40 ./Generated_Code/SM1.o
 .text.SM1_GetReceivedDataNum
                0x00000000       0x14 ./Generated_Code/SM1.o
 .text.SM1_GetSentDataNum
                0x00000000       0x14 ./Generated_Code/SM1.o
 .text          0x00000000        0x0 ./Generated_Code/SCEpin1.o
 .data          0x00000000        0x0 ./Generated_Code/SCEpin1.o
 .bss           0x00000000        0x0 ./Generated_Code/SCEpin1.o
 .text.SCEpin1_Deinit
                0x00000000       0x28 ./Generated_Code/SCEpin1.o
 .text.SCEpin1_GetVal
                0x00000000       0x28 ./Generated_Code/SCEpin1.o
 .text.SCEpin1_PutVal
                0x00000000       0x30 ./Generated_Code/SCEpin1.o
 .text          0x00000000        0x0 ./Generated_Code/RESpin1.o
 .data          0x00000000        0x0 ./Generated_Code/RESpin1.o
 .bss           0x00000000        0x0 ./Generated_Code/RESpin1.o
 .text.RESpin1_Deinit
                0x00000000       0x28 ./Generated_Code/RESpin1.o
 .text.RESpin1_GetVal
                0x00000000       0x28 ./Generated_Code/RESpin1.o
 .text.RESpin1_PutVal
                0x00000000       0x30 ./Generated_Code/RESpin1.o
 .text          0x00000000        0x0 ./Generated_Code/PE_LDD.o
 .data          0x00000000        0x0 ./Generated_Code/PE_LDD.o
 .bss           0x00000000        0x0 ./Generated_Code/PE_LDD.o
 .rodata.PE_CpuClockConfigurations
                0x00000000       0x28 ./Generated_Code/PE_LDD.o
 .text.PE_FillMemory
                0x00000000       0x28 ./Generated_Code/PE_LDD.o
 .text.PE_PeripheralUsed
                0x00000000       0x40 ./Generated_Code/PE_LDD.o
 .text.LDD_SetClockConfiguration
                0x00000000       0x14 ./Generated_Code/PE_LDD.o
 .text          0x00000000        0x0 ./Generated_Code/PDC1.o
 .data          0x00000000        0x0 ./Generated_Code/PDC1.o
 .bss           0x00000000        0x0 ./Generated_Code/PDC1.o
 .text.PDC1_ClearLine
                0x00000000       0x50 ./Generated_Code/PDC1.o
 .text.PDC1_WriteString
                0x00000000       0x28 ./Generated_Code/PDC1.o
 .text.PDC1_UpdateRegion
                0x00000000       0x28 ./Generated_Code/PDC1.o
 .text.PDC1_UpdateFull
                0x00000000       0x48 ./Generated_Code/PDC1.o
 .text.PDC1_SetMode
                0x00000000       0x28 ./Generated_Code/PDC1.o
 .text.PDC1_GetDisplayOrientation
                0x00000000       0x14 ./Generated_Code/PDC1.o
 .text.PDC1_GetWidth
                0x00000000       0x28 ./Generated_Code/PDC1.o
 .text.PDC1_GetHeight
                0x00000000       0x28 ./Generated_Code/PDC1.o
 .text.PDC1_GetLCD
                0x00000000        0x8 ./Generated_Code/PDC1.o
 .text.PDC1_GiveLCD
                0x00000000        0x8 ./Generated_Code/PDC1.o
 .text.PDC1_Deinit
                0x00000000       0x34 ./Generated_Code/PDC1.o
 .text.PDC1_PutPixel
                0x00000000      0x148 ./Generated_Code/PDC1.o
 COMMON         0x00000000      0x1f8 ./Generated_Code/PDC1.o
 .text          0x00000000        0x0 ./Generated_Code/MCUC1.o
 .data          0x00000000        0x0 ./Generated_Code/MCUC1.o
 .bss           0x00000000        0x0 ./Generated_Code/MCUC1.o
 .text.MCUC1_Deinit
                0x00000000        0x8 ./Generated_Code/MCUC1.o
 .text          0x00000000        0x0 ./Generated_Code/LT.o
 .data          0x00000000        0x0 ./Generated_Code/LT.o
 .bss           0x00000000        0x0 ./Generated_Code/LT.o
 .debug_info    0x00000000       0x76 ./Generated_Code/LT.o
 .debug_abbrev  0x00000000       0x28 ./Generated_Code/LT.o
 .debug_aranges
                0x00000000       0x18 ./Generated_Code/LT.o
 .debug_macinfo
                0x00000000    0x2edac ./Generated_Code/LT.o
 .debug_line    0x00000000      0x270 ./Generated_Code/LT.o
 .debug_str     0x00000000      0x128 ./Generated_Code/LT.o
 .comment       0x00000000       0x7a ./Generated_Code/LT.o
 .ARM.attributes
                0x00000000       0x31 ./Generated_Code/LT.o
 .text          0x00000000        0x0 ./Generated_Code/D_Cpin1.o
 .data          0x00000000        0x0 ./Generated_Code/D_Cpin1.o
 .bss           0x00000000        0x0 ./Generated_Code/D_Cpin1.o
 .text.D_Cpin1_Deinit
                0x00000000       0x28 ./Generated_Code/D_Cpin1.o
 .text.D_Cpin1_GetVal
                0x00000000       0x28 ./Generated_Code/D_Cpin1.o
 .text.D_Cpin1_PutVal
                0x00000000       0x30 ./Generated_Code/D_Cpin1.o
 .text          0x00000000        0x0 ./Generated_Code/Cpu.o
 .data          0x00000000        0x0 ./Generated_Code/Cpu.o
 .bss           0x00000000        0x0 ./Generated_Code/Cpu.o
 .text          0x00000000        0x0 ./Generated_Code/BitIoLdd1.o
 .data          0x00000000        0x0 ./Generated_Code/BitIoLdd1.o
 .bss           0x00000000        0x0 ./Generated_Code/BitIoLdd1.o
 .text.BitIoLdd1_GetVal
                0x00000000       0x28 ./Generated_Code/BitIoLdd1.o
 .text.BitIoLdd1_PutVal
                0x00000000       0x30 ./Generated_Code/BitIoLdd1.o
 .text          0x00000000        0x0 ./Project_Settings/Startup_Code/__arm_start.o
 .data          0x00000000        0x0 ./Project_Settings/Startup_Code/__arm_start.o
 .bss           0x00000000        0x0 ./Project_Settings/Startup_Code/__arm_start.o
 .text.__iar_program_start
                0x00000000        0x4 ./Project_Settings/Startup_Code/__arm_start.o
 .text          0x00000000        0x0 ./Project_Settings/Startup_Code/__arm_end.o
 .data          0x00000000        0x0 ./Project_Settings/Startup_Code/__arm_end.o
 .bss           0x00000000        0x0 ./Project_Settings/Startup_Code/__arm_end.o
 .text          0x00000000        0x0 ./Sources/sa_mtb.o
 .data          0x00000000        0x0 ./Sources/sa_mtb.o
 .bss           0x00000000        0x0 ./Sources/sa_mtb.o
 .debug_info    0x00000000       0x21 ./Sources/sa_mtb.o
 .debug_abbrev  0x00000000       0x12 ./Sources/sa_mtb.o
 .debug_aranges
                0x00000000       0x18 ./Sources/sa_mtb.o
 .debug_macinfo
                0x00000000     0x24d8 ./Sources/sa_mtb.o
 .debug_line    0x00000000       0xaa ./Sources/sa_mtb.o
 .debug_str     0x00000000       0x9a ./Sources/sa_mtb.o
 .comment       0x00000000       0x7a ./Sources/sa_mtb.o
 .ARM.attributes
                0x00000000       0x31 ./Sources/sa_mtb.o
 .text          0x00000000        0x0 ./Sources/main.o
 .data          0x00000000        0x0 ./Sources/main.o
 .bss           0x00000000        0x0 ./Sources/main.o
 .text          0x00000000        0x0 ./Sources/Events.o
 .data          0x00000000        0x0 ./Sources/Events.o
 .bss           0x00000000        0x0 ./Sources/Events.o
 .text          0x00000000        0x0 C:/Freescale/CW MCU v10.7/MCU/ARM_GCC_Support/ewl/lib/armv6-m\libc.a(exit.o)
 .data          0x00000000        0x0 C:/Freescale/CW MCU v10.7/MCU/ARM_GCC_Support/ewl/lib/armv6-m\libc.a(exit.o)
 .bss           0x00000000        0x0 C:/Freescale/CW MCU v10.7/MCU/ARM_GCC_Support/ewl/lib/armv6-m\libc.a(exit.o)
 .text          0x00000000        0x0 C:/Freescale/CW MCU v10.7/MCU/ARM_GCC_Support/ewl/lib/armv6-m\libc.a(memset.o)
 .data          0x00000000        0x0 C:/Freescale/CW MCU v10.7/MCU/ARM_GCC_Support/ewl/lib/armv6-m\libc.a(memset.o)
 .bss           0x00000000        0x0 C:/Freescale/CW MCU v10.7/MCU/ARM_GCC_Support/ewl/lib/armv6-m\libc.a(memset.o)
 .text          0x00000000        0x0 C:/Freescale/CW MCU v10.7/MCU/ARM_GCC_Support/ewl/lib/armv6-m\libc.a(__filll_mem.o)
 .data          0x00000000        0x0 C:/Freescale/CW MCU v10.7/MCU/ARM_GCC_Support/ewl/lib/armv6-m\libc.a(__filll_mem.o)
 .bss           0x00000000        0x0 C:/Freescale/CW MCU v10.7/MCU/ARM_GCC_Support/ewl/lib/armv6-m\libc.a(__filll_mem.o)
 .text          0x00000000        0x0 C:/Freescale/CW MCU v10.7/MCU/ARM_GCC_Support/ewl/lib/armv6-m\librt.a(gcc_ctor_dtor.o)
 .data          0x00000000        0x0 C:/Freescale/CW MCU v10.7/MCU/ARM_GCC_Support/ewl/lib/armv6-m\librt.a(gcc_ctor_dtor.o)
 .bss           0x00000000        0x0 C:/Freescale/CW MCU v10.7/MCU/ARM_GCC_Support/ewl/lib/armv6-m\librt.a(gcc_ctor_dtor.o)
 .bss.__dso_handle
                0x00000000        0x4 C:/Freescale/CW MCU v10.7/MCU/ARM_GCC_Support/ewl/lib/armv6-m\librt.a(gcc_ctor_dtor.o)
 .text          0x00000000        0x0 C:/Freescale/CW MCU v10.7/MCU/ARM_GCC_Support/ewl/lib/armv6-m\librt.a(__arm_eabi_init.o)
 .data          0x00000000        0x0 C:/Freescale/CW MCU v10.7/MCU/ARM_GCC_Support/ewl/lib/armv6-m\librt.a(__arm_eabi_init.o)
 .bss           0x00000000        0x0 C:/Freescale/CW MCU v10.7/MCU/ARM_GCC_Support/ewl/lib/armv6-m\librt.a(__arm_eabi_init.o)
 .text.__register_global_object
                0x00000000       0x14 C:/Freescale/CW MCU v10.7/MCU/ARM_GCC_Support/ewl/lib/armv6-m\librt.a(__arm_eabi_init.o)
 .text.__cxa_atexit
                0x00000000       0x38 C:/Freescale/CW MCU v10.7/MCU/ARM_GCC_Support/ewl/lib/armv6-m\librt.a(__arm_eabi_init.o)
 .text.__aeabi_atexit
                0x00000000        0xe C:/Freescale/CW MCU v10.7/MCU/ARM_GCC_Support/ewl/lib/armv6-m\librt.a(__arm_eabi_init.o)
 .text.__register_atexit
                0x00000000        0xc C:/Freescale/CW MCU v10.7/MCU/ARM_GCC_Support/ewl/lib/armv6-m\librt.a(__arm_eabi_init.o)
 .text.__init_hardware
                0x00000000        0x4 C:/Freescale/CW MCU v10.7/MCU/ARM_GCC_Support/ewl/lib/armv6-m\librt.a(__arm_eabi_init.o)
 .bss.atexit_curr_func
                0x00000000        0x4 C:/Freescale/CW MCU v10.7/MCU/ARM_GCC_Support/ewl/lib/armv6-m\librt.a(__arm_eabi_init.o)
 .bss.atexit_funcs
                0x00000000      0x300 C:/Freescale/CW MCU v10.7/MCU/ARM_GCC_Support/ewl/lib/armv6-m\librt.a(__arm_eabi_init.o)
 .text          0x00000000        0x0 C:/Freescale/CW MCU v10.7/MCU/ARM_GCC_Support/ewl/lib/armv6-m\librt.a(ROMCopy.o)
 .data          0x00000000        0x0 C:/Freescale/CW MCU v10.7/MCU/ARM_GCC_Support/ewl/lib/armv6-m\librt.a(ROMCopy.o)
 .bss           0x00000000        0x0 C:/Freescale/CW MCU v10.7/MCU/ARM_GCC_Support/ewl/lib/armv6-m\librt.a(ROMCopy.o)
 .text.__flush_cache
                0x00000000        0x2 C:/Freescale/CW MCU v10.7/MCU/ARM_GCC_Support/ewl/lib/armv6-m\librt.a(ROMCopy.o)

Memory Configuration

Name             Origin             Length             Attributes
m_interrupts     0x00000000         0x000000c0         xr
m_text           0x00000410         0x0001fbf0         xr
m_data           0x1ffff000         0x00004000         rw
m_cfmprotrom     0x00000400         0x00000010         xr
*default*        0x00000000         0xffffffff

Linker script and memory map

LOAD ./Generated_Code/WAIT1.o
LOAD ./Generated_Code/Vectors.o
LOAD ./Generated_Code/SM1.o
LOAD ./Generated_Code/SCEpin1.o
LOAD ./Generated_Code/RESpin1.o
LOAD ./Generated_Code/PE_LDD.o
LOAD ./Generated_Code/PDC1.o
LOAD ./Generated_Code/MCUC1.o
LOAD ./Generated_Code/LT.o
LOAD ./Generated_Code/D_Cpin1.o
LOAD ./Generated_Code/Cpu.o
LOAD ./Generated_Code/BitIoLdd1.o
LOAD ./Project_Settings/Startup_Code/__arm_start.o
LOAD ./Project_Settings/Startup_Code/__arm_end.o
LOAD ./Sources/sa_mtb.o
LOAD ./Sources/main.o
LOAD ./Sources/Events.o
START GROUP
LOAD C:/Freescale/CW MCU v10.7/MCU/ARM_GCC_Support/ewl/lib/armv6-m\libc.a
LOAD C:/Freescale/CW MCU v10.7/MCU/ARM_GCC_Support/ewl/lib/armv6-m\libm.a
LOAD c:/freescale/cw mcu v10.7/cross_tools/arm-none-eabi-gcc-4_7_3/bin/../lib/gcc/arm-none-eabi/4.7.3/armv6-m\libgcc.a
LOAD C:/Freescale/CW MCU v10.7/MCU/ARM_GCC_Support/ewl/lib/armv6-m\librt.a
END GROUP
                0x20003000                _estack = 0x20003000
                0x20003000                __SP_INIT = _estack
                0x00000000                __heap_size = 0x0
                0x00000400                __stack_size = 0x400

.interrupts     0x00000000       0xc0
                0x00000000                __vector_table = .
                0x00000000                . = ALIGN (0x4)
 *(.vectortable)
 .vectortable   0x00000000       0xc0 ./Generated_Code/Vectors.o
                0x00000000                __vect_table
                0x000000c0                . = ALIGN (0x4)

.cfmprotect     0x00000400       0x10
                0x00000400                . = ALIGN (0x4)
 *(.cfmconfig)
 .cfmconfig     0x00000400       0x10 ./Generated_Code/Cpu.o
                0x00000400                _cfm
                0x00000410                . = ALIGN (0x4)

.text           0x00000410     0x10e4
                0x00000410                . = ALIGN (0x4)
 *(.text)
 *(.text*)
 .text.WAIT1_Wait10Cycles
                0x00000410        0x8 ./Generated_Code/WAIT1.o
                0x00000410                WAIT1_Wait10Cycles
 .text.WAIT1_Wait100Cycles
                0x00000418       0x24 ./Generated_Code/WAIT1.o
                0x00000418                WAIT1_Wait100Cycles
 .text.WAIT1_WaitCycles
                0x0000043c       0x44 ./Generated_Code/WAIT1.o
                0x0000043c                WAIT1_WaitCycles
 .text.WAIT1_WaitLongCycles
                0x00000480       0x3c ./Generated_Code/WAIT1.o
                0x00000480                WAIT1_WaitLongCycles
 .text.WAIT1_Waitms
                0x000004bc       0x38 ./Generated_Code/WAIT1.o
                0x000004bc                WAIT1_Waitms
 .text.WAIT1_Init
                0x000004f4        0x8 ./Generated_Code/WAIT1.o
                0x000004f4                WAIT1_Init
 .text.SM1_Init
                0x000004fc       0xfc ./Generated_Code/SM1.o
                0x000004fc                SM1_Init
 .text.SM1_ReceiveBlock
                0x000005f8       0xb0 ./Generated_Code/SM1.o
                0x000005f8                SM1_ReceiveBlock
 .text.SM1_SendBlock
                0x000006a8       0x9c ./Generated_Code/SM1.o
                0x000006a8                SM1_SendBlock
 .text.SM1_Interrupt
                0x00000744       0xd4 ./Generated_Code/SM1.o
                0x00000744                SM1_Interrupt
 .text.SCEpin1_Init
                0x00000818       0x60 ./Generated_Code/SCEpin1.o
                0x00000818                SCEpin1_Init
 .text.SCEpin1_ClrVal
                0x00000878       0x18 ./Generated_Code/SCEpin1.o
                0x00000878                SCEpin1_ClrVal
 .text.SCEpin1_SetVal
                0x00000890       0x18 ./Generated_Code/SCEpin1.o
                0x00000890                SCEpin1_SetVal
 .text.RESpin1_Init
                0x000008a8       0x60 ./Generated_Code/RESpin1.o
                0x000008a8                RESpin1_Init
 .text.RESpin1_ClrVal
                0x00000908       0x18 ./Generated_Code/RESpin1.o
                0x00000908                RESpin1_ClrVal
 .text.RESpin1_SetVal
                0x00000920       0x18 ./Generated_Code/RESpin1.o
                0x00000920                RESpin1_SetVal
 .text.WriteCmd
                0x00000938       0x84 ./Generated_Code/PDC1.o
 .text.WriteData
                0x000009bc       0x84 ./Generated_Code/PDC1.o
 .text.PDC1_SetPos
                0x00000a40       0x4c ./Generated_Code/PDC1.o
                0x00000a40                PDC1_SetPos
 .text.PDC1_Clear
                0x00000a8c       0x38 ./Generated_Code/PDC1.o
                0x00000a8c                PDC1_Clear
 .text.PDC1_Init
                0x00000ac4       0xbc ./Generated_Code/PDC1.o
                0x00000ac4                PDC1_Init
 .text.PDC1_WriteChar
                0x00000b80       0x8c ./Generated_Code/PDC1.o
                0x00000b80                PDC1_WriteChar
 .text.PDC1_WriteLineStr
                0x00000c0c       0x68 ./Generated_Code/PDC1.o
                0x00000c0c                PDC1_WriteLineStr
 .text.PDC1_SetContrast
                0x00000c74       0x3c ./Generated_Code/PDC1.o
                0x00000c74                PDC1_SetContrast
 .text.PDC1_SetDisplayOrientation
                0x00000cb0       0x20 ./Generated_Code/PDC1.o
                0x00000cb0                PDC1_SetDisplayOrientation
 .text.SM1_OnBlockReceived
                0x00000cd0       0x18 ./Generated_Code/PDC1.o
                0x00000cd0                SM1_OnBlockReceived
 .text.MCUC1_Init
                0x00000ce8        0x8 ./Generated_Code/MCUC1.o
                0x00000ce8                MCUC1_Init
 .text.D_Cpin1_Init
                0x00000cf0       0x60 ./Generated_Code/D_Cpin1.o
                0x00000cf0                D_Cpin1_Init
 .text.D_Cpin1_ClrVal
                0x00000d50       0x18 ./Generated_Code/D_Cpin1.o
                0x00000d50                D_Cpin1_ClrVal
 .text.D_Cpin1_SetVal
                0x00000d68       0x18 ./Generated_Code/D_Cpin1.o
                0x00000d68                D_Cpin1_SetVal
 .text.Cpu_INT_NMIInterrupt
                0x00000d80        0xc ./Generated_Code/Cpu.o
                0x00000d80                Cpu_INT_NMIInterrupt
 .text.Cpu_Interrupt
                0x00000d8c        0xc ./Generated_Code/Cpu.o
                0x00000d8c                Cpu_Interrupt
 .text.__init_hardware
                0x00000d98      0x110 ./Generated_Code/Cpu.o
                0x00000d98                __init_hardware
 .text.PE_low_level_init
                0x00000ea8       0xe0 ./Generated_Code/Cpu.o
                0x00000ea8                PE_low_level_init
 .text.BitIoLdd1_Init
                0x00000f88       0x60 ./Generated_Code/BitIoLdd1.o
                0x00000f88                BitIoLdd1_Init
 .text.BitIoLdd1_ClrVal
                0x00000fe8       0x18 ./Generated_Code/BitIoLdd1.o
                0x00000fe8                BitIoLdd1_ClrVal
 .text.BitIoLdd1_SetVal
                0x00001000       0x18 ./Generated_Code/BitIoLdd1.o
                0x00001000                BitIoLdd1_SetVal
 .text.zero_fill_bss
                0x00001018       0x24 ./Project_Settings/Startup_Code/__arm_start.o
 .text.__thumb_startup
                0x0000103c       0x30 ./Project_Settings/Startup_Code/__arm_start.o
                0x0000103c                __thumb_startup
 .text._ExitProcess
                0x0000106c        0xc ./Project_Settings/Startup_Code/__arm_end.o
                0x0000106c                _ExitProcess
 .text.main     0x00001078       0x6c ./Sources/main.o
                0x00001078                main
 .text.Cpu_OnNMIINT
                0x000010e4        0x8 ./Sources/Events.o
                0x000010e4                Cpu_OnNMIINT
 .text.exit     0x000010ec       0x38 C:/Freescale/CW MCU v10.7/MCU/ARM_GCC_Support/ewl/lib/armv6-m\libc.a(exit.o)
                0x000010ec                exit
 .text.memset   0x00001124        0xc C:/Freescale/CW MCU v10.7/MCU/ARM_GCC_Support/ewl/lib/armv6-m\libc.a(memset.o)
                0x00001124                memset
 .text.__fill_mem
                0x00001130       0x7e C:/Freescale/CW MCU v10.7/MCU/ARM_GCC_Support/ewl/lib/armv6-m\libc.a(__filll_mem.o)
                0x00001130                __fill_mem
 *fill*         0x000011ae        0x2 00
 .text.__init_cpp
                0x000011b0       0x48 C:/Freescale/CW MCU v10.7/MCU/ARM_GCC_Support/ewl/lib/armv6-m\librt.a(gcc_ctor_dtor.o)
                0x000011b0                __init_cpp
 .text.__fini_cpp
                0x000011f8       0x34 C:/Freescale/CW MCU v10.7/MCU/ARM_GCC_Support/ewl/lib/armv6-m\librt.a(gcc_ctor_dtor.o)
                0x000011f8                __fini_cpp
 .text.__destroy_global_chain
                0x0000122c       0x1c C:/Freescale/CW MCU v10.7/MCU/ARM_GCC_Support/ewl/lib/armv6-m\librt.a(__arm_eabi_init.o)
                0x0000122c                __destroy_global_chain
 .text.__init_registers
                0x00001248       0x1c C:/Freescale/CW MCU v10.7/MCU/ARM_GCC_Support/ewl/lib/armv6-m\librt.a(__arm_eabi_init.o)
                0x00001248                __init_registers
 .text.__init_user
                0x00001264        0x4 C:/Freescale/CW MCU v10.7/MCU/ARM_GCC_Support/ewl/lib/armv6-m\librt.a(__arm_eabi_init.o)
                0x00001264                __init_user
 .text.__copy_rom_section
                0x00001268       0x48 C:/Freescale/CW MCU v10.7/MCU/ARM_GCC_Support/ewl/lib/armv6-m\librt.a(ROMCopy.o)
                0x00001268                __copy_rom_section
 .text.__copy_rom_sections_to_ram
                0x000012b0       0x34 C:/Freescale/CW MCU v10.7/MCU/ARM_GCC_Support/ewl/lib/armv6-m\librt.a(ROMCopy.o)
                0x000012b0                __copy_rom_sections_to_ram
 *(.rodata)
 .rodata        0x000012e4       0x30 ./Sources/main.o
 *(.rodata*)
 .rodata.table  0x00001314      0x1e0 ./Generated_Code/PDC1.o
 *(.glue_7)
 .glue_7        0x00000000        0x0 linker stubs
 *(.glue_7t)
 .glue_7t       0x00000000        0x0 linker stubs
 *(.eh_frame)
 *(.init)
 *(.fini)
                0x000014f4                . = ALIGN (0x4)
                0x000014f4                _etext = .

.vfp11_veneer   0x000014f4        0x0
 .vfp11_veneer  0x00000000        0x0 linker stubs

.v4_bx          0x000014f4        0x0
 .v4_bx         0x00000000        0x0 linker stubs

.iplt           0x000014f4        0x0
 .iplt          0x00000000        0x0 ./Generated_Code/WAIT1.o

.rel.dyn        0x000014f4        0x0
 .rel.iplt      0x00000000        0x0 ./Generated_Code/WAIT1.o

.ARM.extab
 *(.ARM.extab* .gnu.linkonce.armextab.*)

.ARM            0x000014f4        0x0
                0x000014f4                __exidx_start = .
 *(.ARM.exidx*)
                0x000014f4                __exidx_end = .

.ctors          0x000014f4        0x0
                0x000014f4                __CTOR_LIST__ = .
 *crtbegin.o(.ctors)
 *(EXCLUDE_FILE(*crtend.o) .ctors)
 *(SORT(.ctors.*))
 *(.ctors)
                0x000014f4                __CTOR_END__ = .

.dtors          0x000014f4        0x0
                0x000014f4                __DTOR_LIST__ = .
 *crtbegin.o(.dtors)
 *(EXCLUDE_FILE(*crtend.o) .dtors)
 *(SORT(.dtors.*))
 *(.dtors)
                0x000014f4                __DTOR_END__ = .

.preinit_array  0x000014f4        0x0
                0x000014f4                PROVIDE (__preinit_array_start, .)
 *(.preinit_array*)
                0x000014f4                PROVIDE (__preinit_array_end, .)

.init_array     0x000014f4        0x0
                0x000014f4                PROVIDE (__init_array_start, .)
 *(SORT(.init_array.*))
 *(.init_array*)
                0x000014f4                PROVIDE (__init_array_end, .)

.fini_array     0x000014f4        0x0
                0x000014f4                PROVIDE (__fini_array_start, .)
 *(SORT(.fini_array.*))
 *(.fini_array*)
                0x000014f4                PROVIDE (__fini_array_end, .)
                0x000014f4                ___ROM_AT = .

.mtb            0x1ffff000        0x0
                0x1ffff000                . = ALIGN (0x8)
                0x1ffff000                _mtb_start = .
 *(.mtb_buf)
                0x1ffff000                . = ALIGN (0x8)
                0x1ffff000                _mtb_end = .

.data           0x1ffff000        0x4 load address 0x000014f4
                0x1ffff000                . = ALIGN (0x4)
                0x1ffff000                _sdata = .
 *(.data)
 *(.data*)
 .data.orientation
                0x1ffff000        0x1 ./Generated_Code/PDC1.o
                0x1ffff004                . = ALIGN (0x4)
 *fill*         0x1ffff001        0x3 00
                0x1ffff004                _edata = .
                0x00000004                ___data_size = (_edata - _sdata)

.igot.plt       0x1ffff004        0x0 load address 0x000014f8
 .igot.plt      0x00000000        0x0 ./Generated_Code/WAIT1.o
                0x1ffff004                . = ALIGN (0x4)

.bss            0x1ffff004       0x78 load address 0x000014f8
                0x1ffff004                __START_BSS = .
                0x1ffff004                PROVIDE (__bss_start__, __START_BSS)
 *(.bss)
 *(.bss*)
 .bss.DeviceDataPrv__DEFAULT_RTOS_ALLOC
                0x1ffff004       0x1c ./Generated_Code/SM1.o
 .bss.INT_SPI0__DEFAULT_RTOS_ISRPARAM
                0x1ffff020        0x4 ./Generated_Code/SM1.o
 .bss.DeviceDataPrv__DEFAULT_RTOS_ALLOC
                0x1ffff024        0x4 ./Generated_Code/SCEpin1.o
 .bss.DeviceDataPrv__DEFAULT_RTOS_ALLOC
                0x1ffff028        0x4 ./Generated_Code/RESpin1.o
 .bss.PE_LDD_DeviceDataList
                0x1ffff02c       0x14 ./Generated_Code/PE_LDD.o
                0x1ffff02c                PE_LDD_DeviceDataList
 .bss.RES_DeviceData
                0x1ffff040        0x4 ./Generated_Code/PDC1.o
 .bss.SCE_DeviceData
                0x1ffff044        0x4 ./Generated_Code/PDC1.o
 .bss.D_C_DeviceData
                0x1ffff048        0x4 ./Generated_Code/PDC1.o
 .bss.PDC1_DataReceivedFlag
                0x1ffff04c        0x1 ./Generated_Code/PDC1.o
 *fill*         0x1ffff04d        0x3 00
 .bss.DeviceDataPrv__DEFAULT_RTOS_ALLOC
                0x1ffff050        0x4 ./Generated_Code/D_Cpin1.o
 .bss.SR_lock   0x1ffff054        0x1 ./Generated_Code/Cpu.o
                0x1ffff054                SR_lock
 *fill*         0x1ffff055        0x3 00
 .bss.DeviceDataPrv__DEFAULT_RTOS_ALLOC
                0x1ffff058        0x4 ./Generated_Code/BitIoLdd1.o
 .bss.argv      0x1ffff05c        0x4 ./Project_Settings/Startup_Code/__arm_start.o
 .bss.__stdio_exit
                0x1ffff060        0x4 C:/Freescale/CW MCU v10.7/MCU/ARM_GCC_Support/ewl/lib/armv6-m\libc.a(exit.o)
                0x1ffff060                __stdio_exit
 .bss.__console_exit
                0x1ffff064        0x4 C:/Freescale/CW MCU v10.7/MCU/ARM_GCC_Support/ewl/lib/armv6-m\libc.a(exit.o)
                0x1ffff064                __console_exit
 .bss.__global_destructor_chain
                0x1ffff068        0x4 C:/Freescale/CW MCU v10.7/MCU/ARM_GCC_Support/ewl/lib/armv6-m\librt.a(__arm_eabi_init.o)
                0x1ffff068                __global_destructor_chain
 .bss.__S_romp  0x1ffff06c        0xc C:/Freescale/CW MCU v10.7/MCU/ARM_GCC_Support/ewl/lib/armv6-m\librt.a(ROMCopy.o)
 *(COMMON)
 COMMON         0x1ffff078        0x1 ./Generated_Code/Cpu.o
                0x1ffff078                SR_reg
                0x1ffff07c                . = ALIGN (0x4)
 *fill*         0x1ffff079        0x3 00
                0x1ffff07c                __END_BSS = .
                0x1ffff07c                PROVIDE (__bss_end__, __END_BSS)
                0x000014f8                _romp_at = (___ROM_AT + SIZEOF (.data))

.romp           0x1ffff07c       0x18 load address 0x000014f8
                0x000014f8                __S_romp = _romp_at
                0x1ffff07c        0x4 LONG 0x14f4 ___ROM_AT
                0x1ffff080        0x4 LONG 0x1ffff000 _sdata
                0x1ffff084        0x4 LONG 0x4 ___data_size
                0x1ffff088        0x4 LONG 0x0
                0x1ffff08c        0x4 LONG 0x0
                0x1ffff090        0x4 LONG 0x0

._user_heap_stack
                0x1ffff094      0x400 load address 0x00001510
                0x1ffff094                . = ALIGN (0x4)
                0x1ffff094                PROVIDE (end, .)
                0x1ffff094                PROVIDE (_end, .)
                0x1ffff094                __heap_addr = .
                0x1ffff094                . = (. + __heap_size)
                0x1ffff494                . = (. + __stack_size)
 *fill*         0x1ffff094      0x400 00
                0x1ffff494                . = ALIGN (0x4)

.ARM.attributes
                0x00000000       0x31
 *(.ARM.attributes)
 .ARM.attributes
                0x00000000       0x31 ./Generated_Code/WAIT1.o
 .ARM.attributes
                0x00000031       0x31 ./Generated_Code/Vectors.o
 .ARM.attributes
                0x00000062       0x31 ./Generated_Code/SM1.o
 .ARM.attributes
                0x00000093       0x31 ./Generated_Code/SCEpin1.o
 .ARM.attributes
                0x000000c4       0x31 ./Generated_Code/RESpin1.o
 .ARM.attributes
                0x000000f5       0x31 ./Generated_Code/PE_LDD.o
 .ARM.attributes
                0x00000126       0x31 ./Generated_Code/PDC1.o
 .ARM.attributes
                0x00000157       0x31 ./Generated_Code/MCUC1.o
 .ARM.attributes
                0x00000188       0x31 ./Generated_Code/D_Cpin1.o
 .ARM.attributes
                0x000001b9       0x31 ./Generated_Code/Cpu.o
 .ARM.attributes
                0x000001ea       0x31 ./Generated_Code/BitIoLdd1.o
 .ARM.attributes
                0x0000021b       0x31 ./Project_Settings/Startup_Code/__arm_start.o
 .ARM.attributes
                0x0000024c       0x31 ./Project_Settings/Startup_Code/__arm_end.o
 .ARM.attributes
                0x0000027d       0x31 ./Sources/main.o
 .ARM.attributes
                0x000002ae       0x31 ./Sources/Events.o
 .ARM.attributes
                0x000002df       0x31 C:/Freescale/CW MCU v10.7/MCU/ARM_GCC_Support/ewl/lib/armv6-m\libc.a(exit.o)
 .ARM.attributes
                0x00000310       0x31 C:/Freescale/CW MCU v10.7/MCU/ARM_GCC_Support/ewl/lib/armv6-m\libc.a(memset.o)
 .ARM.attributes
                0x00000341       0x31 C:/Freescale/CW MCU v10.7/MCU/ARM_GCC_Support/ewl/lib/armv6-m\libc.a(__filll_mem.o)
 .ARM.attributes
                0x00000372       0x31 C:/Freescale/CW MCU v10.7/MCU/ARM_GCC_Support/ewl/lib/armv6-m\librt.a(gcc_ctor_dtor.o)
 .ARM.attributes
                0x000003a3       0x31 C:/Freescale/CW MCU v10.7/MCU/ARM_GCC_Support/ewl/lib/armv6-m\librt.a(__arm_eabi_init.o)
 .ARM.attributes
                0x000003d4       0x31 C:/Freescale/CW MCU v10.7/MCU/ARM_GCC_Support/ewl/lib/armv6-m\librt.a(ROMCopy.o)
OUTPUT(Test5110.elf elf32-littlearm)

.debug_info     0x00000000     0x35e6
 .debug_info    0x00000000      0x168 ./Generated_Code/WAIT1.o
 .debug_info    0x00000168      0x104 ./Generated_Code/Vectors.o
 .debug_info    0x0000026c      0x7ca ./Generated_Code/SM1.o
 .debug_info    0x00000a36      0x3c3 ./Generated_Code/SCEpin1.o
 .debug_info    0x00000df9      0x3c3 ./Generated_Code/RESpin1.o
 .debug_info    0x000011bc      0x24e ./Generated_Code/PE_LDD.o
 .debug_info    0x0000140a      0x5ad ./Generated_Code/PDC1.o
 .debug_info    0x000019b7       0xa0 ./Generated_Code/MCUC1.o
 .debug_info    0x00001a57      0x3c3 ./Generated_Code/D_Cpin1.o
 .debug_info    0x00001e1a      0x8e1 ./Generated_Code/Cpu.o
 .debug_info    0x000026fb      0x399 ./Generated_Code/BitIoLdd1.o
 .debug_info    0x00002a94      0x12a ./Project_Settings/Startup_Code/__arm_start.o
 .debug_info    0x00002bbe       0x54 ./Project_Settings/Startup_Code/__arm_end.o
 .debug_info    0x00002c12       0xb4 ./Sources/main.o
 .debug_info    0x00002cc6       0x8b ./Sources/Events.o
 .debug_info    0x00002d51       0xe8 C:/Freescale/CW MCU v10.7/MCU/ARM_GCC_Support/ewl/lib/armv6-m\libc.a(exit.o)
 .debug_info    0x00002e39       0xec C:/Freescale/CW MCU v10.7/MCU/ARM_GCC_Support/ewl/lib/armv6-m\libc.a(memset.o)
 .debug_info    0x00002f25      0x137 C:/Freescale/CW MCU v10.7/MCU/ARM_GCC_Support/ewl/lib/armv6-m\libc.a(__filll_mem.o)
 .debug_info    0x0000305c      0x136 C:/Freescale/CW MCU v10.7/MCU/ARM_GCC_Support/ewl/lib/armv6-m\librt.a(gcc_ctor_dtor.o)
 .debug_info    0x00003192      0x2b9 C:/Freescale/CW MCU v10.7/MCU/ARM_GCC_Support/ewl/lib/armv6-m\librt.a(__arm_eabi_init.o)
 .debug_info    0x0000344b      0x19b C:/Freescale/CW MCU v10.7/MCU/ARM_GCC_Support/ewl/lib/armv6-m\librt.a(ROMCopy.o)

.debug_abbrev   0x00000000     0x1224
 .debug_abbrev  0x00000000       0xba ./Generated_Code/WAIT1.o
 .debug_abbrev  0x000000ba       0xa3 ./Generated_Code/Vectors.o
 .debug_abbrev  0x0000015d      0x18b ./Generated_Code/SM1.o
 .debug_abbrev  0x000002e8      0x151 ./Generated_Code/SCEpin1.o
 .debug_abbrev  0x00000439      0x151 ./Generated_Code/RESpin1.o
 .debug_abbrev  0x0000058a      0x102 ./Generated_Code/PE_LDD.o
 .debug_abbrev  0x0000068c      0x170 ./Generated_Code/PDC1.o
 .debug_abbrev  0x000007fc       0x3d ./Generated_Code/MCUC1.o
 .debug_abbrev  0x00000839      0x151 ./Generated_Code/D_Cpin1.o
 .debug_abbrev  0x0000098a      0x122 ./Generated_Code/Cpu.o
 .debug_abbrev  0x00000aac      0x12b ./Generated_Code/BitIoLdd1.o
 .debug_abbrev  0x00000bd7       0x92 ./Project_Settings/Startup_Code/__arm_start.o
 .debug_abbrev  0x00000c69       0x4c ./Project_Settings/Startup_Code/__arm_end.o
 .debug_abbrev  0x00000cb5       0x72 ./Sources/main.o
 .debug_abbrev  0x00000d27       0x3d ./Sources/Events.o
 .debug_abbrev  0x00000d64       0x7a C:/Freescale/CW MCU v10.7/MCU/ARM_GCC_Support/ewl/lib/armv6-m\libc.a(exit.o)
 .debug_abbrev  0x00000dde       0x62 C:/Freescale/CW MCU v10.7/MCU/ARM_GCC_Support/ewl/lib/armv6-m\libc.a(memset.o)
 .debug_abbrev  0x00000e40       0x78 C:/Freescale/CW MCU v10.7/MCU/ARM_GCC_Support/ewl/lib/armv6-m\libc.a(__filll_mem.o)
 .debug_abbrev  0x00000eb8       0x99 C:/Freescale/CW MCU v10.7/MCU/ARM_GCC_Support/ewl/lib/armv6-m\librt.a(gcc_ctor_dtor.o)
 .debug_abbrev  0x00000f51      0x1b3 C:/Freescale/CW MCU v10.7/MCU/ARM_GCC_Support/ewl/lib/armv6-m\librt.a(__arm_eabi_init.o)
 .debug_abbrev  0x00001104      0x120 C:/Freescale/CW MCU v10.7/MCU/ARM_GCC_Support/ewl/lib/armv6-m\librt.a(ROMCopy.o)

.debug_loc      0x00000000     0x1370
 .debug_loc     0x00000000      0x100 ./Generated_Code/WAIT1.o
 .debug_loc     0x00000100      0x188 ./Generated_Code/SM1.o
 .debug_loc     0x00000288      0x150 ./Generated_Code/SCEpin1.o
 .debug_loc     0x000003d8      0x150 ./Generated_Code/RESpin1.o
 .debug_loc     0x00000528       0x9c ./Generated_Code/PE_LDD.o
 .debug_loc     0x000005c4      0x47c ./Generated_Code/PDC1.o
 .debug_loc     0x00000a40       0x58 ./Generated_Code/MCUC1.o
 .debug_loc     0x00000a98      0x150 ./Generated_Code/D_Cpin1.o
 .debug_loc     0x00000be8       0xb0 ./Generated_Code/Cpu.o
 .debug_loc     0x00000c98      0x118 ./Generated_Code/BitIoLdd1.o
 .debug_loc     0x00000db0       0x2c ./Project_Settings/Startup_Code/__arm_start.o
 .debug_loc     0x00000ddc       0x38 ./Project_Settings/Startup_Code/__arm_end.o
 .debug_loc     0x00000e14       0x2c ./Sources/main.o
 .debug_loc     0x00000e40       0x2c ./Sources/Events.o
 .debug_loc     0x00000e6c       0x3e C:/Freescale/CW MCU v10.7/MCU/ARM_GCC_Support/ewl/lib/armv6-m\libc.a(exit.o)
 .debug_loc     0x00000eaa       0x6f C:/Freescale/CW MCU v10.7/MCU/ARM_GCC_Support/ewl/lib/armv6-m\libc.a(memset.o)
 .debug_loc     0x00000f19      0x14a C:/Freescale/CW MCU v10.7/MCU/ARM_GCC_Support/ewl/lib/armv6-m\libc.a(__filll_mem.o)
 .debug_loc     0x00001063       0x9d C:/Freescale/CW MCU v10.7/MCU/ARM_GCC_Support/ewl/lib/armv6-m\librt.a(gcc_ctor_dtor.o)
 .debug_loc     0x00001100      0x197 C:/Freescale/CW MCU v10.7/MCU/ARM_GCC_Support/ewl/lib/armv6-m\librt.a(__arm_eabi_init.o)
 .debug_loc     0x00001297       0xd9 C:/Freescale/CW MCU v10.7/MCU/ARM_GCC_Support/ewl/lib/armv6-m\librt.a(ROMCopy.o)

.debug_aranges  0x00000000      0x4c8
 .debug_aranges
                0x00000000       0x50 ./Generated_Code/WAIT1.o
 .debug_aranges
                0x00000050       0x18 ./Generated_Code/Vectors.o
 .debug_aranges
                0x00000068       0x50 ./Generated_Code/SM1.o
 .debug_aranges
                0x000000b8       0x48 ./Generated_Code/SCEpin1.o
 .debug_aranges
                0x00000100       0x48 ./Generated_Code/RESpin1.o
 .debug_aranges
                0x00000148       0x30 ./Generated_Code/PE_LDD.o
 .debug_aranges
                0x00000178       0xc8 ./Generated_Code/PDC1.o
 .debug_aranges
                0x00000240       0x28 ./Generated_Code/MCUC1.o
 .debug_aranges
                0x00000268       0x48 ./Generated_Code/D_Cpin1.o
 .debug_aranges
                0x000002b0       0x38 ./Generated_Code/Cpu.o
 .debug_aranges
                0x000002e8       0x40 ./Generated_Code/BitIoLdd1.o
 .debug_aranges
                0x00000328       0x30 ./Project_Settings/Startup_Code/__arm_start.o
 .debug_aranges
                0x00000358       0x20 ./Project_Settings/Startup_Code/__arm_end.o
 .debug_aranges
                0x00000378       0x20 ./Sources/main.o
 .debug_aranges
                0x00000398       0x20 ./Sources/Events.o
 .debug_aranges
                0x000003b8       0x20 C:/Freescale/CW MCU v10.7/MCU/ARM_GCC_Support/ewl/lib/armv6-m\libc.a(exit.o)
 .debug_aranges
                0x000003d8       0x20 C:/Freescale/CW MCU v10.7/MCU/ARM_GCC_Support/ewl/lib/armv6-m\libc.a(memset.o)
 .debug_aranges
                0x000003f8       0x20 C:/Freescale/CW MCU v10.7/MCU/ARM_GCC_Support/ewl/lib/armv6-m\libc.a(__filll_mem.o)
 .debug_aranges
                0x00000418       0x28 C:/Freescale/CW MCU v10.7/MCU/ARM_GCC_Support/ewl/lib/armv6-m\librt.a(gcc_ctor_dtor.o)
 .debug_aranges
                0x00000440       0x58 C:/Freescale/CW MCU v10.7/MCU/ARM_GCC_Support/ewl/lib/armv6-m\librt.a(__arm_eabi_init.o)
 .debug_aranges
                0x00000498       0x30 C:/Freescale/CW MCU v10.7/MCU/ARM_GCC_Support/ewl/lib/armv6-m\librt.a(ROMCopy.o)

.debug_macinfo  0x00000000   0x2979b5
 .debug_macinfo
                0x00000000    0x2e9a3 ./Generated_Code/WAIT1.o
 .debug_macinfo
                0x0002e9a3    0x35cce ./Generated_Code/Vectors.o
 .debug_macinfo
                0x00064671    0x35a48 ./Generated_Code/SM1.o
 .debug_macinfo
                0x0009a0b9    0x2ec5c ./Generated_Code/SCEpin1.o
 .debug_macinfo
                0x000c8d15    0x2ec5c ./Generated_Code/RESpin1.o
 .debug_macinfo
                0x000f7971    0x35c9a ./Generated_Code/PE_LDD.o
 .debug_macinfo
                0x0012d60b    0x35c2d ./Generated_Code/PDC1.o
 .debug_macinfo
                0x00163238    0x2e548 ./Generated_Code/MCUC1.o
 .debug_macinfo
                0x00191780    0x2ec5c ./Generated_Code/D_Cpin1.o
 .debug_macinfo
                0x001c03dc    0x35cce ./Generated_Code/Cpu.o
 .debug_macinfo
                0x001f60aa    0x2ecb4 ./Generated_Code/BitIoLdd1.o
 .debug_macinfo
                0x00224d5e     0x3e6d ./Project_Settings/Startup_Code/__arm_start.o
 .debug_macinfo
                0x00228bcb     0x3456 ./Project_Settings/Startup_Code/__arm_end.o
 .debug_macinfo
                0x0022c021    0x35cca ./Sources/main.o
 .debug_macinfo
                0x00261ceb    0x35cca ./Sources/Events.o

.debug_line     0x00000000     0x34a4
 .debug_line    0x00000000      0x2c8 ./Generated_Code/WAIT1.o
 .debug_line    0x000002c8      0x410 ./Generated_Code/Vectors.o
 .debug_line    0x000006d8      0x39b ./Generated_Code/SM1.o
 .debug_line    0x00000a73      0x2e1 ./Generated_Code/SCEpin1.o
 .debug_line    0x00000d54      0x2e1 ./Generated_Code/RESpin1.o
 .debug_line    0x00001035      0x33d ./Generated_Code/PE_LDD.o
 .debug_line    0x00001372      0x4e3 ./Generated_Code/PDC1.o
 .debug_line    0x00001855      0x23b ./Generated_Code/MCUC1.o
 .debug_line    0x00001a90      0x2e1 ./Generated_Code/D_Cpin1.o
 .debug_line    0x00001d71      0x479 ./Generated_Code/Cpu.o
 .debug_line    0x000021ea      0x2d2 ./Generated_Code/BitIoLdd1.o
 .debug_line    0x000024bc      0x29e ./Project_Settings/Startup_Code/__arm_start.o
 .debug_line    0x0000275a      0x265 ./Project_Settings/Startup_Code/__arm_end.o
 .debug_line    0x000029bf      0x34d ./Sources/main.o
 .debug_line    0x00002d0c      0x345 ./Sources/Events.o
 .debug_line    0x00003051       0x8d C:/Freescale/CW MCU v10.7/MCU/ARM_GCC_Support/ewl/lib/armv6-m\libc.a(exit.o)
 .debug_line    0x000030de       0x90 C:/Freescale/CW MCU v10.7/MCU/ARM_GCC_Support/ewl/lib/armv6-m\libc.a(memset.o)
 .debug_line    0x0000316e       0xf6 C:/Freescale/CW MCU v10.7/MCU/ARM_GCC_Support/ewl/lib/armv6-m\libc.a(__filll_mem.o)
 .debug_line    0x00003264       0x6c C:/Freescale/CW MCU v10.7/MCU/ARM_GCC_Support/ewl/lib/armv6-m\librt.a(gcc_ctor_dtor.o)
 .debug_line    0x000032d0      0x117 C:/Freescale/CW MCU v10.7/MCU/ARM_GCC_Support/ewl/lib/armv6-m\librt.a(__arm_eabi_init.o)
 .debug_line    0x000033e7       0xbd C:/Freescale/CW MCU v10.7/MCU/ARM_GCC_Support/ewl/lib/armv6-m\librt.a(ROMCopy.o)

.debug_str      0x00000000     0x1241
 .debug_str     0x00000000      0x193 ./Generated_Code/WAIT1.o
                                0x1bf (size before relaxing)
 .debug_str     0x00000193       0x55 ./Generated_Code/Vectors.o
                                0x16f (size before relaxing)
 .debug_str     0x000001e8      0x34d ./Generated_Code/SM1.o
                                0x487 (size before relaxing)
 .debug_str     0x00000535       0xe8 ./Generated_Code/SCEpin1.o
                                0x2da (size before relaxing)
 .debug_str     0x0000061d       0x9f ./Generated_Code/RESpin1.o
                                0x2da (size before relaxing)
 .debug_str     0x000006bc      0x172 ./Generated_Code/PE_LDD.o
                                0x2d2 (size before relaxing)
 .debug_str     0x0000082e      0x2c8 ./Generated_Code/PDC1.o
                                0x435 (size before relaxing)
 .debug_str     0x00000af6       0x32 ./Generated_Code/MCUC1.o
                                0x143 (size before relaxing)
 .debug_str     0x00000b28       0x9f ./Generated_Code/D_Cpin1.o
                                0x2da (size before relaxing)
 .debug_str     0x00000bc7      0x17d ./Generated_Code/Cpu.o
                                0x41e (size before relaxing)
 .debug_str     0x00000d44       0xa0 ./Generated_Code/BitIoLdd1.o
                                0x2db (size before relaxing)
 .debug_str     0x00000de4       0x85 ./Project_Settings/Startup_Code/__arm_start.o
                                0x19d (size before relaxing)
 .debug_str     0x00000e69       0x41 ./Project_Settings/Startup_Code/__arm_end.o
                                 0xd4 (size before relaxing)
 .debug_str     0x00000eaa       0x17 ./Sources/main.o
                                0x14e (size before relaxing)
 .debug_str     0x00000ec1       0x21 ./Sources/Events.o
                                0x132 (size before relaxing)
 .debug_str     0x00000ee2       0x5a C:/Freescale/CW MCU v10.7/MCU/ARM_GCC_Support/ewl/lib/armv6-m\libc.a(exit.o)
                                0x157 (size before relaxing)
 .debug_str     0x00000f3c       0x23 C:/Freescale/CW MCU v10.7/MCU/ARM_GCC_Support/ewl/lib/armv6-m\libc.a(memset.o)
                                0x140 (size before relaxing)
 .debug_str     0x00000f5f       0x2d C:/Freescale/CW MCU v10.7/MCU/ARM_GCC_Support/ewl/lib/armv6-m\libc.a(__filll_mem.o)
                                0x152 (size before relaxing)
 .debug_str     0x00000f8c      0x126 C:/Freescale/CW MCU v10.7/MCU/ARM_GCC_Support/ewl/lib/armv6-m\librt.a(gcc_ctor_dtor.o)
                                0x181 (size before relaxing)
 .debug_str     0x000010b2       0xee C:/Freescale/CW MCU v10.7/MCU/ARM_GCC_Support/ewl/lib/armv6-m\librt.a(__arm_eabi_init.o)
                                0x1b5 (size before relaxing)
 .debug_str     0x000011a0       0xa1 C:/Freescale/CW MCU v10.7/MCU/ARM_GCC_Support/ewl/lib/armv6-m\librt.a(ROMCopy.o)
                                0x13c (size before relaxing)

.comment        0x00000000       0x79
 .comment       0x00000000       0x79 ./Generated_Code/WAIT1.o
                                 0x7a (size before relaxing)
 .comment       0x00000000       0x7a ./Generated_Code/Vectors.o
 .comment       0x00000000       0x7a ./Generated_Code/SM1.o
 .comment       0x00000000       0x7a ./Generated_Code/SCEpin1.o
 .comment       0x00000000       0x7a ./Generated_Code/RESpin1.o
 .comment       0x00000000       0x7a ./Generated_Code/PE_LDD.o
 .comment       0x00000000       0x7a ./Generated_Code/PDC1.o
 .comment       0x00000000       0x7a ./Generated_Code/MCUC1.o
 .comment       0x00000000       0x7a ./Generated_Code/D_Cpin1.o
 .comment       0x00000000       0x7a ./Generated_Code/Cpu.o
 .comment       0x00000000       0x7a ./Generated_Code/BitIoLdd1.o
 .comment       0x00000000       0x7a ./Project_Settings/Startup_Code/__arm_start.o
 .comment       0x00000000       0x7a ./Project_Settings/Startup_Code/__arm_end.o
 .comment       0x00000000       0x7a ./Sources/main.o
 .comment       0x00000000       0x7a ./Sources/Events.o
 .comment       0x00000000       0x7a C:/Freescale/CW MCU v10.7/MCU/ARM_GCC_Support/ewl/lib/armv6-m\libc.a(exit.o)
 .comment       0x00000000       0x7a C:/Freescale/CW MCU v10.7/MCU/ARM_GCC_Support/ewl/lib/armv6-m\libc.a(memset.o)
 .comment       0x00000000       0x7a C:/Freescale/CW MCU v10.7/MCU/ARM_GCC_Support/ewl/lib/armv6-m\libc.a(__filll_mem.o)
 .comment       0x00000000       0x7a C:/Freescale/CW MCU v10.7/MCU/ARM_GCC_Support/ewl/lib/armv6-m\librt.a(gcc_ctor_dtor.o)
 .comment       0x00000000       0x7a C:/Freescale/CW MCU v10.7/MCU/ARM_GCC_Support/ewl/lib/armv6-m\librt.a(__arm_eabi_init.o)
 .comment       0x00000000       0x7a C:/Freescale/CW MCU v10.7/MCU/ARM_GCC_Support/ewl/lib/armv6-m\librt.a(ROMCopy.o)

.debug_frame    0x00000000      0xb68
 .debug_frame   0x00000000       0xc8 ./Generated_Code/WAIT1.o
 .debug_frame   0x000000c8       0xf0 ./Generated_Code/SM1.o
 .debug_frame   0x000001b8       0xd0 ./Generated_Code/SCEpin1.o
 .debug_frame   0x00000288       0xd0 ./Generated_Code/RESpin1.o
 .debug_frame   0x00000358       0x6c ./Generated_Code/PE_LDD.o
 .debug_frame   0x000003c4      0x2b8 ./Generated_Code/PDC1.o
 .debug_frame   0x0000067c       0x48 ./Generated_Code/MCUC1.o
 .debug_frame   0x000006c4       0xd0 ./Generated_Code/D_Cpin1.o
 .debug_frame   0x00000794       0x80 ./Generated_Code/Cpu.o
 .debug_frame   0x00000814       0xb0 ./Generated_Code/BitIoLdd1.o
 .debug_frame   0x000008c4       0x4c ./Project_Settings/Startup_Code/__arm_start.o
 .debug_frame   0x00000910       0x30 ./Project_Settings/Startup_Code/__arm_end.o
 .debug_frame   0x00000940       0x2c ./Sources/main.o
 .debug_frame   0x0000096c       0x2c ./Sources/Events.o
 .debug_frame   0x00000998       0x2c C:/Freescale/CW MCU v10.7/MCU/ARM_GCC_Support/ewl/lib/armv6-m\libc.a(exit.o)
 .debug_frame   0x000009c4       0x28 C:/Freescale/CW MCU v10.7/MCU/ARM_GCC_Support/ewl/lib/armv6-m\libc.a(memset.o)
 .debug_frame   0x000009ec       0x2c C:/Freescale/CW MCU v10.7/MCU/ARM_GCC_Support/ewl/lib/armv6-m\libc.a(__filll_mem.o)
 .debug_frame   0x00000a18       0x40 C:/Freescale/CW MCU v10.7/MCU/ARM_GCC_Support/ewl/lib/armv6-m\librt.a(gcc_ctor_dtor.o)
 .debug_frame   0x00000a58       0xbc C:/Freescale/CW MCU v10.7/MCU/ARM_GCC_Support/ewl/lib/armv6-m\librt.a(__arm_eabi_init.o)
 .debug_frame   0x00000b14       0x54 C:/Freescale/CW MCU v10.7/MCU/ARM_GCC_Support/ewl/lib/armv6-m\librt.a(ROMCopy.o)
