Archive member included because of file (symbol)

C:/Freescale/CW MCU v10.7/MCU/ARM_GCC_Support/ewl/lib/armv6-m\libc.a(exit.o)
                              ./Project_Settings/Startup_Code/__arm_start.o (exit)
C:/Freescale/CW MCU v10.7/MCU/ARM_GCC_Support/ewl/lib/armv6-m\libc.a(memset.o)
                              ./Project_Settings/Startup_Code/__arm_start.o (memset)
C:/Freescale/CW MCU v10.7/MCU/ARM_GCC_Support/ewl/lib/armv6-m\libc.a(__filll_mem.o)
                              C:/Freescale/CW MCU v10.7/MCU/ARM_GCC_Support/ewl/lib/armv6-m\libc.a(memset.o) (__fill_mem)
C:/Freescale/CW MCU v10.7/MCU/ARM_GCC_Support/ewl/lib/armv6-m\libc.a(memcpy.o)
                              ./Sources/main.o (memcpy)
c:/freescale/cw mcu v10.7/cross_tools/arm-none-eabi-gcc-4_7_3/bin/../lib/gcc/arm-none-eabi/4.7.3/armv6-m\libgcc.a(_udivsi3.o)
                              ./Generated_Code/GI2C1.o (__aeabi_uidiv)
c:/freescale/cw mcu v10.7/cross_tools/arm-none-eabi-gcc-4_7_3/bin/../lib/gcc/arm-none-eabi/4.7.3/armv6-m\libgcc.a(_dvmd_tls.o)
                              c:/freescale/cw mcu v10.7/cross_tools/arm-none-eabi-gcc-4_7_3/bin/../lib/gcc/arm-none-eabi/4.7.3/armv6-m\libgcc.a(_udivsi3.o) (__aeabi_idiv0)
C:/Freescale/CW MCU v10.7/MCU/ARM_GCC_Support/ewl/lib/armv6-m\librt.a(gcc_ctor_dtor.o)
                              ./Project_Settings/Startup_Code/__arm_start.o (__init_cpp)
C:/Freescale/CW MCU v10.7/MCU/ARM_GCC_Support/ewl/lib/armv6-m\librt.a(__arm_eabi_init.o)
                              C:/Freescale/CW MCU v10.7/MCU/ARM_GCC_Support/ewl/lib/armv6-m\libc.a(exit.o) (__destroy_global_chain)
C:/Freescale/CW MCU v10.7/MCU/ARM_GCC_Support/ewl/lib/armv6-m\librt.a(ROMCopy.o)
                              ./Project_Settings/Startup_Code/__arm_start.o (__copy_rom_sections_to_ram)

Allocating common symbols
Common symbol       size              file

SR_reg              0x1               ./Generated_Code/Cpu.o

Discarded input sections

 .text          0x00000000        0x0 ./Generated_Code/WAIT1.o
 .data          0x00000000        0x0 ./Generated_Code/WAIT1.o
 .bss           0x00000000        0x0 ./Generated_Code/WAIT1.o
 .text.WAIT1_DeInit
                0x00000000        0x8 ./Generated_Code/WAIT1.o
 .text          0x00000000        0x0 ./Generated_Code/Vectors.o
 .data          0x00000000        0x0 ./Generated_Code/Vectors.o
 .bss           0x00000000        0x0 ./Generated_Code/Vectors.o
 .text          0x00000000        0x0 ./Generated_Code/PE_LDD.o
 .data          0x00000000        0x0 ./Generated_Code/PE_LDD.o
 .bss           0x00000000        0x0 ./Generated_Code/PE_LDD.o
 .rodata.PE_CpuClockConfigurations
                0x00000000       0x28 ./Generated_Code/PE_LDD.o
 .text.PE_FillMemory
                0x00000000       0x28 ./Generated_Code/PE_LDD.o
 .text.PE_PeripheralUsed
                0x00000000       0x38 ./Generated_Code/PE_LDD.o
 .text.LDD_SetClockConfiguration
                0x00000000       0x14 ./Generated_Code/PE_LDD.o
 .text          0x00000000        0x0 ./Generated_Code/MCUC1.o
 .data          0x00000000        0x0 ./Generated_Code/MCUC1.o
 .bss           0x00000000        0x0 ./Generated_Code/MCUC1.o
 .text.MCUC1_Deinit
                0x00000000        0x8 ./Generated_Code/MCUC1.o
 .text          0x00000000        0x0 ./Generated_Code/GI2C1.o
 .data          0x00000000        0x0 ./Generated_Code/GI2C1.o
 .bss           0x00000000        0x0 ./Generated_Code/GI2C1.o
 .text.GI2C1_ReadAddressWait
                0x00000000      0x104 ./Generated_Code/GI2C1.o
 .text.GI2C1_ReadAddress
                0x00000000       0x48 ./Generated_Code/GI2C1.o
 .text.GI2C1_WriteAddress
                0x00000000      0x140 ./Generated_Code/GI2C1.o
 .text.GI2C1_Deinit
                0x00000000       0x14 ./Generated_Code/GI2C1.o
 .text.GI2C1_GetSemaphore
                0x00000000        0xc ./Generated_Code/GI2C1.o
 .text.GI2C1_ReadByteAddress8
                0x00000000       0x34 ./Generated_Code/GI2C1.o
 .text.GI2C1_WriteByteAddress8
                0x00000000       0x34 ./Generated_Code/GI2C1.o
 .text.GI2C1_ReadWordAddress8
                0x00000000       0x34 ./Generated_Code/GI2C1.o
 .text.GI2C1_WriteWordAddress8
                0x00000000       0x34 ./Generated_Code/GI2C1.o
 .text.GI2C1_ScanDevice
                0x00000000       0xb8 ./Generated_Code/GI2C1.o
 .text.GI2C1_ReadByte
                0x00000000       0x2c ./Generated_Code/GI2C1.o
 .text.GI2C1_WriteByte
                0x00000000       0x30 ./Generated_Code/GI2C1.o
 .bss.writeBuf.5736
                0x00000000       0x10 ./Generated_Code/GI2C1.o
 .text          0x00000000        0x0 ./Generated_Code/EE241.o
 .data          0x00000000        0x0 ./Generated_Code/EE241.o
 .bss           0x00000000        0x0 ./Generated_Code/EE241.o
 .text.EE241_WriteByte
                0x00000000       0xe8 ./Generated_Code/EE241.o
 .text.EE241_ReadByte
                0x00000000       0xbc ./Generated_Code/EE241.o
 .text          0x00000000        0x0 ./Generated_Code/Cpu.o
 .data          0x00000000        0x0 ./Generated_Code/Cpu.o
 .bss           0x00000000        0x0 ./Generated_Code/Cpu.o
 .text          0x00000000        0x0 ./Generated_Code/CI2C1.o
 .data          0x00000000        0x0 ./Generated_Code/CI2C1.o
 .bss           0x00000000        0x0 ./Generated_Code/CI2C1.o
 .text.CI2C1_Deinit
                0x00000000       0x40 ./Generated_Code/CI2C1.o
 .text          0x00000000        0x0 ./Project_Settings/Startup_Code/__arm_start.o
 .data          0x00000000        0x0 ./Project_Settings/Startup_Code/__arm_start.o
 .bss           0x00000000        0x0 ./Project_Settings/Startup_Code/__arm_start.o
 .text.__iar_program_start
                0x00000000        0x4 ./Project_Settings/Startup_Code/__arm_start.o
 .text          0x00000000        0x0 ./Project_Settings/Startup_Code/__arm_end.o
 .data          0x00000000        0x0 ./Project_Settings/Startup_Code/__arm_end.o
 .bss           0x00000000        0x0 ./Project_Settings/Startup_Code/__arm_end.o
 .text          0x00000000        0x0 ./Sources/sa_mtb.o
 .data          0x00000000        0x0 ./Sources/sa_mtb.o
 .bss           0x00000000        0x0 ./Sources/sa_mtb.o
 .debug_info    0x00000000       0x21 ./Sources/sa_mtb.o
 .debug_abbrev  0x00000000       0x12 ./Sources/sa_mtb.o
 .debug_aranges
                0x00000000       0x18 ./Sources/sa_mtb.o
 .debug_macinfo
                0x00000000     0x24d8 ./Sources/sa_mtb.o
 .debug_line    0x00000000       0xaa ./Sources/sa_mtb.o
 .debug_str     0x00000000       0x9c ./Sources/sa_mtb.o
 .comment       0x00000000       0x7a ./Sources/sa_mtb.o
 .ARM.attributes
                0x00000000       0x31 ./Sources/sa_mtb.o
 .text          0x00000000        0x0 ./Sources/main.o
 .data          0x00000000        0x0 ./Sources/main.o
 .bss           0x00000000        0x0 ./Sources/main.o
 .text          0x00000000        0x0 ./Sources/Events.o
 .data          0x00000000        0x0 ./Sources/Events.o
 .bss           0x00000000        0x0 ./Sources/Events.o
 .text          0x00000000        0x0 C:/Freescale/CW MCU v10.7/MCU/ARM_GCC_Support/ewl/lib/armv6-m\libc.a(exit.o)
 .data          0x00000000        0x0 C:/Freescale/CW MCU v10.7/MCU/ARM_GCC_Support/ewl/lib/armv6-m\libc.a(exit.o)
 .bss           0x00000000        0x0 C:/Freescale/CW MCU v10.7/MCU/ARM_GCC_Support/ewl/lib/armv6-m\libc.a(exit.o)
 .text          0x00000000        0x0 C:/Freescale/CW MCU v10.7/MCU/ARM_GCC_Support/ewl/lib/armv6-m\libc.a(memset.o)
 .data          0x00000000        0x0 C:/Freescale/CW MCU v10.7/MCU/ARM_GCC_Support/ewl/lib/armv6-m\libc.a(memset.o)
 .bss           0x00000000        0x0 C:/Freescale/CW MCU v10.7/MCU/ARM_GCC_Support/ewl/lib/armv6-m\libc.a(memset.o)
 .text          0x00000000        0x0 C:/Freescale/CW MCU v10.7/MCU/ARM_GCC_Support/ewl/lib/armv6-m\libc.a(__filll_mem.o)
 .data          0x00000000        0x0 C:/Freescale/CW MCU v10.7/MCU/ARM_GCC_Support/ewl/lib/armv6-m\libc.a(__filll_mem.o)
 .bss           0x00000000        0x0 C:/Freescale/CW MCU v10.7/MCU/ARM_GCC_Support/ewl/lib/armv6-m\libc.a(__filll_mem.o)
 .text          0x00000000        0x0 C:/Freescale/CW MCU v10.7/MCU/ARM_GCC_Support/ewl/lib/armv6-m\libc.a(memcpy.o)
 .data          0x00000000        0x0 C:/Freescale/CW MCU v10.7/MCU/ARM_GCC_Support/ewl/lib/armv6-m\libc.a(memcpy.o)
 .bss           0x00000000        0x0 C:/Freescale/CW MCU v10.7/MCU/ARM_GCC_Support/ewl/lib/armv6-m\libc.a(memcpy.o)
 .data          0x00000000        0x0 c:/freescale/cw mcu v10.7/cross_tools/arm-none-eabi-gcc-4_7_3/bin/../lib/gcc/arm-none-eabi/4.7.3/armv6-m\libgcc.a(_udivsi3.o)
 .bss           0x00000000        0x0 c:/freescale/cw mcu v10.7/cross_tools/arm-none-eabi-gcc-4_7_3/bin/../lib/gcc/arm-none-eabi/4.7.3/armv6-m\libgcc.a(_udivsi3.o)
 .data          0x00000000        0x0 c:/freescale/cw mcu v10.7/cross_tools/arm-none-eabi-gcc-4_7_3/bin/../lib/gcc/arm-none-eabi/4.7.3/armv6-m\libgcc.a(_dvmd_tls.o)
 .bss           0x00000000        0x0 c:/freescale/cw mcu v10.7/cross_tools/arm-none-eabi-gcc-4_7_3/bin/../lib/gcc/arm-none-eabi/4.7.3/armv6-m\libgcc.a(_dvmd_tls.o)
 .text          0x00000000        0x0 C:/Freescale/CW MCU v10.7/MCU/ARM_GCC_Support/ewl/lib/armv6-m\librt.a(gcc_ctor_dtor.o)
 .data          0x00000000        0x0 C:/Freescale/CW MCU v10.7/MCU/ARM_GCC_Support/ewl/lib/armv6-m\librt.a(gcc_ctor_dtor.o)
 .bss           0x00000000        0x0 C:/Freescale/CW MCU v10.7/MCU/ARM_GCC_Support/ewl/lib/armv6-m\librt.a(gcc_ctor_dtor.o)
 .bss.__dso_handle
                0x00000000        0x4 C:/Freescale/CW MCU v10.7/MCU/ARM_GCC_Support/ewl/lib/armv6-m\librt.a(gcc_ctor_dtor.o)
 .text          0x00000000        0x0 C:/Freescale/CW MCU v10.7/MCU/ARM_GCC_Support/ewl/lib/armv6-m\librt.a(__arm_eabi_init.o)
 .data          0x00000000        0x0 C:/Freescale/CW MCU v10.7/MCU/ARM_GCC_Support/ewl/lib/armv6-m\librt.a(__arm_eabi_init.o)
 .bss           0x00000000        0x0 C:/Freescale/CW MCU v10.7/MCU/ARM_GCC_Support/ewl/lib/armv6-m\librt.a(__arm_eabi_init.o)
 .text.__register_global_object
                0x00000000       0x14 C:/Freescale/CW MCU v10.7/MCU/ARM_GCC_Support/ewl/lib/armv6-m\librt.a(__arm_eabi_init.o)
 .text.__cxa_atexit
                0x00000000       0x38 C:/Freescale/CW MCU v10.7/MCU/ARM_GCC_Support/ewl/lib/armv6-m\librt.a(__arm_eabi_init.o)
 .text.__aeabi_atexit
                0x00000000        0xe C:/Freescale/CW MCU v10.7/MCU/ARM_GCC_Support/ewl/lib/armv6-m\librt.a(__arm_eabi_init.o)
 .text.__register_atexit
                0x00000000        0xc C:/Freescale/CW MCU v10.7/MCU/ARM_GCC_Support/ewl/lib/armv6-m\librt.a(__arm_eabi_init.o)
 .text.__init_hardware
                0x00000000        0x4 C:/Freescale/CW MCU v10.7/MCU/ARM_GCC_Support/ewl/lib/armv6-m\librt.a(__arm_eabi_init.o)
 .bss.atexit_curr_func
                0x00000000        0x4 C:/Freescale/CW MCU v10.7/MCU/ARM_GCC_Support/ewl/lib/armv6-m\librt.a(__arm_eabi_init.o)
 .bss.atexit_funcs
                0x00000000      0x300 C:/Freescale/CW MCU v10.7/MCU/ARM_GCC_Support/ewl/lib/armv6-m\librt.a(__arm_eabi_init.o)
 .text          0x00000000        0x0 C:/Freescale/CW MCU v10.7/MCU/ARM_GCC_Support/ewl/lib/armv6-m\librt.a(ROMCopy.o)
 .data          0x00000000        0x0 C:/Freescale/CW MCU v10.7/MCU/ARM_GCC_Support/ewl/lib/armv6-m\librt.a(ROMCopy.o)
 .bss           0x00000000        0x0 C:/Freescale/CW MCU v10.7/MCU/ARM_GCC_Support/ewl/lib/armv6-m\librt.a(ROMCopy.o)
 .text.__flush_cache
                0x00000000        0x2 C:/Freescale/CW MCU v10.7/MCU/ARM_GCC_Support/ewl/lib/armv6-m\librt.a(ROMCopy.o)

Memory Configuration

Name             Origin             Length             Attributes
m_interrupts     0x00000000         0x000000c0         xr
m_text           0x00000410         0x0001fbf0         xr
m_data           0x1ffff000         0x00004000         rw
m_cfmprotrom     0x00000400         0x00000010         xr
*default*        0x00000000         0xffffffff

Linker script and memory map

LOAD ./Generated_Code/WAIT1.o
LOAD ./Generated_Code/Vectors.o
LOAD ./Generated_Code/PE_LDD.o
LOAD ./Generated_Code/MCUC1.o
LOAD ./Generated_Code/GI2C1.o
LOAD ./Generated_Code/EE241.o
LOAD ./Generated_Code/Cpu.o
LOAD ./Generated_Code/CI2C1.o
LOAD ./Project_Settings/Startup_Code/__arm_start.o
LOAD ./Project_Settings/Startup_Code/__arm_end.o
LOAD ./Sources/sa_mtb.o
LOAD ./Sources/main.o
LOAD ./Sources/Events.o
START GROUP
LOAD C:/Freescale/CW MCU v10.7/MCU/ARM_GCC_Support/ewl/lib/armv6-m\libc.a
LOAD C:/Freescale/CW MCU v10.7/MCU/ARM_GCC_Support/ewl/lib/armv6-m\libm.a
LOAD c:/freescale/cw mcu v10.7/cross_tools/arm-none-eabi-gcc-4_7_3/bin/../lib/gcc/arm-none-eabi/4.7.3/armv6-m\libgcc.a
LOAD C:/Freescale/CW MCU v10.7/MCU/ARM_GCC_Support/ewl/lib/armv6-m\librt.a
END GROUP
                0x20003000                _estack = 0x20003000
                0x20003000                __SP_INIT = _estack
                0x00000000                __heap_size = 0x0
                0x00000400                __stack_size = 0x400

.interrupts     0x00000000       0xc0
                0x00000000                __vector_table = .
                0x00000000                . = ALIGN (0x4)
 *(.vectortable)
 .vectortable   0x00000000       0xc0 ./Generated_Code/Vectors.o
                0x00000000                __vect_table
                0x000000c0                . = ALIGN (0x4)

.cfmprotect     0x00000400       0x10
                0x00000400                . = ALIGN (0x4)
 *(.cfmconfig)
 .cfmconfig     0x00000400       0x10 ./Generated_Code/Cpu.o
                0x00000400                _cfm
                0x00000410                . = ALIGN (0x4)

.text           0x00000410     0x15a8
                0x00000410                . = ALIGN (0x4)
 *(.text)
 .text          0x00000410       0x9c c:/freescale/cw mcu v10.7/cross_tools/arm-none-eabi-gcc-4_7_3/bin/../lib/gcc/arm-none-eabi/4.7.3/armv6-m\libgcc.a(_udivsi3.o)
                0x00000410                __aeabi_uidiv
                0x00000410                __udivsi3
                0x00000498                __aeabi_uidivmod
 .text          0x000004ac        0x4 c:/freescale/cw mcu v10.7/cross_tools/arm-none-eabi-gcc-4_7_3/bin/../lib/gcc/arm-none-eabi/4.7.3/armv6-m\libgcc.a(_dvmd_tls.o)
                0x000004ac                __aeabi_idiv0
                0x000004ac                __aeabi_ldiv0
 *(.text*)
 .text.WAIT1_Wait10Cycles
                0x000004b0        0x8 ./Generated_Code/WAIT1.o
                0x000004b0                WAIT1_Wait10Cycles
 .text.WAIT1_Wait100Cycles
                0x000004b8       0x24 ./Generated_Code/WAIT1.o
                0x000004b8                WAIT1_Wait100Cycles
 .text.WAIT1_WaitCycles
                0x000004dc       0x44 ./Generated_Code/WAIT1.o
                0x000004dc                WAIT1_WaitCycles
 .text.WAIT1_WaitLongCycles
                0x00000520       0x3c ./Generated_Code/WAIT1.o
                0x00000520                WAIT1_WaitLongCycles
 .text.WAIT1_Waitms
                0x0000055c       0x38 ./Generated_Code/WAIT1.o
                0x0000055c                WAIT1_Waitms
 .text.WAIT1_Init
                0x00000594        0x8 ./Generated_Code/WAIT1.o
                0x00000594                WAIT1_Init
 .text.MCUC1_Init
                0x0000059c        0x8 ./Generated_Code/MCUC1.o
                0x0000059c                MCUC1_Init
 .text.GI2C1_RequestBus
                0x000005a4        0x8 ./Generated_Code/GI2C1.o
                0x000005a4                GI2C1_RequestBus
 .text.GI2C1_ReleaseBus
                0x000005ac        0x8 ./Generated_Code/GI2C1.o
                0x000005ac                GI2C1_ReleaseBus
 .text.GI2C1_SelectSlave
                0x000005b4       0x40 ./Generated_Code/GI2C1.o
                0x000005b4                GI2C1_SelectSlave
 .text.GI2C1_UnselectSlave
                0x000005f4       0x10 ./Generated_Code/GI2C1.o
                0x000005f4                GI2C1_UnselectSlave
 .text.GI2C1_ReadBlock
                0x00000604       0x6c ./Generated_Code/GI2C1.o
                0x00000604                GI2C1_ReadBlock
 .text.GI2C1_WriteBlock
                0x00000670       0x6c ./Generated_Code/GI2C1.o
                0x00000670                GI2C1_WriteBlock
 .text.CI2C1_OnMasterBlockSent
                0x000006dc       0x24 ./Generated_Code/GI2C1.o
                0x000006dc                CI2C1_OnMasterBlockSent
 .text.CI2C1_OnMasterBlockReceived
                0x00000700       0x24 ./Generated_Code/GI2C1.o
                0x00000700                CI2C1_OnMasterBlockReceived
 .text.GI2C1_Init
                0x00000724       0x24 ./Generated_Code/GI2C1.o
                0x00000724                GI2C1_Init
 .text.GI2C1_ProbeACK
                0x00000748      0x128 ./Generated_Code/GI2C1.o
                0x00000748                GI2C1_ProbeACK
 .text.EE241_ReadBlock
                0x00000870       0xc4 ./Generated_Code/EE241.o
                0x00000870                EE241_ReadBlock
 .text.EE241_WriteBlockPage
                0x00000934      0x2f0 ./Generated_Code/EE241.o
                0x00000934                EE241_WriteBlockPage
 .text.EE241_WriteBlock
                0x00000c24       0xa0 ./Generated_Code/EE241.o
                0x00000c24                EE241_WriteBlock
 .text.Cpu_INT_NMIInterrupt
                0x00000cc4        0xc ./Generated_Code/Cpu.o
                0x00000cc4                Cpu_INT_NMIInterrupt
 .text.Cpu_Interrupt
                0x00000cd0        0xc ./Generated_Code/Cpu.o
                0x00000cd0                Cpu_Interrupt
 .text.__init_hardware
                0x00000cdc      0x110 ./Generated_Code/Cpu.o
                0x00000cdc                __init_hardware
 .text.PE_low_level_init
                0x00000dec       0xd4 ./Generated_Code/Cpu.o
                0x00000dec                PE_low_level_init
 .text.CI2C1_Interrupt
                0x00000ec0      0x278 ./Generated_Code/CI2C1.o
                0x00000ec0                CI2C1_Interrupt
 .text.CI2C1_Init
                0x00001138      0x11c ./Generated_Code/CI2C1.o
                0x00001138                CI2C1_Init
 .text.CI2C1_MasterSendBlock
                0x00001254      0x19c ./Generated_Code/CI2C1.o
                0x00001254                CI2C1_MasterSendBlock
 .text.CI2C1_MasterReceiveBlock
                0x000013f0      0x19c ./Generated_Code/CI2C1.o
                0x000013f0                CI2C1_MasterReceiveBlock
 .text.CI2C1_SelectSlaveDevice
                0x0000158c      0x100 ./Generated_Code/CI2C1.o
                0x0000158c                CI2C1_SelectSlaveDevice
 .text.zero_fill_bss
                0x0000168c       0x24 ./Project_Settings/Startup_Code/__arm_start.o
 .text.__thumb_startup
                0x000016b0       0x30 ./Project_Settings/Startup_Code/__arm_start.o
                0x000016b0                __thumb_startup
 .text._ExitProcess
                0x000016e0        0xc ./Project_Settings/Startup_Code/__arm_end.o
                0x000016e0                _ExitProcess
 .text.main     0x000016ec       0x9c ./Sources/main.o
                0x000016ec                main
 .text.Cpu_OnNMIINT
                0x00001788        0x8 ./Sources/Events.o
                0x00001788                Cpu_OnNMIINT
 .text.exit     0x00001790       0x38 C:/Freescale/CW MCU v10.7/MCU/ARM_GCC_Support/ewl/lib/armv6-m\libc.a(exit.o)
                0x00001790                exit
 .text.memset   0x000017c8        0xc C:/Freescale/CW MCU v10.7/MCU/ARM_GCC_Support/ewl/lib/armv6-m\libc.a(memset.o)
                0x000017c8                memset
 .text.__fill_mem
                0x000017d4       0x7e C:/Freescale/CW MCU v10.7/MCU/ARM_GCC_Support/ewl/lib/armv6-m\libc.a(__filll_mem.o)
                0x000017d4                __fill_mem
 .text.memcpy   0x00001852       0x12 C:/Freescale/CW MCU v10.7/MCU/ARM_GCC_Support/ewl/lib/armv6-m\libc.a(memcpy.o)
                0x00001852                memcpy
 .text.__init_cpp
                0x00001864       0x48 C:/Freescale/CW MCU v10.7/MCU/ARM_GCC_Support/ewl/lib/armv6-m\librt.a(gcc_ctor_dtor.o)
                0x00001864                __init_cpp
 .text.__fini_cpp
                0x000018ac       0x34 C:/Freescale/CW MCU v10.7/MCU/ARM_GCC_Support/ewl/lib/armv6-m\librt.a(gcc_ctor_dtor.o)
                0x000018ac                __fini_cpp
 .text.__destroy_global_chain
                0x000018e0       0x1c C:/Freescale/CW MCU v10.7/MCU/ARM_GCC_Support/ewl/lib/armv6-m\librt.a(__arm_eabi_init.o)
                0x000018e0                __destroy_global_chain
 .text.__init_registers
                0x000018fc       0x1c C:/Freescale/CW MCU v10.7/MCU/ARM_GCC_Support/ewl/lib/armv6-m\librt.a(__arm_eabi_init.o)
                0x000018fc                __init_registers
 .text.__init_user
                0x00001918        0x4 C:/Freescale/CW MCU v10.7/MCU/ARM_GCC_Support/ewl/lib/armv6-m\librt.a(__arm_eabi_init.o)
                0x00001918                __init_user
 .text.__copy_rom_section
                0x0000191c       0x48 C:/Freescale/CW MCU v10.7/MCU/ARM_GCC_Support/ewl/lib/armv6-m\librt.a(ROMCopy.o)
                0x0000191c                __copy_rom_section
 .text.__copy_rom_sections_to_ram
                0x00001964       0x34 C:/Freescale/CW MCU v10.7/MCU/ARM_GCC_Support/ewl/lib/armv6-m\librt.a(ROMCopy.o)
                0x00001964                __copy_rom_sections_to_ram
 *(.rodata)
 .rodata        0x00001998       0x20 ./Sources/main.o
 *(.rodata*)
 *(.glue_7)
 .glue_7        0x00000000        0x0 linker stubs
 *(.glue_7t)
 .glue_7t       0x00000000        0x0 linker stubs
 *(.eh_frame)
 *(.init)
 *(.fini)
                0x000019b8                . = ALIGN (0x4)
                0x000019b8                _etext = .

.vfp11_veneer   0x000019b8        0x0
 .vfp11_veneer  0x00000000        0x0 linker stubs

.v4_bx          0x000019b8        0x0
 .v4_bx         0x00000000        0x0 linker stubs

.iplt           0x000019b8        0x0
 .iplt          0x00000000        0x0 ./Generated_Code/WAIT1.o

.rel.dyn        0x000019b8        0x0
 .rel.iplt      0x00000000        0x0 ./Generated_Code/WAIT1.o

.ARM.extab
 *(.ARM.extab* .gnu.linkonce.armextab.*)

.ARM            0x000019b8        0x0
                0x000019b8                __exidx_start = .
 *(.ARM.exidx*)
                0x000019b8                __exidx_end = .

.ctors          0x000019b8        0x0
                0x000019b8                __CTOR_LIST__ = .
 *crtbegin.o(.ctors)
 *(EXCLUDE_FILE(*crtend.o) .ctors)
 *(SORT(.ctors.*))
 *(.ctors)
                0x000019b8                __CTOR_END__ = .

.dtors          0x000019b8        0x0
                0x000019b8                __DTOR_LIST__ = .
 *crtbegin.o(.dtors)
 *(EXCLUDE_FILE(*crtend.o) .dtors)
 *(SORT(.dtors.*))
 *(.dtors)
                0x000019b8                __DTOR_END__ = .

.preinit_array  0x000019b8        0x0
                0x000019b8                PROVIDE (__preinit_array_start, .)
 *(.preinit_array*)
                0x000019b8                PROVIDE (__preinit_array_end, .)

.init_array     0x000019b8        0x0
                0x000019b8                PROVIDE (__init_array_start, .)
 *(SORT(.init_array.*))
 *(.init_array*)
                0x000019b8                PROVIDE (__init_array_end, .)

.fini_array     0x000019b8        0x0
                0x000019b8                PROVIDE (__fini_array_start, .)
 *(SORT(.fini_array.*))
 *(.fini_array*)
                0x000019b8                PROVIDE (__fini_array_end, .)
                0x000019b8                ___ROM_AT = .

.mtb            0x1ffff000        0x0
                0x1ffff000                . = ALIGN (0x8)
                0x1ffff000                _mtb_start = .
 *(.mtb_buf)
                0x1ffff000                . = ALIGN (0x8)
                0x1ffff000                _mtb_end = .

.data           0x1ffff000        0x0 load address 0x000019b8
                0x1ffff000                . = ALIGN (0x4)
                0x1ffff000                _sdata = .
 *(.data)
 *(.data*)
                0x1ffff000                . = ALIGN (0x4)
                0x1ffff000                _edata = .
                0x00000000                ___data_size = (_edata - _sdata)

.igot.plt       0x1ffff000        0x0
 .igot.plt      0x00000000        0x0 ./Generated_Code/WAIT1.o
                0x1ffff000                . = ALIGN (0x4)

.bss            0x1ffff000       0x4c
                0x1ffff000                __START_BSS = .
                0x1ffff000                PROVIDE (__bss_start__, __START_BSS)
 *(.bss)
 *(.bss*)
 .bss.PE_LDD_DeviceDataList
                0x1ffff000        0x4 ./Generated_Code/PE_LDD.o
                0x1ffff000                PE_LDD_DeviceDataList
 .bss.GI2C1_deviceData
                0x1ffff004        0x8 ./Generated_Code/GI2C1.o
 .bss.SR_lock   0x1ffff00c        0x1 ./Generated_Code/Cpu.o
                0x1ffff00c                SR_lock
 *fill*         0x1ffff00d        0x3 00
 .bss.DeviceDataPrv__DEFAULT_RTOS_ALLOC
                0x1ffff010       0x18 ./Generated_Code/CI2C1.o
 .bss.INT_I2C1__DEFAULT_RTOS_ISRPARAM
                0x1ffff028        0x4 ./Generated_Code/CI2C1.o
 .bss.argv      0x1ffff02c        0x4 ./Project_Settings/Startup_Code/__arm_start.o
 .bss.__stdio_exit
                0x1ffff030        0x4 C:/Freescale/CW MCU v10.7/MCU/ARM_GCC_Support/ewl/lib/armv6-m\libc.a(exit.o)
                0x1ffff030                __stdio_exit
 .bss.__console_exit
                0x1ffff034        0x4 C:/Freescale/CW MCU v10.7/MCU/ARM_GCC_Support/ewl/lib/armv6-m\libc.a(exit.o)
                0x1ffff034                __console_exit
 .bss.__global_destructor_chain
                0x1ffff038        0x4 C:/Freescale/CW MCU v10.7/MCU/ARM_GCC_Support/ewl/lib/armv6-m\librt.a(__arm_eabi_init.o)
                0x1ffff038                __global_destructor_chain
 .bss.__S_romp  0x1ffff03c        0xc C:/Freescale/CW MCU v10.7/MCU/ARM_GCC_Support/ewl/lib/armv6-m\librt.a(ROMCopy.o)
 *(COMMON)
 COMMON         0x1ffff048        0x1 ./Generated_Code/Cpu.o
                0x1ffff048                SR_reg
                0x1ffff04c                . = ALIGN (0x4)
 *fill*         0x1ffff049        0x3 00
                0x1ffff04c                __END_BSS = .
                0x1ffff04c                PROVIDE (__bss_end__, __END_BSS)
                0x000019b8                _romp_at = (___ROM_AT + SIZEOF (.data))

.romp           0x1ffff04c       0x18 load address 0x000019b8
                0x000019b8                __S_romp = _romp_at
                0x1ffff04c        0x4 LONG 0x19b8 ___ROM_AT
                0x1ffff050        0x4 LONG 0x1ffff000 _sdata
                0x1ffff054        0x4 LONG 0x0 ___data_size
                0x1ffff058        0x4 LONG 0x0
                0x1ffff05c        0x4 LONG 0x0
                0x1ffff060        0x4 LONG 0x0

._user_heap_stack
                0x1ffff064      0x400 load address 0x000019d0
                0x1ffff064                . = ALIGN (0x4)
                0x1ffff064                PROVIDE (end, .)
                0x1ffff064                PROVIDE (_end, .)
                0x1ffff064                __heap_addr = .
                0x1ffff064                . = (. + __heap_size)
                0x1ffff464                . = (. + __stack_size)
 *fill*         0x1ffff064      0x400 00
                0x1ffff464                . = ALIGN (0x4)

.ARM.attributes
                0x00000000       0x31
 *(.ARM.attributes)
 .ARM.attributes
                0x00000000       0x31 ./Generated_Code/WAIT1.o
 .ARM.attributes
                0x00000031       0x31 ./Generated_Code/Vectors.o
 .ARM.attributes
                0x00000062       0x31 ./Generated_Code/PE_LDD.o
 .ARM.attributes
                0x00000093       0x31 ./Generated_Code/MCUC1.o
 .ARM.attributes
                0x000000c4       0x31 ./Generated_Code/GI2C1.o
 .ARM.attributes
                0x000000f5       0x31 ./Generated_Code/EE241.o
 .ARM.attributes
                0x00000126       0x31 ./Generated_Code/Cpu.o
 .ARM.attributes
                0x00000157       0x31 ./Generated_Code/CI2C1.o
 .ARM.attributes
                0x00000188       0x31 ./Project_Settings/Startup_Code/__arm_start.o
 .ARM.attributes
                0x000001b9       0x31 ./Project_Settings/Startup_Code/__arm_end.o
 .ARM.attributes
                0x000001ea       0x31 ./Sources/main.o
 .ARM.attributes
                0x0000021b       0x31 ./Sources/Events.o
 .ARM.attributes
                0x0000024c       0x31 C:/Freescale/CW MCU v10.7/MCU/ARM_GCC_Support/ewl/lib/armv6-m\libc.a(exit.o)
 .ARM.attributes
                0x0000027d       0x31 C:/Freescale/CW MCU v10.7/MCU/ARM_GCC_Support/ewl/lib/armv6-m\libc.a(memset.o)
 .ARM.attributes
                0x000002ae       0x31 C:/Freescale/CW MCU v10.7/MCU/ARM_GCC_Support/ewl/lib/armv6-m\libc.a(__filll_mem.o)
 .ARM.attributes
                0x000002df       0x31 C:/Freescale/CW MCU v10.7/MCU/ARM_GCC_Support/ewl/lib/armv6-m\libc.a(memcpy.o)
 .ARM.attributes
                0x00000310       0x1e c:/freescale/cw mcu v10.7/cross_tools/arm-none-eabi-gcc-4_7_3/bin/../lib/gcc/arm-none-eabi/4.7.3/armv6-m\libgcc.a(_udivsi3.o)
 .ARM.attributes
                0x0000032e       0x1e c:/freescale/cw mcu v10.7/cross_tools/arm-none-eabi-gcc-4_7_3/bin/../lib/gcc/arm-none-eabi/4.7.3/armv6-m\libgcc.a(_dvmd_tls.o)
 .ARM.attributes
                0x0000034c       0x31 C:/Freescale/CW MCU v10.7/MCU/ARM_GCC_Support/ewl/lib/armv6-m\librt.a(gcc_ctor_dtor.o)
 .ARM.attributes
                0x0000037d       0x31 C:/Freescale/CW MCU v10.7/MCU/ARM_GCC_Support/ewl/lib/armv6-m\librt.a(__arm_eabi_init.o)
 .ARM.attributes
                0x000003ae       0x31 C:/Freescale/CW MCU v10.7/MCU/ARM_GCC_Support/ewl/lib/armv6-m\librt.a(ROMCopy.o)
OUTPUT(TestEEPROM.elf elf32-littlearm)

.debug_info     0x00000000     0x2e13
 .debug_info    0x00000000      0x168 ./Generated_Code/WAIT1.o
 .debug_info    0x00000168      0x104 ./Generated_Code/Vectors.o
 .debug_info    0x0000026c      0x24e ./Generated_Code/PE_LDD.o
 .debug_info    0x000004ba       0xa0 ./Generated_Code/MCUC1.o
 .debug_info    0x0000055a      0x798 ./Generated_Code/GI2C1.o
 .debug_info    0x00000cf2      0x325 ./Generated_Code/EE241.o
 .debug_info    0x00001017      0x8e0 ./Generated_Code/Cpu.o
 .debug_info    0x000018f7      0x894 ./Generated_Code/CI2C1.o
 .debug_info    0x0000218b      0x12a ./Project_Settings/Startup_Code/__arm_start.o
 .debug_info    0x000022b5       0x54 ./Project_Settings/Startup_Code/__arm_end.o
 .debug_info    0x00002309       0xdb ./Sources/main.o
 .debug_info    0x000023e4       0x8b ./Sources/Events.o
 .debug_info    0x0000246f       0xe8 C:/Freescale/CW MCU v10.7/MCU/ARM_GCC_Support/ewl/lib/armv6-m\libc.a(exit.o)
 .debug_info    0x00002557       0xec C:/Freescale/CW MCU v10.7/MCU/ARM_GCC_Support/ewl/lib/armv6-m\libc.a(memset.o)
 .debug_info    0x00002643      0x137 C:/Freescale/CW MCU v10.7/MCU/ARM_GCC_Support/ewl/lib/armv6-m\libc.a(__filll_mem.o)
 .debug_info    0x0000277a      0x10f C:/Freescale/CW MCU v10.7/MCU/ARM_GCC_Support/ewl/lib/armv6-m\libc.a(memcpy.o)
 .debug_info    0x00002889      0x136 C:/Freescale/CW MCU v10.7/MCU/ARM_GCC_Support/ewl/lib/armv6-m\librt.a(gcc_ctor_dtor.o)
 .debug_info    0x000029bf      0x2b9 C:/Freescale/CW MCU v10.7/MCU/ARM_GCC_Support/ewl/lib/armv6-m\librt.a(__arm_eabi_init.o)
 .debug_info    0x00002c78      0x19b C:/Freescale/CW MCU v10.7/MCU/ARM_GCC_Support/ewl/lib/armv6-m\librt.a(ROMCopy.o)

.debug_abbrev   0x00000000      0xef3
 .debug_abbrev  0x00000000       0xba ./Generated_Code/WAIT1.o
 .debug_abbrev  0x000000ba       0xa3 ./Generated_Code/Vectors.o
 .debug_abbrev  0x0000015d      0x102 ./Generated_Code/PE_LDD.o
 .debug_abbrev  0x0000025f       0x3d ./Generated_Code/MCUC1.o
 .debug_abbrev  0x0000029c      0x1d1 ./Generated_Code/GI2C1.o
 .debug_abbrev  0x0000046d      0x114 ./Generated_Code/EE241.o
 .debug_abbrev  0x00000581      0x111 ./Generated_Code/Cpu.o
 .debug_abbrev  0x00000692      0x179 ./Generated_Code/CI2C1.o
 .debug_abbrev  0x0000080b       0x92 ./Project_Settings/Startup_Code/__arm_start.o
 .debug_abbrev  0x0000089d       0x4c ./Project_Settings/Startup_Code/__arm_end.o
 .debug_abbrev  0x000008e9       0x78 ./Sources/main.o
 .debug_abbrev  0x00000961       0x3d ./Sources/Events.o
 .debug_abbrev  0x0000099e       0x7a C:/Freescale/CW MCU v10.7/MCU/ARM_GCC_Support/ewl/lib/armv6-m\libc.a(exit.o)
 .debug_abbrev  0x00000a18       0x62 C:/Freescale/CW MCU v10.7/MCU/ARM_GCC_Support/ewl/lib/armv6-m\libc.a(memset.o)
 .debug_abbrev  0x00000a7a       0x78 C:/Freescale/CW MCU v10.7/MCU/ARM_GCC_Support/ewl/lib/armv6-m\libc.a(__filll_mem.o)
 .debug_abbrev  0x00000af2       0x95 C:/Freescale/CW MCU v10.7/MCU/ARM_GCC_Support/ewl/lib/armv6-m\libc.a(memcpy.o)
 .debug_abbrev  0x00000b87       0x99 C:/Freescale/CW MCU v10.7/MCU/ARM_GCC_Support/ewl/lib/armv6-m\librt.a(gcc_ctor_dtor.o)
 .debug_abbrev  0x00000c20      0x1b3 C:/Freescale/CW MCU v10.7/MCU/ARM_GCC_Support/ewl/lib/armv6-m\librt.a(__arm_eabi_init.o)
 .debug_abbrev  0x00000dd3      0x120 C:/Freescale/CW MCU v10.7/MCU/ARM_GCC_Support/ewl/lib/armv6-m\librt.a(ROMCopy.o)

.debug_loc      0x00000000      0xfbd
 .debug_loc     0x00000000      0x100 ./Generated_Code/WAIT1.o
 .debug_loc     0x00000100       0x9c ./Generated_Code/PE_LDD.o
 .debug_loc     0x0000019c       0x58 ./Generated_Code/MCUC1.o
 .debug_loc     0x000001f4      0x488 ./Generated_Code/GI2C1.o
 .debug_loc     0x0000067c      0x11a ./Generated_Code/EE241.o
 .debug_loc     0x00000796       0xb0 ./Generated_Code/Cpu.o
 .debug_loc     0x00000846      0x150 ./Generated_Code/CI2C1.o
 .debug_loc     0x00000996       0x2c ./Project_Settings/Startup_Code/__arm_start.o
 .debug_loc     0x000009c2       0x38 ./Project_Settings/Startup_Code/__arm_end.o
 .debug_loc     0x000009fa       0x3a ./Sources/main.o
 .debug_loc     0x00000a34       0x2c ./Sources/Events.o
 .debug_loc     0x00000a60       0x3e C:/Freescale/CW MCU v10.7/MCU/ARM_GCC_Support/ewl/lib/armv6-m\libc.a(exit.o)
 .debug_loc     0x00000a9e       0x6f C:/Freescale/CW MCU v10.7/MCU/ARM_GCC_Support/ewl/lib/armv6-m\libc.a(memset.o)
 .debug_loc     0x00000b0d      0x14a C:/Freescale/CW MCU v10.7/MCU/ARM_GCC_Support/ewl/lib/armv6-m\libc.a(__filll_mem.o)
 .debug_loc     0x00000c57       0x59 C:/Freescale/CW MCU v10.7/MCU/ARM_GCC_Support/ewl/lib/armv6-m\libc.a(memcpy.o)
 .debug_loc     0x00000cb0       0x9d C:/Freescale/CW MCU v10.7/MCU/ARM_GCC_Support/ewl/lib/armv6-m\librt.a(gcc_ctor_dtor.o)
 .debug_loc     0x00000d4d      0x197 C:/Freescale/CW MCU v10.7/MCU/ARM_GCC_Support/ewl/lib/armv6-m\librt.a(__arm_eabi_init.o)
 .debug_loc     0x00000ee4       0xd9 C:/Freescale/CW MCU v10.7/MCU/ARM_GCC_Support/ewl/lib/armv6-m\librt.a(ROMCopy.o)

.debug_aranges  0x00000000      0x408
 .debug_aranges
                0x00000000       0x50 ./Generated_Code/WAIT1.o
 .debug_aranges
                0x00000050       0x18 ./Generated_Code/Vectors.o
 .debug_aranges
                0x00000068       0x30 ./Generated_Code/PE_LDD.o
 .debug_aranges
                0x00000098       0x28 ./Generated_Code/MCUC1.o
 .debug_aranges
                0x000000c0       0xc8 ./Generated_Code/GI2C1.o
 .debug_aranges
                0x00000188       0x40 ./Generated_Code/EE241.o
 .debug_aranges
                0x000001c8       0x38 ./Generated_Code/Cpu.o
 .debug_aranges
                0x00000200       0x48 ./Generated_Code/CI2C1.o
 .debug_aranges
                0x00000248       0x30 ./Project_Settings/Startup_Code/__arm_start.o
 .debug_aranges
                0x00000278       0x20 ./Project_Settings/Startup_Code/__arm_end.o
 .debug_aranges
                0x00000298       0x20 ./Sources/main.o
 .debug_aranges
                0x000002b8       0x20 ./Sources/Events.o
 .debug_aranges
                0x000002d8       0x20 C:/Freescale/CW MCU v10.7/MCU/ARM_GCC_Support/ewl/lib/armv6-m\libc.a(exit.o)
 .debug_aranges
                0x000002f8       0x20 C:/Freescale/CW MCU v10.7/MCU/ARM_GCC_Support/ewl/lib/armv6-m\libc.a(memset.o)
 .debug_aranges
                0x00000318       0x20 C:/Freescale/CW MCU v10.7/MCU/ARM_GCC_Support/ewl/lib/armv6-m\libc.a(__filll_mem.o)
 .debug_aranges
                0x00000338       0x20 C:/Freescale/CW MCU v10.7/MCU/ARM_GCC_Support/ewl/lib/armv6-m\libc.a(memcpy.o)
 .debug_aranges
                0x00000358       0x28 C:/Freescale/CW MCU v10.7/MCU/ARM_GCC_Support/ewl/lib/armv6-m\librt.a(gcc_ctor_dtor.o)
 .debug_aranges
                0x00000380       0x58 C:/Freescale/CW MCU v10.7/MCU/ARM_GCC_Support/ewl/lib/armv6-m\librt.a(__arm_eabi_init.o)
 .debug_aranges
                0x000003d8       0x30 C:/Freescale/CW MCU v10.7/MCU/ARM_GCC_Support/ewl/lib/armv6-m\librt.a(ROMCopy.o)

.debug_macinfo  0x00000000   0x1e1cd7
 .debug_macinfo
                0x00000000    0x2e90f ./Generated_Code/WAIT1.o
 .debug_macinfo
                0x0002e90f    0x2eeaf ./Generated_Code/Vectors.o
 .debug_macinfo
                0x0005d7be    0x2ee8b ./Generated_Code/PE_LDD.o
 .debug_macinfo
                0x0008c649    0x2e4b4 ./Generated_Code/MCUC1.o
 .debug_macinfo
                0x000baafd    0x2ec93 ./Generated_Code/GI2C1.o
 .debug_macinfo
                0x000e9790    0x2ef75 ./Generated_Code/EE241.o
 .debug_macinfo
                0x00118705    0x2eeaf ./Generated_Code/Cpu.o
 .debug_macinfo
                0x001475b4    0x35702 ./Generated_Code/CI2C1.o
 .debug_macinfo
                0x0017ccb6     0x3e6d ./Project_Settings/Startup_Code/__arm_start.o
 .debug_macinfo
                0x00180b23     0x3456 ./Project_Settings/Startup_Code/__arm_end.o
 .debug_macinfo
                0x00183f79    0x2eeaf ./Sources/main.o
 .debug_macinfo
                0x001b2e28    0x2eeaf ./Sources/Events.o

.debug_line     0x00000000     0x299f
 .debug_line    0x00000000      0x2c8 ./Generated_Code/WAIT1.o
 .debug_line    0x000002c8      0x359 ./Generated_Code/Vectors.o
 .debug_line    0x00000621      0x2b2 ./Generated_Code/PE_LDD.o
 .debug_line    0x000008d3      0x23b ./Generated_Code/MCUC1.o
 .debug_line    0x00000b0e      0x468 ./Generated_Code/GI2C1.o
 .debug_line    0x00000f76      0x33f ./Generated_Code/EE241.o
 .debug_line    0x000012b5      0x3c0 ./Generated_Code/Cpu.o
 .debug_line    0x00001675      0x3c7 ./Generated_Code/CI2C1.o
 .debug_line    0x00001a3c      0x2a0 ./Project_Settings/Startup_Code/__arm_start.o
 .debug_line    0x00001cdc      0x265 ./Project_Settings/Startup_Code/__arm_end.o
 .debug_line    0x00001f41      0x2c4 ./Sources/main.o
 .debug_line    0x00002205      0x2bc ./Sources/Events.o
 .debug_line    0x000024c1       0x8d C:/Freescale/CW MCU v10.7/MCU/ARM_GCC_Support/ewl/lib/armv6-m\libc.a(exit.o)
 .debug_line    0x0000254e       0x90 C:/Freescale/CW MCU v10.7/MCU/ARM_GCC_Support/ewl/lib/armv6-m\libc.a(memset.o)
 .debug_line    0x000025de       0xf6 C:/Freescale/CW MCU v10.7/MCU/ARM_GCC_Support/ewl/lib/armv6-m\libc.a(__filll_mem.o)
 .debug_line    0x000026d4       0x8b C:/Freescale/CW MCU v10.7/MCU/ARM_GCC_Support/ewl/lib/armv6-m\libc.a(memcpy.o)
 .debug_line    0x0000275f       0x6c C:/Freescale/CW MCU v10.7/MCU/ARM_GCC_Support/ewl/lib/armv6-m\librt.a(gcc_ctor_dtor.o)
 .debug_line    0x000027cb      0x117 C:/Freescale/CW MCU v10.7/MCU/ARM_GCC_Support/ewl/lib/armv6-m\librt.a(__arm_eabi_init.o)
 .debug_line    0x000028e2       0xbd C:/Freescale/CW MCU v10.7/MCU/ARM_GCC_Support/ewl/lib/armv6-m\librt.a(ROMCopy.o)

.debug_str      0x00000000     0x1103
 .debug_str     0x00000000      0x195 ./Generated_Code/WAIT1.o
                                0x1c1 (size before relaxing)
 .debug_str     0x00000195       0x55 ./Generated_Code/Vectors.o
                                0x171 (size before relaxing)
 .debug_str     0x000001ea      0x1a5 ./Generated_Code/PE_LDD.o
                                0x2d4 (size before relaxing)
 .debug_str     0x0000038f       0x32 ./Generated_Code/MCUC1.o
                                0x145 (size before relaxing)
 .debug_str     0x000003c1      0x375 ./Generated_Code/GI2C1.o
                                0x4b5 (size before relaxing)
 .debug_str     0x00000736       0xaf ./Generated_Code/EE241.o
                                0x238 (size before relaxing)
 .debug_str     0x000007e5      0x2cd ./Generated_Code/Cpu.o
                                0x420 (size before relaxing)
 .debug_str     0x00000ab2      0x1d6 ./Generated_Code/CI2C1.o
                                0x53a (size before relaxing)
 .debug_str     0x00000c88       0x85 ./Project_Settings/Startup_Code/__arm_start.o
                                0x19f (size before relaxing)
 .debug_str     0x00000d0d       0x41 ./Project_Settings/Startup_Code/__arm_end.o
                                 0xd6 (size before relaxing)
 .debug_str     0x00000d4e       0x23 ./Sources/main.o
                                0x136 (size before relaxing)
 .debug_str     0x00000d71       0x21 ./Sources/Events.o
                                0x134 (size before relaxing)
 .debug_str     0x00000d92       0x5a C:/Freescale/CW MCU v10.7/MCU/ARM_GCC_Support/ewl/lib/armv6-m\libc.a(exit.o)
                                0x157 (size before relaxing)
 .debug_str     0x00000dec       0x23 C:/Freescale/CW MCU v10.7/MCU/ARM_GCC_Support/ewl/lib/armv6-m\libc.a(memset.o)
                                0x140 (size before relaxing)
 .debug_str     0x00000e0f       0x2d C:/Freescale/CW MCU v10.7/MCU/ARM_GCC_Support/ewl/lib/armv6-m\libc.a(__filll_mem.o)
                                0x152 (size before relaxing)
 .debug_str     0x00000e3c       0x1c C:/Freescale/CW MCU v10.7/MCU/ARM_GCC_Support/ewl/lib/armv6-m\libc.a(memcpy.o)
                                0x138 (size before relaxing)
 .debug_str     0x00000e58      0x126 C:/Freescale/CW MCU v10.7/MCU/ARM_GCC_Support/ewl/lib/armv6-m\librt.a(gcc_ctor_dtor.o)
                                0x181 (size before relaxing)
 .debug_str     0x00000f7e       0xe9 C:/Freescale/CW MCU v10.7/MCU/ARM_GCC_Support/ewl/lib/armv6-m\librt.a(__arm_eabi_init.o)
                                0x1b5 (size before relaxing)
 .debug_str     0x00001067       0x9c C:/Freescale/CW MCU v10.7/MCU/ARM_GCC_Support/ewl/lib/armv6-m\librt.a(ROMCopy.o)
                                0x13c (size before relaxing)

.comment        0x00000000       0x79
 .comment       0x00000000       0x79 ./Generated_Code/WAIT1.o
                                 0x7a (size before relaxing)
 .comment       0x00000000       0x7a ./Generated_Code/Vectors.o
 .comment       0x00000000       0x7a ./Generated_Code/PE_LDD.o
 .comment       0x00000000       0x7a ./Generated_Code/MCUC1.o
 .comment       0x00000000       0x7a ./Generated_Code/GI2C1.o
 .comment       0x00000000       0x7a ./Generated_Code/EE241.o
 .comment       0x00000000       0x7a ./Generated_Code/Cpu.o
 .comment       0x00000000       0x7a ./Generated_Code/CI2C1.o
 .comment       0x00000000       0x7a ./Project_Settings/Startup_Code/__arm_start.o
 .comment       0x00000000       0x7a ./Project_Settings/Startup_Code/__arm_end.o
 .comment       0x00000000       0x7a ./Sources/main.o
 .comment       0x00000000       0x7a ./Sources/Events.o
 .comment       0x00000000       0x7a C:/Freescale/CW MCU v10.7/MCU/ARM_GCC_Support/ewl/lib/armv6-m\libc.a(exit.o)
 .comment       0x00000000       0x7a C:/Freescale/CW MCU v10.7/MCU/ARM_GCC_Support/ewl/lib/armv6-m\libc.a(memset.o)
 .comment       0x00000000       0x7a C:/Freescale/CW MCU v10.7/MCU/ARM_GCC_Support/ewl/lib/armv6-m\libc.a(__filll_mem.o)
 .comment       0x00000000       0x7a C:/Freescale/CW MCU v10.7/MCU/ARM_GCC_Support/ewl/lib/armv6-m\libc.a(memcpy.o)
 .comment       0x00000000       0x7a C:/Freescale/CW MCU v10.7/MCU/ARM_GCC_Support/ewl/lib/armv6-m\librt.a(gcc_ctor_dtor.o)
 .comment       0x00000000       0x7a C:/Freescale/CW MCU v10.7/MCU/ARM_GCC_Support/ewl/lib/armv6-m\librt.a(__arm_eabi_init.o)
 .comment       0x00000000       0x7a C:/Freescale/CW MCU v10.7/MCU/ARM_GCC_Support/ewl/lib/armv6-m\librt.a(ROMCopy.o)

.debug_frame    0x00000000      0x924
 .debug_frame   0x00000000       0xc8 ./Generated_Code/WAIT1.o
 .debug_frame   0x000000c8       0x6c ./Generated_Code/PE_LDD.o
 .debug_frame   0x00000134       0x48 ./Generated_Code/MCUC1.o
 .debug_frame   0x0000017c      0x2b8 ./Generated_Code/GI2C1.o
 .debug_frame   0x00000434       0xb0 ./Generated_Code/EE241.o
 .debug_frame   0x000004e4       0x80 ./Generated_Code/Cpu.o
 .debug_frame   0x00000564       0xd0 ./Generated_Code/CI2C1.o
 .debug_frame   0x00000634       0x4c ./Project_Settings/Startup_Code/__arm_start.o
 .debug_frame   0x00000680       0x30 ./Project_Settings/Startup_Code/__arm_end.o
 .debug_frame   0x000006b0       0x30 ./Sources/main.o
 .debug_frame   0x000006e0       0x2c ./Sources/Events.o
 .debug_frame   0x0000070c       0x2c C:/Freescale/CW MCU v10.7/MCU/ARM_GCC_Support/ewl/lib/armv6-m\libc.a(exit.o)
 .debug_frame   0x00000738       0x28 C:/Freescale/CW MCU v10.7/MCU/ARM_GCC_Support/ewl/lib/armv6-m\libc.a(memset.o)
 .debug_frame   0x00000760       0x2c C:/Freescale/CW MCU v10.7/MCU/ARM_GCC_Support/ewl/lib/armv6-m\libc.a(__filll_mem.o)
 .debug_frame   0x0000078c       0x28 C:/Freescale/CW MCU v10.7/MCU/ARM_GCC_Support/ewl/lib/armv6-m\libc.a(memcpy.o)
 .debug_frame   0x000007b4       0x20 c:/freescale/cw mcu v10.7/cross_tools/arm-none-eabi-gcc-4_7_3/bin/../lib/gcc/arm-none-eabi/4.7.3/armv6-m\libgcc.a(_udivsi3.o)
 .debug_frame   0x000007d4       0x40 C:/Freescale/CW MCU v10.7/MCU/ARM_GCC_Support/ewl/lib/armv6-m\librt.a(gcc_ctor_dtor.o)
 .debug_frame   0x00000814       0xbc C:/Freescale/CW MCU v10.7/MCU/ARM_GCC_Support/ewl/lib/armv6-m\librt.a(__arm_eabi_init.o)
 .debug_frame   0x000008d0       0x54 C:/Freescale/CW MCU v10.7/MCU/ARM_GCC_Support/ewl/lib/armv6-m\librt.a(ROMCopy.o)
