Archive member included because of file (symbol)

C:/Freescale/CW MCU v10.7/MCU/ARM_GCC_Support/ewl/lib/armv6-m\libc.a(exit.o)
                              ./Project_Settings/Startup_Code/__arm_start.o (exit)
C:/Freescale/CW MCU v10.7/MCU/ARM_GCC_Support/ewl/lib/armv6-m\libc.a(rand.o)
                              ./Generated_Code/UTIL1.o (rand)
C:/Freescale/CW MCU v10.7/MCU/ARM_GCC_Support/ewl/lib/armv6-m\libc.a(strchr.o)
                              ./Generated_Code/UTIL1.o (strchr)
C:/Freescale/CW MCU v10.7/MCU/ARM_GCC_Support/ewl/lib/armv6-m\libc.a(memset.o)
                              ./Project_Settings/Startup_Code/__arm_start.o (memset)
C:/Freescale/CW MCU v10.7/MCU/ARM_GCC_Support/ewl/lib/armv6-m\libc.a(strncmp.o)
                              ./Generated_Code/UTIL1.o (strncmp)
C:/Freescale/CW MCU v10.7/MCU/ARM_GCC_Support/ewl/lib/armv6-m\libc.a(__filll_mem.o)
                              C:/Freescale/CW MCU v10.7/MCU/ARM_GCC_Support/ewl/lib/armv6-m\libc.a(memset.o) (__fill_mem)
C:/Freescale/CW MCU v10.7/MCU/ARM_GCC_Support/ewl/lib/armv6-m\libc.a(strcmp.o)
                              ./Sources/main.o (strcmp)
C:/Freescale/CW MCU v10.7/MCU/ARM_GCC_Support/ewl/lib/armv6-m\libc.a(strlen.o)
                              ./Generated_Code/UTIL1.o (strlen)
C:/Freescale/CW MCU v10.7/MCU/ARM_GCC_Support/ewl/lib/armv6-m\libc.a(printformat_.o)
                              (__pformatter_)
C:/Freescale/CW MCU v10.7/MCU/ARM_GCC_Support/ewl/lib/armv6-m\libc.a(scanformat_.o)
                              (__sformatter)
C:/Freescale/CW MCU v10.7/MCU/ARM_GCC_Support/ewl/lib/armv6-m\libc.a(ctype_aeabi.o)
                              C:/Freescale/CW MCU v10.7/MCU/ARM_GCC_Support/ewl/lib/armv6-m\libc.a(scanformat_.o) (isspace)
C:/Freescale/CW MCU v10.7/MCU/ARM_GCC_Support/ewl/lib/armv6-m\libc.a(__strtoul.o)
                              C:/Freescale/CW MCU v10.7/MCU/ARM_GCC_Support/ewl/lib/armv6-m\libc.a(scanformat_.o) (__strtoul)
C:/Freescale/CW MCU v10.7/MCU/ARM_GCC_Support/ewl/lib/armv6-m\libc.a(memcpy.o)
                              C:/Freescale/CW MCU v10.7/MCU/ARM_GCC_Support/ewl/lib/armv6-m\libc.a(scanformat_.o) (memcpy)
C:/Freescale/CW MCU v10.7/MCU/ARM_GCC_Support/ewl/lib/armv6-m\libc.a(memchr.o)
                              C:/Freescale/CW MCU v10.7/MCU/ARM_GCC_Support/ewl/lib/armv6-m\libc.a(printformat_.o) (memchr)
c:/freescale/cw mcu v10.7/cross_tools/arm-none-eabi-gcc-4_7_3/bin/../lib/gcc/arm-none-eabi/4.7.3/armv6-m\libgcc.a(_thumb1_case_sqi.o)
                              C:/Freescale/CW MCU v10.7/MCU/ARM_GCC_Support/ewl/lib/armv6-m\libc.a(__strtoul.o) (__gnu_thumb1_case_sqi)
c:/freescale/cw mcu v10.7/cross_tools/arm-none-eabi-gcc-4_7_3/bin/../lib/gcc/arm-none-eabi/4.7.3/armv6-m\libgcc.a(_thumb1_case_uqi.o)
                              C:/Freescale/CW MCU v10.7/MCU/ARM_GCC_Support/ewl/lib/armv6-m\libc.a(scanformat_.o) (__gnu_thumb1_case_uqi)
c:/freescale/cw mcu v10.7/cross_tools/arm-none-eabi-gcc-4_7_3/bin/../lib/gcc/arm-none-eabi/4.7.3/armv6-m\libgcc.a(_udivsi3.o)
                              ./Generated_Code/UTIL1.o (__aeabi_uidiv)
c:/freescale/cw mcu v10.7/cross_tools/arm-none-eabi-gcc-4_7_3/bin/../lib/gcc/arm-none-eabi/4.7.3/armv6-m\libgcc.a(_divsi3.o)
                              ./Generated_Code/UTIL1.o (__aeabi_idiv)
c:/freescale/cw mcu v10.7/cross_tools/arm-none-eabi-gcc-4_7_3/bin/../lib/gcc/arm-none-eabi/4.7.3/armv6-m\libgcc.a(_dvmd_tls.o)
                              c:/freescale/cw mcu v10.7/cross_tools/arm-none-eabi-gcc-4_7_3/bin/../lib/gcc/arm-none-eabi/4.7.3/armv6-m\libgcc.a(_udivsi3.o) (__aeabi_idiv0)
c:/freescale/cw mcu v10.7/cross_tools/arm-none-eabi-gcc-4_7_3/bin/../lib/gcc/arm-none-eabi/4.7.3/armv6-m\libgcc.a(_arm_cmpsf2.o)
                              ./Generated_Code/UTIL1.o (__aeabi_fcmplt)
c:/freescale/cw mcu v10.7/cross_tools/arm-none-eabi-gcc-4_7_3/bin/../lib/gcc/arm-none-eabi/4.7.3/armv6-m\libgcc.a(_aeabi_ldivmod.o)
                              ./Generated_Code/UTIL1.o (__aeabi_ldivmod)
c:/freescale/cw mcu v10.7/cross_tools/arm-none-eabi-gcc-4_7_3/bin/../lib/gcc/arm-none-eabi/4.7.3/armv6-m\libgcc.a(_muldi3.o)
                              ./Generated_Code/UTIL1.o (__aeabi_lmul)
c:/freescale/cw mcu v10.7/cross_tools/arm-none-eabi-gcc-4_7_3/bin/../lib/gcc/arm-none-eabi/4.7.3/armv6-m\libgcc.a(_fixunssfsi.o)
                              ./Generated_Code/UTIL1.o (__aeabi_f2uiz)
c:/freescale/cw mcu v10.7/cross_tools/arm-none-eabi-gcc-4_7_3/bin/../lib/gcc/arm-none-eabi/4.7.3/armv6-m\libgcc.a(bpabi.o)
                              c:/freescale/cw mcu v10.7/cross_tools/arm-none-eabi-gcc-4_7_3/bin/../lib/gcc/arm-none-eabi/4.7.3/armv6-m\libgcc.a(_aeabi_ldivmod.o) (__gnu_ldivmod_helper)
c:/freescale/cw mcu v10.7/cross_tools/arm-none-eabi-gcc-4_7_3/bin/../lib/gcc/arm-none-eabi/4.7.3/armv6-m\libgcc.a(eqsf2.o)
                              c:/freescale/cw mcu v10.7/cross_tools/arm-none-eabi-gcc-4_7_3/bin/../lib/gcc/arm-none-eabi/4.7.3/armv6-m\libgcc.a(_arm_cmpsf2.o) (__eqsf2)
[...]
Memory Configuration

Name             Origin             Length             Attributes
m_interrupts     0x00000000         0x000000c0         xr
m_text           0x00000410         0x0001fbf0         xr
m_data           0x1ffff000         0x00004000         rw
m_cfmprotrom     0x00000400         0x00000010         xr
*default*        0x00000000         0xffffffff

Linker script and memory map

LOAD ./Generated_Code/Wifi.o
LOAD ./Generated_Code/WAIT2.o
LOAD ./Generated_Code/WAIT1.o
LOAD ./Generated_Code/Vectors.o
LOAD ./Generated_Code/UTIL1.o
LOAD ./Generated_Code/TimerIntLdd1.o
LOAD ./Generated_Code/TU2.o
LOAD ./Generated_Code/TU1.o
LOAD ./Generated_Code/TI1.o
LOAD ./Generated_Code/SM1.o
LOAD ./Generated_Code/SCEpin1.o
LOAD ./Generated_Code/RTC1.o
LOAD ./Generated_Code/RESpin1.o
LOAD ./Generated_Code/PwmLdd1.o
LOAD ./Generated_Code/PWM1.o
LOAD ./Generated_Code/PTE30.o
LOAD ./Generated_Code/PTE29.o
LOAD ./Generated_Code/PE_LDD.o
LOAD ./Generated_Code/PC.o
LOAD ./Generated_Code/MCUC1.o
LOAD ./Generated_Code/L4.o
LOAD ./Generated_Code/L3.o
LOAD ./Generated_Code/L2.o
LOAD ./Generated_Code/L1.o
LOAD ./Generated_Code/ExtIntLdd3.o
LOAD ./Generated_Code/ExtIntLdd2.o
LOAD ./Generated_Code/ExtIntLdd1.o
LOAD ./Generated_Code/Display.o
LOAD ./Generated_Code/D_Cpin1.o
LOAD ./Generated_Code/Cpu.o
LOAD ./Generated_Code/C3.o
LOAD ./Generated_Code/C2.o
LOAD ./Generated_Code/C1.o
LOAD ./Generated_Code/BitIoLdd6.o
LOAD ./Generated_Code/BitIoLdd5.o
LOAD ./Generated_Code/BitIoLdd4.o
LOAD ./Generated_Code/BitIoLdd3.o
LOAD ./Generated_Code/BitIoLdd2.o
LOAD ./Generated_Code/BitIoLdd1.o
LOAD ./Generated_Code/AdcLdd1.o
LOAD ./Generated_Code/ASerialLdd2.o
LOAD ./Generated_Code/ASerialLdd1.o
LOAD ./Generated_Code/AD1.o
LOAD ./Project_Settings/Startup_Code/__arm_start.o
LOAD ./Project_Settings/Startup_Code/__arm_end.o
LOAD ./Sources/sa_mtb.o
LOAD ./Sources/main.o
LOAD ./Sources/Events.o
                0x000047b4                __pformatter = __pformatter_
                [0x00004bdc]                __sformatter = __sformatter
START GROUP
LOAD C:/Freescale/CW MCU v10.7/MCU/ARM_GCC_Support/ewl/lib/armv6-m\libc.a
LOAD C:/Freescale/CW MCU v10.7/MCU/ARM_GCC_Support/ewl/lib/armv6-m\libm.a
LOAD c:/freescale/cw mcu v10.7/cross_tools/arm-none-eabi-gcc-4_7_3/bin/../lib/gcc/arm-none-eabi/4.7.3/armv6-m\libgcc.a
LOAD C:/Freescale/CW MCU v10.7/MCU/ARM_GCC_Support/ewl/lib/armv6-m\librt.a
LOAD C:/Freescale/CW MCU v10.7/MCU/ARM_GCC_Support/ewl/lib/armv6-m\libuart.a
END GROUP
                0x20003000                _estack = 0x20003000
                0x20003000                __SP_INIT = _estack
                0x00000000                __heap_size = 0x0
                0x00000400                __stack_size = 0x400

.interrupts     0x00000000       0xc0
                0x00000000                __vector_table = .
                0x00000000                . = ALIGN (0x4)
 *(.vectortable)
 .vectortable   0x00000000       0xc0 ./Generated_Code/Vectors.o
                0x00000000                __vect_table
                0x000000c0                . = ALIGN (0x4)

.cfmprotect     0x00000400       0x10
                0x00000400                . = ALIGN (0x4)
 *(.cfmconfig)
 .cfmconfig     0x00000400       0x10 ./Generated_Code/Cpu.o
                0x00000400                _cfm
                0x00000410                . = ALIGN (0x4)

.text           0x00000410     0x5684
                0x00000410                . = ALIGN (0x4)
 *(.text)
 .text          0x00000410       0x14 c:/freescale/cw mcu v10.7/cross_tools/arm-none-eabi-gcc-4_7_3/bin/../lib/gcc/arm-none-eabi/4.7.3/armv6-m\libgcc.a(_thumb1_case_sqi.o)
                0x00000410                __gnu_thumb1_case_sqi
 .text          0x00000424       0x14 c:/freescale/cw mcu v10.7/cross_tools/arm-none-eabi-gcc-4_7_3/bin/../lib/gcc/arm-none-eabi/4.7.3/armv6-m\libgcc.a(_thumb1_case_uqi.o)
                0x00000424                __gnu_thumb1_case_uqi
 .text          0x00000438       0x9c c:/freescale/cw mcu v10.7/cross_tools/arm-none-eabi-gcc-4_7_3/bin/../lib/gcc/arm-none-eabi/4.7.3/armv6-m\libgcc.a(_udivsi3.o)
                0x00000438                __aeabi_uidiv
                0x00000438                __udivsi3
                0x000004c0                __aeabi_uidivmod
 .text          0x000004d4       0xc0 c:/freescale/cw mcu v10.7/cross_tools/arm-none-eabi-gcc-4_7_3/bin/../lib/gcc/arm-none-eabi/4.7.3/armv6-m\libgcc.a(_divsi3.o)
                0x000004d4                __divsi3
                0x000004d4                __aeabi_idiv
                0x00000580                __aeabi_idivmod
 .text          0x00000594        0x4 c:/freescale/cw mcu v10.7/cross_tools/arm-none-eabi-gcc-4_7_3/bin/../lib/gcc/arm-none-eabi/4.7.3/armv6-m\libgcc.a(_dvmd_tls.o)
                0x00000594                __aeabi_idiv0
                0x00000594                __aeabi_ldiv0
 *(.text*)
 .text.HWEnDi   0x00000598       0x20 ./Generated_Code/Wifi.o
 .text.Wifi_RecvChar
                0x000005b8       0xe8 ./Generated_Code/Wifi.o
                0x000005b8                Wifi_RecvChar
 .text.Wifi_SendChar
                0x000006a0       0xf0 ./Generated_Code/Wifi.o
                0x000006a0                Wifi_SendChar
 .text.Wifi_Init
                0x00000790       0x64 ./Generated_Code/Wifi.o
                0x00000790                Wifi_Init
 .text.ASerialLdd2_OnBlockReceived
                0x000007f4       0x94 ./Generated_Code/Wifi.o
                0x000007f4                ASerialLdd2_OnBlockReceived
 .text.ASerialLdd2_OnBlockSent
                0x00000888       0xbc ./Generated_Code/Wifi.o
                0x00000888                ASerialLdd2_OnBlockSent
 .text.ASerialLdd2_OnError
                0x00000944       0x90 ./Generated_Code/Wifi.o
                0x00000944                ASerialLdd2_OnError
 .text.ASerialLdd2_OnBreak
                0x000009d4       0x20 ./Generated_Code/Wifi.o
                0x000009d4                ASerialLdd2_OnBreak
 .text.WAIT2_Wait10Cycles
                0x000009f4        0x8 ./Generated_Code/WAIT2.o
                0x000009f4                WAIT2_Wait10Cycles
 .text.WAIT2_Wait100Cycles
                0x000009fc       0x24 ./Generated_Code/WAIT2.o
                0x000009fc                WAIT2_Wait100Cycles
 .text.WAIT2_WaitCycles
                0x00000a20       0x44 ./Generated_Code/WAIT2.o
                0x00000a20                WAIT2_WaitCycles
 .text.WAIT2_WaitLongCycles
                0x00000a64       0x3c ./Generated_Code/WAIT2.o
                0x00000a64                WAIT2_WaitLongCycles
 .text.WAIT2_Waitms
                0x00000aa0       0x38 ./Generated_Code/WAIT2.o
                0x00000aa0                WAIT2_Waitms
 .text.WAIT2_Init
                0x00000ad8        0x8 ./Generated_Code/WAIT2.o
                0x00000ad8                WAIT2_Init
 .text.WAIT1_Wait10Cycles
                0x00000ae0        0x8 ./Generated_Code/WAIT1.o
                0x00000ae0                WAIT1_Wait10Cycles
 .text.WAIT1_Wait100Cycles
                0x00000ae8       0x24 ./Generated_Code/WAIT1.o
                0x00000ae8                WAIT1_Wait100Cycles
 .text.WAIT1_WaitCycles
                0x00000b0c       0x44 ./Generated_Code/WAIT1.o
                0x00000b0c                WAIT1_WaitCycles
 .text.WAIT1_WaitLongCycles
                0x00000b50       0x3c ./Generated_Code/WAIT1.o
                0x00000b50                WAIT1_WaitLongCycles
 .text.WAIT1_Waitms
                0x00000b8c       0x38 ./Generated_Code/WAIT1.o
                0x00000b8c                WAIT1_Waitms
 .text.WAIT1_Init
                0x00000bc4        0x8 ./Generated_Code/WAIT1.o
                0x00000bc4                WAIT1_Init
 .text.UTIL1_strcpy
                0x00000bcc       0x48 ./Generated_Code/UTIL1.o
                0x00000bcc                UTIL1_strcpy
 .text.UTIL1_strcat
                0x00000c14       0x64 ./Generated_Code/UTIL1.o
                0x00000c14                UTIL1_strcat
 .text.UTIL1_strFind
                0x00000c78       0x74 ./Generated_Code/UTIL1.o
                0x00000c78                UTIL1_strFind
 .text.UTIL1_Init
                0x00000cec        0x8 ./Generated_Code/UTIL1.o
                0x00000cec                UTIL1_Init
 .text.TimerIntLdd1_Init
                0x00000cf4       0x50 ./Generated_Code/TimerIntLdd1.o
                0x00000cf4                TimerIntLdd1_Init
 .text.TU1_OnCounterRestart
                0x00000d44       0x24 ./Generated_Code/TimerIntLdd1.o
                0x00000d44                TU1_OnCounterRestart
 .text.TU2_Init
                0x00000d68       0xc0 ./Generated_Code/TU2.o
                0x00000d68                TU2_Init
 .text.TU1_Init
                0x00000e28       0xbc ./Generated_Code/TU1.o
                0x00000e28                TU1_Init
 .text.TU1_Interrupt
                0x00000ee4       0x30 ./Generated_Code/TU1.o
                0x00000ee4                TU1_Interrupt
 .text.TimerIntLdd1_OnInterrupt
                0x00000f14       0x14 ./Generated_Code/TI1.o
                0x00000f14                TimerIntLdd1_OnInterrupt
 .text.SM1_Init
                0x00000f28       0xfc ./Generated_Code/SM1.o
                0x00000f28                SM1_Init
 .text.SM1_ReceiveBlock
                0x00001024       0xb0 ./Generated_Code/SM1.o
                0x00001024                SM1_ReceiveBlock
 .text.SM1_SendBlock
                0x000010d4       0x9c ./Generated_Code/SM1.o
                0x000010d4                SM1_SendBlock
 .text.SM1_Interrupt
                0x00001170       0xe0 ./Generated_Code/SM1.o
                0x00001170                SM1_Interrupt
 .text.SCEpin1_Init
                0x00001250       0x60 ./Generated_Code/SCEpin1.o
                0x00001250                SCEpin1_Init
 .text.SCEpin1_ClrVal
                0x000012b0       0x18 ./Generated_Code/SCEpin1.o
                0x000012b0                SCEpin1_ClrVal
 .text.SCEpin1_SetVal
                0x000012c8       0x18 ./Generated_Code/SCEpin1.o
                0x000012c8                SCEpin1_SetVal
 .text.RTC1_Init
                0x000012e0       0xf0 ./Generated_Code/RTC1.o
                0x000012e0                RTC1_Init
 .text.RTC1_Enable
                0x000013d0       0x1c ./Generated_Code/RTC1.o
                0x000013d0                RTC1_Enable
 .text.RTC1_GetTime
                0x000013ec      0x154 ./Generated_Code/RTC1.o
                0x000013ec                RTC1_GetTime
 .text.RTC1_SetTime
                0x00001540      0x13c ./Generated_Code/RTC1.o
                0x00001540                RTC1_SetTime
 .text.RTC1_Interrupt
                0x0000167c       0x64 ./Generated_Code/RTC1.o
                0x0000167c                RTC1_Interrupt
 .text.RTC1_SecondsInterrupt
                0x000016e0       0x20 ./Generated_Code/RTC1.o
                0x000016e0                RTC1_SecondsInterrupt
 .text.RESpin1_Init
                0x00001700       0x60 ./Generated_Code/RESpin1.o
                0x00001700                RESpin1_Init
 .text.RESpin1_ClrVal
                0x00001760       0x18 ./Generated_Code/RESpin1.o
                0x00001760                RESpin1_ClrVal
 .text.RESpin1_SetVal
                0x00001778       0x18 ./Generated_Code/RESpin1.o
                0x00001778                RESpin1_SetVal
 .text.PwmLdd1_Init
                0x00001790       0x54 ./Generated_Code/PwmLdd1.o
                0x00001790                PwmLdd1_Init
 .text.HWEnDi   0x000017e4       0x20 ./Generated_Code/PC.o
 .text.PC_SendChar
                0x00001804       0xf0 ./Generated_Code/PC.o
                0x00001804                PC_SendChar
 .text.PC_Init  0x000018f4       0x64 ./Generated_Code/PC.o
                0x000018f4                PC_Init
 .text.ASerialLdd1_OnBlockReceived
                0x00001958       0x94 ./Generated_Code/PC.o
                0x00001958                ASerialLdd1_OnBlockReceived
 .text.ASerialLdd1_OnBlockSent
                0x000019ec       0x88 ./Generated_Code/PC.o
                0x000019ec                ASerialLdd1_OnBlockSent
 .text.ASerialLdd1_OnError
                0x00001a74       0x90 ./Generated_Code/PC.o
                0x00001a74                ASerialLdd1_OnError
 .text.ASerialLdd1_OnBreak
                0x00001b04       0x20 ./Generated_Code/PC.o
                0x00001b04                ASerialLdd1_OnBreak
 .text.MCUC1_Init
                0x00001b24        0x8 ./Generated_Code/MCUC1.o
                0x00001b24                MCUC1_Init
 .text.ExtIntLdd3_Init
                0x00001b2c       0x94 ./Generated_Code/ExtIntLdd3.o
                0x00001b2c                ExtIntLdd3_Init
 .text.ExtIntLdd3_Interrupt
                0x00001bc0       0x40 ./Generated_Code/ExtIntLdd3.o
                0x00001bc0                ExtIntLdd3_Interrupt
 .text.ExtIntLdd2_Init
                0x00001c00       0x94 ./Generated_Code/ExtIntLdd2.o
                0x00001c00                ExtIntLdd2_Init
 .text.ExtIntLdd2_Interrupt
                0x00001c94       0x40 ./Generated_Code/ExtIntLdd2.o
                0x00001c94                ExtIntLdd2_Interrupt
 .text.ExtIntLdd1_Init
                0x00001cd4       0x94 ./Generated_Code/ExtIntLdd1.o
                0x00001cd4                ExtIntLdd1_Init
 .text.ExtIntLdd1_Interrupt
                0x00001d68       0x40 ./Generated_Code/ExtIntLdd1.o
                0x00001d68                ExtIntLdd1_Interrupt
 .text.WriteCmd
                0x00001da8       0x84 ./Generated_Code/Display.o
 .text.WriteData
                0x00001e2c       0x84 ./Generated_Code/Display.o
 .text.Display_SetPos
                0x00001eb0       0x4c ./Generated_Code/Display.o
                0x00001eb0                Display_SetPos
 .text.Display_Clear
                0x00001efc       0x38 ./Generated_Code/Display.o
                0x00001efc                Display_Clear
 .text.Display_Init
                0x00001f34       0xb8 ./Generated_Code/Display.o
                0x00001f34                Display_Init
 .text.Display_WriteChar
                0x00001fec       0x8c ./Generated_Code/Display.o
                0x00001fec                Display_WriteChar
 .text.Display_WriteLineStr
                0x00002078       0x68 ./Generated_Code/Display.o
                0x00002078                Display_WriteLineStr
 .text.Display_SetDisplayOrientation
                0x000020e0       0x20 ./Generated_Code/Display.o
                0x000020e0                Display_SetDisplayOrientation
 .text.SM1_OnBlockReceived
                0x00002100       0x18 ./Generated_Code/Display.o
                0x00002100                SM1_OnBlockReceived
 .text.D_Cpin1_Init
                0x00002118       0x60 ./Generated_Code/D_Cpin1.o
                0x00002118                D_Cpin1_Init
 .text.D_Cpin1_ClrVal
                0x00002178       0x18 ./Generated_Code/D_Cpin1.o
                0x00002178                D_Cpin1_ClrVal
 .text.D_Cpin1_SetVal
                0x00002190       0x18 ./Generated_Code/D_Cpin1.o
                0x00002190                D_Cpin1_SetVal
 .text.Cpu_ivINT_PORTA
                0x000021a8       0x14 ./Generated_Code/Cpu.o
                0x000021a8                Cpu_ivINT_PORTA
 .text.Cpu_INT_NMIInterrupt
                0x000021bc        0xc ./Generated_Code/Cpu.o
                0x000021bc                Cpu_INT_NMIInterrupt
 .text.Cpu_Interrupt
                0x000021c8        0xc ./Generated_Code/Cpu.o
                0x000021c8                Cpu_Interrupt
 .text.__init_hardware
                0x000021d4      0x15c ./Generated_Code/Cpu.o
                0x000021d4                __init_hardware
 .text.PE_low_level_init
                0x00002330      0x180 ./Generated_Code/Cpu.o
                0x00002330                PE_low_level_init
 .text.ExtIntLdd3_OnInterrupt
                0x000024b0       0x14 ./Generated_Code/C3.o
                0x000024b0                ExtIntLdd3_OnInterrupt
 .text.ExtIntLdd2_OnInterrupt
                0x000024c4       0x14 ./Generated_Code/C2.o
                0x000024c4                ExtIntLdd2_OnInterrupt
 .text.ExtIntLdd1_OnInterrupt
                0x000024d8       0x14 ./Generated_Code/C1.o
                0x000024d8                ExtIntLdd1_OnInterrupt
 .text.BitIoLdd6_Init
                0x000024ec       0x60 ./Generated_Code/BitIoLdd6.o
                0x000024ec                BitIoLdd6_Init
 .text.BitIoLdd5_Init
                0x0000254c       0x60 ./Generated_Code/BitIoLdd5.o
                0x0000254c                BitIoLdd5_Init
 .text.BitIoLdd4_Init
                0x000025ac       0x60 ./Generated_Code/BitIoLdd4.o
                0x000025ac                BitIoLdd4_Init
 .text.BitIoLdd3_Init
                0x0000260c       0x60 ./Generated_Code/BitIoLdd3.o
                0x0000260c                BitIoLdd3_Init
 .text.BitIoLdd2_Init
                0x0000266c       0x68 ./Generated_Code/BitIoLdd2.o
                0x0000266c                BitIoLdd2_Init
 .text.BitIoLdd1_Init
                0x000026d4       0x68 ./Generated_Code/BitIoLdd1.o
                0x000026d4                BitIoLdd1_Init
 .text.AdcLdd1_Init
                0x0000273c       0xbc ./Generated_Code/AdcLdd1.o
                0x0000273c                AdcLdd1_Init
 .text.AdcLdd1_StartSingleMeasurement
                0x000027f8       0x44 ./Generated_Code/AdcLdd1.o
                0x000027f8                AdcLdd1_StartSingleMeasurement
 .text.AdcLdd1_CreateSampleGroup
                0x0000283c       0x6c ./Generated_Code/AdcLdd1.o
                0x0000283c                AdcLdd1_CreateSampleGroup
 .text.AdcLdd1_GetMeasuredValues
                0x000028a8       0x60 ./Generated_Code/AdcLdd1.o
                0x000028a8                AdcLdd1_GetMeasuredValues
 .text.AdcLdd1_GetCalibrationResultStatus
                0x00002908       0xb8 ./Generated_Code/AdcLdd1.o
                0x00002908                AdcLdd1_GetCalibrationResultStatus
 .text.AdcLdd1_MeasurementCompleteInterrupt
                0x000029c0       0x30 ./Generated_Code/AdcLdd1.o
                0x000029c0                AdcLdd1_MeasurementCompleteInterrupt
 .text.ASerialLdd2_Init
                0x000029f0      0x170 ./Generated_Code/ASerialLdd2.o
                0x000029f0                ASerialLdd2_Init
 .text.ASerialLdd2_ReceiveBlock
                0x00002b60       0x98 ./Generated_Code/ASerialLdd2.o
                0x00002b60                ASerialLdd2_ReceiveBlock
 .text.ASerialLdd2_SendBlock
                0x00002bf8       0xc4 ./Generated_Code/ASerialLdd2.o
                0x00002bf8                ASerialLdd2_SendBlock
 .text.InterruptRx
                0x00002cbc       0x58 ./Generated_Code/ASerialLdd2.o
 .text.InterruptTx
                0x00002d14       0x80 ./Generated_Code/ASerialLdd2.o
 .text.ASerialLdd2_Interrupt
                0x00002d94       0xe0 ./Generated_Code/ASerialLdd2.o
                0x00002d94                ASerialLdd2_Interrupt
 .text.ASerialLdd2_GetError
                0x00002e74       0x74 ./Generated_Code/ASerialLdd2.o
                0x00002e74                ASerialLdd2_GetError
 .text.ASerialLdd1_Init
                0x00002ee8      0x1bc ./Generated_Code/ASerialLdd1.o
                0x00002ee8                ASerialLdd1_Init
 .text.ASerialLdd1_ReceiveBlock
                0x000030a4       0x98 ./Generated_Code/ASerialLdd1.o
                0x000030a4                ASerialLdd1_ReceiveBlock
 .text.ASerialLdd1_SendBlock
                0x0000313c       0xc4 ./Generated_Code/ASerialLdd1.o
                0x0000313c                ASerialLdd1_SendBlock
 .text.InterruptRx
                0x00003200       0x58 ./Generated_Code/ASerialLdd1.o
 .text.InterruptTx
                0x00003258       0x80 ./Generated_Code/ASerialLdd1.o
 .text.ASerialLdd1_Interrupt
                0x000032d8       0xe4 ./Generated_Code/ASerialLdd1.o
                0x000032d8                ASerialLdd1_Interrupt
 .text.ASerialLdd1_GetError
                0x000033bc       0x74 ./Generated_Code/ASerialLdd1.o
                0x000033bc                ASerialLdd1_GetError
 .text.AD1_HWEnDi
                0x00003430       0x48 ./Generated_Code/AD1.o
                0x00003430                AD1_HWEnDi
 .text.AD1_Measure
                0x00003478       0x48 ./Generated_Code/AD1.o
                0x00003478                AD1_Measure
 .text.AD1_GetValue16
                0x000034c0       0x34 ./Generated_Code/AD1.o
                0x000034c0                AD1_GetValue16
 .text.AdcLdd1_OnMeasurementComplete
                0x000034f4       0x5c ./Generated_Code/AD1.o
                0x000034f4                AdcLdd1_OnMeasurementComplete
 .text.AD1_Init
                0x00003550       0x2c ./Generated_Code/AD1.o
                0x00003550                AD1_Init
 .text.zero_fill_bss
                0x0000357c       0x24 ./Project_Settings/Startup_Code/__arm_start.o
 .text.__thumb_startup
                0x000035a0       0x30 ./Project_Settings/Startup_Code/__arm_start.o
                0x000035a0                __thumb_startup
 .text._ExitProcess
                0x000035d0        0xc ./Project_Settings/Startup_Code/__arm_end.o
                0x000035d0                _ExitProcess
 .text.Temp_2str
                0x000035dc       0xb8 ./Sources/main.o
                0x000035dc                Temp_2str
 .text.Time_2str
                0x00003694      0x230 ./Sources/main.o
                0x00003694                Time_2str
 .text.PC_SendStr
                0x000038c4       0x4c ./Sources/main.o
                0x000038c4                PC_SendStr
 .text.Wifi_SendStr
                0x00003910       0x4c ./Sources/main.o
                0x00003910                Wifi_SendStr
 .text.Sub_topic
                0x0000395c       0x60 ./Sources/main.o
                0x0000395c                Sub_topic
 .text.main     0x000039bc      0xa44 ./Sources/main.o
                0x000039bc                main
 .text.Cpu_OnNMIINT
                0x00004400        0x8 ./Sources/Events.o
                0x00004400                Cpu_OnNMIINT
 .text.Wifi_OnRcvChar
                0x00004408       0x6c ./Sources/Events.o
                0x00004408                Wifi_OnRcvChar
 .text.Wifi_OnSendChar
                0x00004474        0x8 ./Sources/Events.o
                0x00004474                Wifi_OnSendChar
 .text.AD1_OnEnd
                0x0000447c        0x8 ./Sources/Events.o
                0x0000447c                AD1_OnEnd
 .text.AD1_OnCalibrationEnd
                0x00004484        0x8 ./Sources/Events.o
                0x00004484                AD1_OnCalibrationEnd
 .text.RTC1_OnSecond
                0x0000448c       0x10 ./Sources/Events.o
                0x0000448c                RTC1_OnSecond
 .text.TI1_OnInterrupt
                0x0000449c       0x14 ./Sources/Events.o
                0x0000449c                TI1_OnInterrupt
 .text.PC_OnRcvChar
                0x000044b0        0x8 ./Sources/Events.o
                0x000044b0                PC_OnRcvChar
 .text.C3_OnInterrupt
                0x000044b8        0x8 ./Sources/Events.o
                0x000044b8                C3_OnInterrupt
 .text.C2_OnInterrupt
                0x000044c0        0x8 ./Sources/Events.o
                0x000044c0                C2_OnInterrupt
 .text.C1_OnInterrupt
                0x000044c8       0x10 ./Sources/Events.o
                0x000044c8                C1_OnInterrupt
 .text.SM1_OnBlockSent
                0x000044d8       0x10 ./Sources/Events.o
                0x000044d8                SM1_OnBlockSent
 .text.exit     0x000044e8       0x38 C:/Freescale/CW MCU v10.7/MCU/ARM_GCC_Support/ewl/lib/armv6-m\libc.a(exit.o)
                0x000044e8                exit
 .text.strchr   0x00004520       0x1e C:/Freescale/CW MCU v10.7/MCU/ARM_GCC_Support/ewl/lib/armv6-m\libc.a(strchr.o)
                0x00004520                strchr
 .text.memset   0x0000453e        0xc C:/Freescale/CW MCU v10.7/MCU/ARM_GCC_Support/ewl/lib/armv6-m\libc.a(memset.o)
                0x0000453e                memset
 .text.strncmp  0x0000454a       0x22 C:/Freescale/CW MCU v10.7/MCU/ARM_GCC_Support/ewl/lib/armv6-m\libc.a(strncmp.o)
                0x0000454a                strncmp
 .text.__fill_mem
                0x0000456c       0x7e C:/Freescale/CW MCU v10.7/MCU/ARM_GCC_Support/ewl/lib/armv6-m\libc.a(__filll_mem.o)
                0x0000456c                __fill_mem
 .text.strcmp   0x000045ea       0x1c C:/Freescale/CW MCU v10.7/MCU/ARM_GCC_Support/ewl/lib/armv6-m\libc.a(strcmp.o)
                0x000045ea                strcmp
 .text.strlen   0x00004606       0x10 C:/Freescale/CW MCU v10.7/MCU/ARM_GCC_Support/ewl/lib/armv6-m\libc.a(strlen.o)
                0x00004606                strlen
 *fill*         0x00004616        0x2 00
 .text.long2str.isra.0
                0x00004618      0x19c C:/Freescale/CW MCU v10.7/MCU/ARM_GCC_Support/ewl/lib/armv6-m\libc.a(printformat_.o)
 .text.__pformatter_
                0x000047b4      0x428 C:/Freescale/CW MCU v10.7/MCU/ARM_GCC_Support/ewl/lib/armv6-m\libc.a(printformat_.o)
                0x000047b4                __pformatter_
 .text.__sformatter
                0x00004bdc      0x698 C:/Freescale/CW MCU v10.7/MCU/ARM_GCC_Support/ewl/lib/armv6-m\libc.a(scanformat_.o)
                0x00004bdc                __sformatter
 .text.isalpha  0x00005274       0x20 C:/Freescale/CW MCU v10.7/MCU/ARM_GCC_Support/ewl/lib/armv6-m\libc.a(ctype_aeabi.o)
                0x00005274                isalpha
 .text.isspace  0x00005294       0x20 C:/Freescale/CW MCU v10.7/MCU/ARM_GCC_Support/ewl/lib/armv6-m\libc.a(ctype_aeabi.o)
                0x00005294                isspace
 .text.toupper  0x000052b4        0xe C:/Freescale/CW MCU v10.7/MCU/ARM_GCC_Support/ewl/lib/armv6-m\libc.a(ctype_aeabi.o)
                0x000052b4                toupper
 .text.__strtoul
                0x000052c2      0x1ce C:/Freescale/CW MCU v10.7/MCU/ARM_GCC_Support/ewl/lib/armv6-m\libc.a(__strtoul.o)
                0x000052c2                __strtoul
 .text.memcpy   0x00005490       0x12 C:/Freescale/CW MCU v10.7/MCU/ARM_GCC_Support/ewl/lib/armv6-m\libc.a(memcpy.o)
                0x00005490                memcpy
 .text.memchr   0x000054a2       0x1a C:/Freescale/CW MCU v10.7/MCU/ARM_GCC_Support/ewl/lib/armv6-m\libc.a(memchr.o)
                0x000054a2                memchr
 .text.__init_cpp
                0x000054bc       0x48 C:/Freescale/CW MCU v10.7/MCU/ARM_GCC_Support/ewl/lib/armv6-m\librt.a(gcc_ctor_dtor.o)
                0x000054bc                __init_cpp
 .text.__fini_cpp
                0x00005504       0x34 C:/Freescale/CW MCU v10.7/MCU/ARM_GCC_Support/ewl/lib/armv6-m\librt.a(gcc_ctor_dtor.o)
                0x00005504                __fini_cpp
 .text.__destroy_global_chain
                0x00005538       0x1c C:/Freescale/CW MCU v10.7/MCU/ARM_GCC_Support/ewl/lib/armv6-m\librt.a(__arm_eabi_init.o)
                0x00005538                __destroy_global_chain
 .text.__init_registers
                0x00005554       0x1c C:/Freescale/CW MCU v10.7/MCU/ARM_GCC_Support/ewl/lib/armv6-m\librt.a(__arm_eabi_init.o)
                0x00005554                __init_registers
 .text.__init_user
                0x00005570        0x4 C:/Freescale/CW MCU v10.7/MCU/ARM_GCC_Support/ewl/lib/armv6-m\librt.a(__arm_eabi_init.o)
                0x00005570                __init_user
 .text.__copy_rom_section
                0x00005574       0x48 C:/Freescale/CW MCU v10.7/MCU/ARM_GCC_Support/ewl/lib/armv6-m\librt.a(ROMCopy.o)
                0x00005574                __copy_rom_section
 .text.__copy_rom_sections_to_ram
                0x000055bc       0x34 C:/Freescale/CW MCU v10.7/MCU/ARM_GCC_Support/ewl/lib/armv6-m\librt.a(ROMCopy.o)
                0x000055bc                __copy_rom_sections_to_ram
 *(.rodata)
 .rodata        0x000055f0      0x178 ./Sources/main.o
 *(.rodata*)
 .rodata.ULY    0x00005768       0x10 ./Generated_Code/RTC1.o
 .rodata.LY     0x00005778       0x10 ./Generated_Code/RTC1.o
 .rodata.MONTH_DAYS
                0x00005788       0x1c ./Generated_Code/RTC1.o
 .rodata.table  0x000057a4      0x1e0 ./Generated_Code/Display.o
 .rodata.ChannelToPin
                0x00005984        0x4 ./Generated_Code/AdcLdd1.o
 .rodata.str1.1
                0x00005988        0x1 C:/Freescale/CW MCU v10.7/MCU/ARM_GCC_Support/ewl/lib/armv6-m\libc.a(printformat_.o)
 .rodata.CSWTCH.20
                0x00005989        0x5 C:/Freescale/CW MCU v10.7/MCU/ARM_GCC_Support/ewl/lib/armv6-m\libc.a(printformat_.o)
 .rodata.CSWTCH.21
                0x0000598e        0x5 C:/Freescale/CW MCU v10.7/MCU/ARM_GCC_Support/ewl/lib/armv6-m\libc.a(printformat_.o)
 .rodata.__aeabi_ctype_table_C
                0x00005993      0x101 C:/Freescale/CW MCU v10.7/MCU/ARM_GCC_Support/ewl/lib/armv6-m\libc.a(ctype_aeabi.o)
                0x00005993                __aeabi_ctype_table_C
 *(.glue_7)
 .glue_7        0x00000000        0x0 linker stubs
 *(.glue_7t)
 .glue_7t       0x00000000        0x0 linker stubs
 *(.eh_frame)
 *(.init)
 *(.fini)
                0x00005a94                . = ALIGN (0x4)
                0x00005a94                _etext = .

.vfp11_veneer   0x00005a94        0x0
 .vfp11_veneer  0x00000000        0x0 linker stubs

.v4_bx          0x00005a94        0x0
 .v4_bx         0x00000000        0x0 linker stubs

.iplt           0x00005a94        0x0
 .iplt          0x00000000        0x0 ./Generated_Code/Wifi.o

.rel.dyn        0x00005a94        0x0
 .rel.iplt      0x00000000        0x0 ./Generated_Code/Wifi.o

.ARM.extab
 *(.ARM.extab* .gnu.linkonce.armextab.*)

.ARM            0x00005a94        0x0
                0x00005a94                __exidx_start = .
 *(.ARM.exidx*)
                0x00005a94                __exidx_end = .

.ctors          0x00005a94        0x0
                0x00005a94                __CTOR_LIST__ = .
 *crtbegin.o(.ctors)
 *(EXCLUDE_FILE(*crtend.o) .ctors)
 *(SORT(.ctors.*))
 *(.ctors)
                0x00005a94                __CTOR_END__ = .

.dtors          0x00005a94        0x0
                0x00005a94                __DTOR_LIST__ = .
 *crtbegin.o(.dtors)
 *(EXCLUDE_FILE(*crtend.o) .dtors)
 *(SORT(.dtors.*))
 *(.dtors)
                0x00005a94                __DTOR_END__ = .

.preinit_array  0x00005a94        0x0
                0x00005a94                PROVIDE (__preinit_array_start, .)
 *(.preinit_array*)
                0x00005a94                PROVIDE (__preinit_array_end, .)

.init_array     0x00005a94        0x0
                0x00005a94                PROVIDE (__init_array_start, .)
 *(SORT(.init_array.*))
 *(.init_array*)
                0x00005a94                PROVIDE (__init_array_end, .)

.fini_array     0x00005a94        0x0
                0x00005a94                PROVIDE (__fini_array_start, .)
 *(SORT(.fini_array.*))
 *(.fini_array*)
                0x00005a94                PROVIDE (__fini_array_end, .)
                0x00005a94                ___ROM_AT = .

.mtb            0x1ffff000        0x0
                0x1ffff000                . = ALIGN (0x8)
                0x1ffff000                _mtb_start = .
 *(.mtb_buf)
                0x1ffff000                . = ALIGN (0x8)
                0x1ffff000                _mtb_end = .

.data           0x1ffff000        0x4 load address 0x00005a94
                0x1ffff000                . = ALIGN (0x4)
                0x1ffff000                _sdata = .
 *(.data)
 *(.data*)
 .data.orientation
                0x1ffff000        0x1 ./Generated_Code/Display.o
                0x1ffff004                . = ALIGN (0x4)
 *fill*         0x1ffff001        0x3 00
                0x1ffff004                _edata = .
                0x00000004                ___data_size = (_edata - _sdata)

.igot.plt       0x1ffff004        0x0 load address 0x00005a98
 .igot.plt      0x00000000        0x0 ./Generated_Code/Wifi.o
                0x1ffff004                . = ALIGN (0x4)

.bss            0x1ffff004      0x6d0 load address 0x00005a98
                0x1ffff004                __START_BSS = .
                0x1ffff004                PROVIDE (__bss_start__, __START_BSS)
 *(.bss)
 *(.bss*)
 .bss.SerFlag   0x1ffff004        0x2 ./Generated_Code/Wifi.o
 .bss.Wifi_InpLen
                0x1ffff006        0x2 ./Generated_Code/Wifi.o
 .bss.InpIndexR
                0x1ffff008        0x2 ./Generated_Code/Wifi.o
 .bss.InpIndexW
                0x1ffff00a        0x2 ./Generated_Code/Wifi.o
 .bss.InpBuffer
                0x1ffff00c      0x100 ./Generated_Code/Wifi.o
 .bss.BufferRead
                0x1ffff10c        0x1 ./Generated_Code/Wifi.o
 *fill*         0x1ffff10d        0x1 00
 .bss.Wifi_OutLen
                0x1ffff10e        0x2 ./Generated_Code/Wifi.o
 .bss.OutIndexR
                0x1ffff110        0x2 ./Generated_Code/Wifi.o
 .bss.OutIndexW
                0x1ffff112        0x2 ./Generated_Code/Wifi.o
 .bss.OutBuffer
                0x1ffff114      0x100 ./Generated_Code/Wifi.o
 .bss.DeviceDataPrv__DEFAULT_RTOS_ALLOC
                0x1ffff214        0xc ./Generated_Code/TimerIntLdd1.o
 .bss.DeviceDataPrv__DEFAULT_RTOS_ALLOC
                0x1ffff220        0x8 ./Generated_Code/TU2.o
 .bss.DeviceDataPrv__DEFAULT_RTOS_ALLOC
                0x1ffff228        0x8 ./Generated_Code/TU1.o
 .bss.INT_LPTimer__DEFAULT_RTOS_ISRPARAM
                0x1ffff230        0x4 ./Generated_Code/TU1.o
 .bss.DeviceDataPrv__DEFAULT_RTOS_ALLOC
                0x1ffff234       0x1c ./Generated_Code/SM1.o
 .bss.INT_SPI0__DEFAULT_RTOS_ISRPARAM
                0x1ffff250        0x4 ./Generated_Code/SM1.o
 .bss.DeviceDataPrv__DEFAULT_RTOS_ALLOC
                0x1ffff254        0x4 ./Generated_Code/SCEpin1.o
 .bss.DevDataPtr__DEFAULT_RTOS_ALLOC
                0x1ffff258        0x4 ./Generated_Code/RTC1.o
 .bss.INT_RTC__DEFAULT_RTOS_ISRPARAM
                0x1ffff25c        0x4 ./Generated_Code/RTC1.o
 .bss.INT_RTC_Seconds__DEFAULT_RTOS_ISRPARAM
                0x1ffff260        0x4 ./Generated_Code/RTC1.o
 .bss.DeviceDataPrv__DEFAULT_RTOS_ALLOC
                0x1ffff264        0x4 ./Generated_Code/RESpin1.o
 .bss.DeviceDataPrv__DEFAULT_RTOS_ALLOC
                0x1ffff268        0xc ./Generated_Code/PwmLdd1.o
 .bss.PE_LDD_DeviceDataList
                0x1ffff274       0x54 ./Generated_Code/PE_LDD.o
                0x1ffff274                PE_LDD_DeviceDataList
 .bss.SerFlag   0x1ffff2c8        0x2 ./Generated_Code/PC.o
 .bss.PC_InpLen
                0x1ffff2ca        0x2 ./Generated_Code/PC.o
 .bss.InpIndexR
                0x1ffff2cc        0x2 ./Generated_Code/PC.o
 .bss.InpIndexW
                0x1ffff2ce        0x2 ./Generated_Code/PC.o
 .bss.InpBuffer
                0x1ffff2d0      0x100 ./Generated_Code/PC.o
 .bss.BufferRead
                0x1ffff3d0        0x1 ./Generated_Code/PC.o
 *fill*         0x1ffff3d1        0x1 00
 .bss.PC_OutLen
                0x1ffff3d2        0x2 ./Generated_Code/PC.o
 .bss.OutIndexR
                0x1ffff3d4        0x2 ./Generated_Code/PC.o
 .bss.OutIndexW
                0x1ffff3d6        0x2 ./Generated_Code/PC.o
 .bss.OutBuffer
                0x1ffff3d8      0x100 ./Generated_Code/PC.o
 .bss.DeviceDataPrv__DEFAULT_RTOS_ALLOC
                0x1ffff4d8        0x4 ./Generated_Code/ExtIntLdd3.o
 .bss.INT_PORTA__DEFAULT_RTOS_ISRPARAM
                0x1ffff4dc        0x4 ./Generated_Code/ExtIntLdd3.o
 .bss.DeviceDataPrv__DEFAULT_RTOS_ALLOC
                0x1ffff4e0        0x4 ./Generated_Code/ExtIntLdd2.o
 .bss.INT_PORTA__DEFAULT_RTOS_ISRPARAM
                0x1ffff4e4        0x4 ./Generated_Code/ExtIntLdd2.o
 .bss.DeviceDataPrv__DEFAULT_RTOS_ALLOC
                0x1ffff4e8        0x4 ./Generated_Code/ExtIntLdd1.o
 .bss.INT_PORTA__DEFAULT_RTOS_ISRPARAM
                0x1ffff4ec        0x4 ./Generated_Code/ExtIntLdd1.o
 .bss.RES_DeviceData
                0x1ffff4f0        0x4 ./Generated_Code/Display.o
 .bss.SCE_DeviceData
                0x1ffff4f4        0x4 ./Generated_Code/Display.o
 .bss.D_C_DeviceData
                0x1ffff4f8        0x4 ./Generated_Code/Display.o
 .bss.Display_DataReceivedFlag
                0x1ffff4fc        0x1 ./Generated_Code/Display.o
 *fill*         0x1ffff4fd        0x3 00
 .bss.DeviceDataPrv__DEFAULT_RTOS_ALLOC
                0x1ffff500        0x4 ./Generated_Code/D_Cpin1.o
 .bss.SR_lock   0x1ffff504        0x1 ./Generated_Code/Cpu.o
                0x1ffff504                SR_lock
 *fill*         0x1ffff505        0x3 00
 .bss.DeviceDataPrv__DEFAULT_RTOS_ALLOC
                0x1ffff508        0x4 ./Generated_Code/BitIoLdd6.o
 .bss.DeviceDataPrv__DEFAULT_RTOS_ALLOC
                0x1ffff50c        0x4 ./Generated_Code/BitIoLdd5.o
 .bss.DeviceDataPrv__DEFAULT_RTOS_ALLOC
                0x1ffff510        0x4 ./Generated_Code/BitIoLdd4.o
 .bss.DeviceDataPrv__DEFAULT_RTOS_ALLOC
                0x1ffff514        0x4 ./Generated_Code/BitIoLdd3.o
 .bss.DeviceDataPrv__DEFAULT_RTOS_ALLOC
                0x1ffff518        0x4 ./Generated_Code/BitIoLdd2.o
 .bss.DeviceDataPrv__DEFAULT_RTOS_ALLOC
                0x1ffff51c        0x4 ./Generated_Code/BitIoLdd1.o
 .bss.DeviceDataPrv__DEFAULT_RTOS_ALLOC
                0x1ffff520        0x8 ./Generated_Code/AdcLdd1.o
 .bss.INT_ADC0__DEFAULT_RTOS_ISRPARAM
                0x1ffff528        0x4 ./Generated_Code/AdcLdd1.o
 .bss.DeviceDataPrv__DEFAULT_RTOS_ALLOC
                0x1ffff52c       0x20 ./Generated_Code/ASerialLdd2.o
 .bss.INT_UART2__DEFAULT_RTOS_ISRPARAM
                0x1ffff54c        0x4 ./Generated_Code/ASerialLdd2.o
 .bss.DeviceDataPrv__DEFAULT_RTOS_ALLOC
                0x1ffff550       0x20 ./Generated_Code/ASerialLdd1.o
 .bss.INT_UART0__DEFAULT_RTOS_ISRPARAM
                0x1ffff570        0x4 ./Generated_Code/ASerialLdd1.o
 .bss.ModeFlg   0x1ffff574        0x1 ./Generated_Code/AD1.o
 *fill*         0x1ffff575        0x3 00
 .bss.SampleGroup
                0x1ffff578        0x4 ./Generated_Code/AD1.o
 .bss.OutFlg    0x1ffff57c        0x1 ./Generated_Code/AD1.o
 *fill*         0x1ffff57d        0x3 00
 .bss.argv      0x1ffff580        0x4 ./Project_Settings/Startup_Code/__arm_start.o
 .bss.ibr       0x1ffff584        0x1 ./Sources/main.o
                0x1ffff584                ibr
 .bss.mr        0x1ffff585        0x1 ./Sources/main.o
                0x1ffff585                mr
 .bss.rtc_ready
                0x1ffff586        0x1 ./Sources/main.o
                0x1ffff586                rtc_ready
 *fill*         0x1ffff587        0x1 00
 .bss.__stdio_exit
                0x1ffff588        0x4 C:/Freescale/CW MCU v10.7/MCU/ARM_GCC_Support/ewl/lib/armv6-m\libc.a(exit.o)
                0x1ffff588                __stdio_exit
 .bss.__console_exit
                0x1ffff58c        0x4 C:/Freescale/CW MCU v10.7/MCU/ARM_GCC_Support/ewl/lib/armv6-m\libc.a(exit.o)
                0x1ffff58c                __console_exit
 .bss.__global_destructor_chain
                0x1ffff590        0x4 C:/Freescale/CW MCU v10.7/MCU/ARM_GCC_Support/ewl/lib/armv6-m\librt.a(__arm_eabi_init.o)
                0x1ffff590                __global_destructor_chain
 .bss.__S_romp  0x1ffff594        0xc C:/Freescale/CW MCU v10.7/MCU/ARM_GCC_Support/ewl/lib/armv6-m\librt.a(ROMCopy.o)
 *(COMMON)
 COMMON         0x1ffff5a0        0x4 ./Generated_Code/Wifi.o
                0x1ffff5a0                ASerialLdd2_DeviceDataPtr
 COMMON         0x1ffff5a4        0x4 ./Generated_Code/PC.o
                0x1ffff5a4                ASerialLdd1_DeviceDataPtr
 COMMON         0x1ffff5a8        0x1 ./Generated_Code/Cpu.o
                0x1ffff5a8                SR_reg
 *fill*         0x1ffff5a9        0x3 00
 COMMON         0x1ffff5ac        0x8 ./Generated_Code/AD1.o
                0x1ffff5ac                AD1_OutV
                0x1ffff5b0                AdcLdd1_DeviceDataPtr
 COMMON         0x1ffff5b4      0x120 ./Sources/main.o
                0x1ffff5b4                br
                0x1ffff6b4                conectado
                0x1ffff6b8                time
                0x1ffff6d4                . = ALIGN (0x4)
                0x1ffff6d4                __END_BSS = .
                0x1ffff6d4                PROVIDE (__bss_end__, __END_BSS)
                0x00005a98                _romp_at = (___ROM_AT + SIZEOF (.data))

.romp           0x1ffff6d4       0x18 load address 0x00005a98
                0x00005a98                __S_romp = _romp_at
                0x1ffff6d4        0x4 LONG 0x5a94 ___ROM_AT
                0x1ffff6d8        0x4 LONG 0x1ffff000 _sdata
                0x1ffff6dc        0x4 LONG 0x4 ___data_size
                0x1ffff6e0        0x4 LONG 0x0
                0x1ffff6e4        0x4 LONG 0x0
                0x1ffff6e8        0x4 LONG 0x0

._user_heap_stack
                0x1ffff6ec      0x400 load address 0x00005ab0
                0x1ffff6ec                . = ALIGN (0x4)
                0x1ffff6ec                PROVIDE (end, .)
                0x1ffff6ec                PROVIDE (_end, .)
                0x1ffff6ec                __heap_addr = .
                0x1ffff6ec                . = (. + __heap_size)
                0x1ffffaec                . = (. + __stack_size)
 *fill*         0x1ffff6ec      0x400 00
                0x1ffffaec                . = ALIGN (0x4)

.ARM.attributes
                0x00000000       0x31
 *(.ARM.attributes)
 .ARM.attributes
                0x00000000       0x31 ./Generated_Code/Wifi.o
 .ARM.attributes
                0x00000031       0x31 ./Generated_Code/WAIT2.o
 .ARM.attributes
                0x00000062       0x31 ./Generated_Code/WAIT1.o
 .ARM.attributes
                0x00000093       0x31 ./Generated_Code/Vectors.o
 .ARM.attributes
                0x000000c4       0x31 ./Generated_Code/UTIL1.o
 .ARM.attributes
                0x000000f5       0x31 ./Generated_Code/TimerIntLdd1.o
 .ARM.attributes
                0x00000126       0x31 ./Generated_Code/TU2.o
 .ARM.attributes
                0x00000157       0x31 ./Generated_Code/TU1.o
 .ARM.attributes
                0x00000188       0x31 ./Generated_Code/TI1.o
 .ARM.attributes
                0x000001b9       0x31 ./Generated_Code/SM1.o
 .ARM.attributes
                0x000001ea       0x31 ./Generated_Code/SCEpin1.o
 .ARM.attributes
                0x0000021b       0x31 ./Generated_Code/RTC1.o
 .ARM.attributes
                0x0000024c       0x31 ./Generated_Code/RESpin1.o
 .ARM.attributes
                0x0000027d       0x31 ./Generated_Code/PwmLdd1.o
 .ARM.attributes
                0x000002ae       0x31 ./Generated_Code/PE_LDD.o
 .ARM.attributes
                0x000002df       0x31 ./Generated_Code/PC.o
 .ARM.attributes
                0x00000310       0x31 ./Generated_Code/MCUC1.o
 .ARM.attributes
                0x00000341       0x31 ./Generated_Code/ExtIntLdd3.o
 .ARM.attributes
                0x00000372       0x31 ./Generated_Code/ExtIntLdd2.o
 .ARM.attributes
                0x000003a3       0x31 ./Generated_Code/ExtIntLdd1.o
 .ARM.attributes
                0x000003d4       0x31 ./Generated_Code/Display.o
 .ARM.attributes
                0x00000405       0x31 ./Generated_Code/D_Cpin1.o
 .ARM.attributes
                0x00000436       0x31 ./Generated_Code/Cpu.o
 .ARM.attributes
                0x00000467       0x31 ./Generated_Code/C3.o
 .ARM.attributes
                0x00000498       0x31 ./Generated_Code/C2.o
 .ARM.attributes
                0x000004c9       0x31 ./Generated_Code/C1.o
 .ARM.attributes
                0x000004fa       0x31 ./Generated_Code/BitIoLdd6.o
 .ARM.attributes
                0x0000052b       0x31 ./Generated_Code/BitIoLdd5.o
 .ARM.attributes
                0x0000055c       0x31 ./Generated_Code/BitIoLdd4.o
 .ARM.attributes
                0x0000058d       0x31 ./Generated_Code/BitIoLdd3.o
 .ARM.attributes
                0x000005be       0x31 ./Generated_Code/BitIoLdd2.o
 .ARM.attributes
                0x000005ef       0x31 ./Generated_Code/BitIoLdd1.o
 .ARM.attributes
                0x00000620       0x31 ./Generated_Code/AdcLdd1.o
 .ARM.attributes
                0x00000651       0x31 ./Generated_Code/ASerialLdd2.o
 .ARM.attributes
                0x00000682       0x31 ./Generated_Code/ASerialLdd1.o
 .ARM.attributes
                0x000006b3       0x31 ./Generated_Code/AD1.o
 .ARM.attributes
                0x000006e4       0x31 ./Project_Settings/Startup_Code/__arm_start.o
 .ARM.attributes
                0x00000715       0x31 ./Project_Settings/Startup_Code/__arm_end.o
 .ARM.attributes
                0x00000746       0x31 ./Sources/main.o
 .ARM.attributes
                0x00000777       0x31 ./Sources/Events.o
 .ARM.attributes
                0x000007a8       0x31 C:/Freescale/CW MCU v10.7/MCU/ARM_GCC_Support/ewl/lib/armv6-m\libc.a(exit.o)
 .ARM.attributes
                0x000007d9       0x31 C:/Freescale/CW MCU v10.7/MCU/ARM_GCC_Support/ewl/lib/armv6-m\libc.a(strchr.o)
 .ARM.attributes
                0x0000080a       0x31 C:/Freescale/CW MCU v10.7/MCU/ARM_GCC_Support/ewl/lib/armv6-m\libc.a(memset.o)
 .ARM.attributes
                0x0000083b       0x31 C:/Freescale/CW MCU v10.7/MCU/ARM_GCC_Support/ewl/lib/armv6-m\libc.a(strncmp.o)
 .ARM.attributes
                0x0000086c       0x31 C:/Freescale/CW MCU v10.7/MCU/ARM_GCC_Support/ewl/lib/armv6-m\libc.a(__filll_mem.o)
 .ARM.attributes
                0x0000089d       0x31 C:/Freescale/CW MCU v10.7/MCU/ARM_GCC_Support/ewl/lib/armv6-m\libc.a(strcmp.o)
 .ARM.attributes
                0x000008ce       0x31 C:/Freescale/CW MCU v10.7/MCU/ARM_GCC_Support/ewl/lib/armv6-m\libc.a(strlen.o)
 .ARM.attributes
                0x000008ff       0x31 C:/Freescale/CW MCU v10.7/MCU/ARM_GCC_Support/ewl/lib/armv6-m\libc.a(printformat_.o)
 .ARM.attributes
                0x00000930       0x31 C:/Freescale/CW MCU v10.7/MCU/ARM_GCC_Support/ewl/lib/armv6-m\libc.a(scanformat_.o)
 .ARM.attributes
                0x00000961       0x31 C:/Freescale/CW MCU v10.7/MCU/ARM_GCC_Support/ewl/lib/armv6-m\libc.a(ctype_aeabi.o)
 .ARM.attributes
                0x00000992       0x31 C:/Freescale/CW MCU v10.7/MCU/ARM_GCC_Support/ewl/lib/armv6-m\libc.a(__strtoul.o)
 .ARM.attributes
                0x000009c3       0x31 C:/Freescale/CW MCU v10.7/MCU/ARM_GCC_Support/ewl/lib/armv6-m\libc.a(memcpy.o)
 .ARM.attributes
                0x000009f4       0x31 C:/Freescale/CW MCU v10.7/MCU/ARM_GCC_Support/ewl/lib/armv6-m\libc.a(memchr.o)
 .ARM.attributes
                0x00000a25       0x1e c:/freescale/cw mcu v10.7/cross_tools/arm-none-eabi-gcc-4_7_3/bin/../lib/gcc/arm-none-eabi/4.7.3/armv6-m\libgcc.a(_thumb1_case_sqi.o)
 .ARM.attributes
                0x00000a43       0x1e c:/freescale/cw mcu v10.7/cross_tools/arm-none-eabi-gcc-4_7_3/bin/../lib/gcc/arm-none-eabi/4.7.3/armv6-m\libgcc.a(_thumb1_case_uqi.o)
 .ARM.attributes
                0x00000a61       0x1e c:/freescale/cw mcu v10.7/cross_tools/arm-none-eabi-gcc-4_7_3/bin/../lib/gcc/arm-none-eabi/4.7.3/armv6-m\libgcc.a(_udivsi3.o)
 .ARM.attributes
                0x00000a7f       0x1e c:/freescale/cw mcu v10.7/cross_tools/arm-none-eabi-gcc-4_7_3/bin/../lib/gcc/arm-none-eabi/4.7.3/armv6-m\libgcc.a(_divsi3.o)
 .ARM.attributes
                0x00000a9d       0x1e c:/freescale/cw mcu v10.7/cross_tools/arm-none-eabi-gcc-4_7_3/bin/../lib/gcc/arm-none-eabi/4.7.3/armv6-m\libgcc.a(_dvmd_tls.o)
 .ARM.attributes
                0x00000abb       0x31 C:/Freescale/CW MCU v10.7/MCU/ARM_GCC_Support/ewl/lib/armv6-m\librt.a(gcc_ctor_dtor.o)
 .ARM.attributes
                0x00000aec       0x31 C:/Freescale/CW MCU v10.7/MCU/ARM_GCC_Support/ewl/lib/armv6-m\librt.a(__arm_eabi_init.o)
 .ARM.attributes
                0x00000b1d       0x31 C:/Freescale/CW MCU v10.7/MCU/ARM_GCC_Support/ewl/lib/armv6-m\librt.a(ROMCopy.o)
OUTPUT(Experimento3-Teclado.elf elf32-littlearm)

.debug_info     0x00000000     0xcc38
 .debug_info    0x00000000      0x4fb ./Generated_Code/Wifi.o
 .debug_info    0x000004fb      0x168 ./Generated_Code/WAIT2.o
 .debug_info    0x00000663      0x168 ./Generated_Code/WAIT1.o
 .debug_info    0x000007cb      0x10b ./Generated_Code/Vectors.o
 .debug_info    0x000008d6     0x1bed ./Generated_Code/UTIL1.o
 .debug_info    0x000024c3      0x178 ./Generated_Code/TimerIntLdd1.o
 .debug_info    0x0000263b      0x6f1 ./Generated_Code/TU2.o
 .debug_info    0x00002d2c      0x4ec ./Generated_Code/TU1.o
 .debug_info    0x00003218       0xae ./Generated_Code/TI1.o
 .debug_info    0x000032c6      0x74d ./Generated_Code/SM1.o
 .debug_info    0x00003a13      0x3c3 ./Generated_Code/SCEpin1.o
 .debug_info    0x00003dd6      0x75e ./Generated_Code/RTC1.o
 .debug_info    0x00004534      0x3c3 ./Generated_Code/RESpin1.o
 .debug_info    0x000048f7      0x2cc ./Generated_Code/PwmLdd1.o
 .debug_info    0x00004bc3      0x255 ./Generated_Code/PE_LDD.o
 .debug_info    0x00004e18      0x4ec ./Generated_Code/PC.o
 .debug_info    0x00005304       0xa0 ./Generated_Code/MCUC1.o
 .debug_info    0x000053a4      0x3a9 ./Generated_Code/ExtIntLdd3.o
 .debug_info    0x0000574d      0x3a9 ./Generated_Code/ExtIntLdd2.o
 .debug_info    0x00005af6      0x3a9 ./Generated_Code/ExtIntLdd1.o
 .debug_info    0x00005e9f      0x5ad ./Generated_Code/Display.o
 .debug_info    0x0000644c      0x3c3 ./Generated_Code/D_Cpin1.o
 .debug_info    0x0000680f      0x97d ./Generated_Code/Cpu.o
 .debug_info    0x0000718c       0xae ./Generated_Code/C3.o
 .debug_info    0x0000723a       0xae ./Generated_Code/C2.o
 .debug_info    0x000072e8       0xae ./Generated_Code/C1.o
 .debug_info    0x00007396      0x3d3 ./Generated_Code/BitIoLdd6.o
 .debug_info    0x00007769      0x3d3 ./Generated_Code/BitIoLdd5.o
 .debug_info    0x00007b3c      0x3d3 ./Generated_Code/BitIoLdd4.o
 .debug_info    0x00007f0f      0x3d3 ./Generated_Code/BitIoLdd3.o
 .debug_info    0x000082e2      0x31e ./Generated_Code/BitIoLdd2.o
 .debug_info    0x00008600      0x31e ./Generated_Code/BitIoLdd1.o
 .debug_info    0x0000891e      0x969 ./Generated_Code/AdcLdd1.o
 .debug_info    0x00009287      0x866 ./Generated_Code/ASerialLdd2.o
 .debug_info    0x00009aed      0x892 ./Generated_Code/ASerialLdd1.o
 .debug_info    0x0000a37f      0x244 ./Generated_Code/AD1.o
 .debug_info    0x0000a5c3      0x12a ./Project_Settings/Startup_Code/__arm_start.o
 .debug_info    0x0000a6ed       0x54 ./Project_Settings/Startup_Code/__arm_end.o
 .debug_info    0x0000a741      0x448 ./Sources/main.o
 .debug_info    0x0000ab89      0x242 ./Sources/Events.o
 .debug_info    0x0000adcb       0xe8 C:/Freescale/CW MCU v10.7/MCU/ARM_GCC_Support/ewl/lib/armv6-m\libc.a(exit.o)
 .debug_info    0x0000aeb3      0x10b C:/Freescale/CW MCU v10.7/MCU/ARM_GCC_Support/ewl/lib/armv6-m\libc.a(strchr.o)
 .debug_info    0x0000afbe       0xec C:/Freescale/CW MCU v10.7/MCU/ARM_GCC_Support/ewl/lib/armv6-m\libc.a(memset.o)
 .debug_info    0x0000b0aa      0x141 C:/Freescale/CW MCU v10.7/MCU/ARM_GCC_Support/ewl/lib/armv6-m\libc.a(strncmp.o)
 .debug_info    0x0000b1eb      0x137 C:/Freescale/CW MCU v10.7/MCU/ARM_GCC_Support/ewl/lib/armv6-m\libc.a(__filll_mem.o)
 .debug_info    0x0000b322      0x114 C:/Freescale/CW MCU v10.7/MCU/ARM_GCC_Support/ewl/lib/armv6-m\libc.a(strcmp.o)
 .debug_info    0x0000b436       0xea C:/Freescale/CW MCU v10.7/MCU/ARM_GCC_Support/ewl/lib/armv6-m\libc.a(strlen.o)
 .debug_info    0x0000b520      0x50d C:/Freescale/CW MCU v10.7/MCU/ARM_GCC_Support/ewl/lib/armv6-m\libc.a(printformat_.o)
 .debug_info    0x0000ba2d      0x568 C:/Freescale/CW MCU v10.7/MCU/ARM_GCC_Support/ewl/lib/armv6-m\libc.a(scanformat_.o)
 .debug_info    0x0000bf95      0x313 C:/Freescale/CW MCU v10.7/MCU/ARM_GCC_Support/ewl/lib/armv6-m\libc.a(ctype_aeabi.o)
 .debug_info    0x0000c2a8      0x1d6 C:/Freescale/CW MCU v10.7/MCU/ARM_GCC_Support/ewl/lib/armv6-m\libc.a(__strtoul.o)
 .debug_info    0x0000c47e      0x10f C:/Freescale/CW MCU v10.7/MCU/ARM_GCC_Support/ewl/lib/armv6-m\libc.a(memcpy.o)
 .debug_info    0x0000c58d      0x121 C:/Freescale/CW MCU v10.7/MCU/ARM_GCC_Support/ewl/lib/armv6-m\libc.a(memchr.o)
 .debug_info    0x0000c6ae      0x136 C:/Freescale/CW MCU v10.7/MCU/ARM_GCC_Support/ewl/lib/armv6-m\librt.a(gcc_ctor_dtor.o)
 .debug_info    0x0000c7e4      0x2b9 C:/Freescale/CW MCU v10.7/MCU/ARM_GCC_Support/ewl/lib/armv6-m\librt.a(__arm_eabi_init.o)
 .debug_info    0x0000ca9d      0x19b C:/Freescale/CW MCU v10.7/MCU/ARM_GCC_Support/ewl/lib/armv6-m\librt.a(ROMCopy.o)

.debug_abbrev   0x00000000     0x38f1
 .debug_abbrev  0x00000000      0x16d ./Generated_Code/Wifi.o
 .debug_abbrev  0x0000016d       0xba ./Generated_Code/WAIT2.o
 .debug_abbrev  0x00000227       0xba ./Generated_Code/WAIT1.o
 .debug_abbrev  0x000002e1       0xa3 ./Generated_Code/Vectors.o
 .debug_abbrev  0x00000384      0x164 ./Generated_Code/UTIL1.o
 .debug_abbrev  0x000004e8       0xd2 ./Generated_Code/TimerIntLdd1.o
 .debug_abbrev  0x000005ba      0x17e ./Generated_Code/TU2.o
 .debug_abbrev  0x00000738      0x134 ./Generated_Code/TU1.o
 .debug_abbrev  0x0000086c       0x60 ./Generated_Code/TI1.o
 .debug_abbrev  0x000008cc      0x174 ./Generated_Code/SM1.o
 .debug_abbrev  0x00000a40      0x151 ./Generated_Code/SCEpin1.o
 .debug_abbrev  0x00000b91      0x1b4 ./Generated_Code/RTC1.o
 .debug_abbrev  0x00000d45      0x151 ./Generated_Code/RESpin1.o
 .debug_abbrev  0x00000e96      0x114 ./Generated_Code/PwmLdd1.o
 .debug_abbrev  0x00000faa      0x102 ./Generated_Code/PE_LDD.o
 .debug_abbrev  0x000010ac      0x16d ./Generated_Code/PC.o
 .debug_abbrev  0x00001219       0x3d ./Generated_Code/MCUC1.o
 .debug_abbrev  0x00001256      0x134 ./Generated_Code/ExtIntLdd3.o
 .debug_abbrev  0x0000138a      0x134 ./Generated_Code/ExtIntLdd2.o
 .debug_abbrev  0x000014be      0x134 ./Generated_Code/ExtIntLdd1.o
 .debug_abbrev  0x000015f2      0x170 ./Generated_Code/Display.o
 .debug_abbrev  0x00001762      0x151 ./Generated_Code/D_Cpin1.o
 .debug_abbrev  0x000018b3      0x137 ./Generated_Code/Cpu.o
 .debug_abbrev  0x000019ea       0x60 ./Generated_Code/C3.o
 .debug_abbrev  0x00001a4a       0x60 ./Generated_Code/C2.o
 .debug_abbrev  0x00001aaa       0x60 ./Generated_Code/C1.o
 .debug_abbrev  0x00001b0a      0x151 ./Generated_Code/BitIoLdd6.o
 .debug_abbrev  0x00001c5b      0x151 ./Generated_Code/BitIoLdd5.o
 .debug_abbrev  0x00001dac      0x151 ./Generated_Code/BitIoLdd4.o
 .debug_abbrev  0x00001efd      0x151 ./Generated_Code/BitIoLdd3.o
 .debug_abbrev  0x0000204e      0x11c ./Generated_Code/BitIoLdd2.o
 .debug_abbrev  0x0000216a      0x11c ./Generated_Code/BitIoLdd1.o
 .debug_abbrev  0x00002286      0x1a6 ./Generated_Code/AdcLdd1.o
 .debug_abbrev  0x0000242c      0x189 ./Generated_Code/ASerialLdd2.o
 .debug_abbrev  0x000025b5      0x189 ./Generated_Code/ASerialLdd1.o
 .debug_abbrev  0x0000273e      0x123 ./Generated_Code/AD1.o
 .debug_abbrev  0x00002861       0x92 ./Project_Settings/Startup_Code/__arm_start.o
 .debug_abbrev  0x000028f3       0x4c ./Project_Settings/Startup_Code/__arm_end.o
 .debug_abbrev  0x0000293f      0x15a ./Sources/main.o
 .debug_abbrev  0x00002a99      0x109 ./Sources/Events.o
 .debug_abbrev  0x00002ba2       0x7a C:/Freescale/CW MCU v10.7/MCU/ARM_GCC_Support/ewl/lib/armv6-m\libc.a(exit.o)
 .debug_abbrev  0x00002c1c       0x7a C:/Freescale/CW MCU v10.7/MCU/ARM_GCC_Support/ewl/lib/armv6-m\libc.a(strchr.o)
 .debug_abbrev  0x00002c96       0x62 C:/Freescale/CW MCU v10.7/MCU/ARM_GCC_Support/ewl/lib/armv6-m\libc.a(memset.o)
 .debug_abbrev  0x00002cf8       0x98 C:/Freescale/CW MCU v10.7/MCU/ARM_GCC_Support/ewl/lib/armv6-m\libc.a(strncmp.o)
 .debug_abbrev  0x00002d90       0x78 C:/Freescale/CW MCU v10.7/MCU/ARM_GCC_Support/ewl/lib/armv6-m\libc.a(__filll_mem.o)
 .debug_abbrev  0x00002e08       0x89 C:/Freescale/CW MCU v10.7/MCU/ARM_GCC_Support/ewl/lib/armv6-m\libc.a(strcmp.o)
 .debug_abbrev  0x00002e91       0x7a C:/Freescale/CW MCU v10.7/MCU/ARM_GCC_Support/ewl/lib/armv6-m\libc.a(strlen.o)
 .debug_abbrev  0x00002f0b      0x200 C:/Freescale/CW MCU v10.7/MCU/ARM_GCC_Support/ewl/lib/armv6-m\libc.a(printformat_.o)
 .debug_abbrev  0x0000310b      0x1f0 C:/Freescale/CW MCU v10.7/MCU/ARM_GCC_Support/ewl/lib/armv6-m\libc.a(scanformat_.o)
 .debug_abbrev  0x000032fb       0x9e C:/Freescale/CW MCU v10.7/MCU/ARM_GCC_Support/ewl/lib/armv6-m\libc.a(ctype_aeabi.o)
 .debug_abbrev  0x00003399       0xc2 C:/Freescale/CW MCU v10.7/MCU/ARM_GCC_Support/ewl/lib/armv6-m\libc.a(__strtoul.o)
 .debug_abbrev  0x0000345b       0x95 C:/Freescale/CW MCU v10.7/MCU/ARM_GCC_Support/ewl/lib/armv6-m\libc.a(memcpy.o)
 .debug_abbrev  0x000034f0       0x95 C:/Freescale/CW MCU v10.7/MCU/ARM_GCC_Support/ewl/lib/armv6-m\libc.a(memchr.o)
 .debug_abbrev  0x00003585       0x99 C:/Freescale/CW MCU v10.7/MCU/ARM_GCC_Support/ewl/lib/armv6-m\librt.a(gcc_ctor_dtor.o)
 .debug_abbrev  0x0000361e      0x1b3 C:/Freescale/CW MCU v10.7/MCU/ARM_GCC_Support/ewl/lib/armv6-m\librt.a(__arm_eabi_init.o)
 .debug_abbrev  0x000037d1      0x120 C:/Freescale/CW MCU v10.7/MCU/ARM_GCC_Support/ewl/lib/armv6-m\librt.a(ROMCopy.o)

.debug_loc      0x00000000     0x6303
 .debug_loc     0x00000000      0x2e0 ./Generated_Code/Wifi.o
 .debug_loc     0x000002e0      0x100 ./Generated_Code/WAIT2.o
 .debug_loc     0x000003e0      0x100 ./Generated_Code/WAIT1.o
 .debug_loc     0x000004e0      0xf71 ./Generated_Code/UTIL1.o
 .debug_loc     0x00001451       0x70 ./Generated_Code/TimerIntLdd1.o
 .debug_loc     0x000014c1      0x150 ./Generated_Code/TU2.o
 .debug_loc     0x00001611       0x70 ./Generated_Code/TU1.o
 .debug_loc     0x00001681       0x38 ./Generated_Code/TI1.o
 .debug_loc     0x000016b9       0xe0 ./Generated_Code/SM1.o
 .debug_loc     0x00001799      0x150 ./Generated_Code/SCEpin1.o
 .debug_loc     0x000018e9      0x150 ./Generated_Code/RTC1.o
 .debug_loc     0x00001a39      0x150 ./Generated_Code/RESpin1.o
 .debug_loc     0x00001b89      0x118 ./Generated_Code/PwmLdd1.o
 .debug_loc     0x00001ca1       0x9c ./Generated_Code/PE_LDD.o
 .debug_loc     0x00001d3d      0x2e0 ./Generated_Code/PC.o
 .debug_loc     0x0000201d       0x58 ./Generated_Code/MCUC1.o
 .debug_loc     0x00002075       0xa8 ./Generated_Code/ExtIntLdd3.o
 .debug_loc     0x0000211d       0xa8 ./Generated_Code/ExtIntLdd2.o
 .debug_loc     0x000021c5       0xa8 ./Generated_Code/ExtIntLdd1.o
 .debug_loc     0x0000226d      0x47c ./Generated_Code/Display.o
 .debug_loc     0x000026e9      0x150 ./Generated_Code/D_Cpin1.o
 .debug_loc     0x00002839       0xdc ./Generated_Code/Cpu.o
 .debug_loc     0x00002915       0x38 ./Generated_Code/C3.o
 .debug_loc     0x0000294d       0x38 ./Generated_Code/C2.o
 .debug_loc     0x00002985       0x38 ./Generated_Code/C1.o
 .debug_loc     0x000029bd      0x150 ./Generated_Code/BitIoLdd6.o
 .debug_loc     0x00002b0d      0x150 ./Generated_Code/BitIoLdd5.o
 .debug_loc     0x00002c5d      0x150 ./Generated_Code/BitIoLdd4.o
 .debug_loc     0x00002dad      0x150 ./Generated_Code/BitIoLdd3.o
 .debug_loc     0x00002efd       0xa8 ./Generated_Code/BitIoLdd2.o
 .debug_loc     0x00002fa5       0xa8 ./Generated_Code/BitIoLdd1.o
 .debug_loc     0x0000304d      0x1f8 ./Generated_Code/AdcLdd1.o
 .debug_loc     0x00003245      0x194 ./Generated_Code/ASerialLdd2.o
 .debug_loc     0x000033d9      0x194 ./Generated_Code/ASerialLdd1.o
 .debug_loc     0x0000356d      0x138 ./Generated_Code/AD1.o
 .debug_loc     0x000036a5       0x2c ./Project_Settings/Startup_Code/__arm_start.o
 .debug_loc     0x000036d1       0x38 ./Project_Settings/Startup_Code/__arm_end.o
 .debug_loc     0x00003709      0x18a ./Sources/main.o
 .debug_loc     0x00003893      0x234 ./Sources/Events.o
 .debug_loc     0x00003ac7       0x3e C:/Freescale/CW MCU v10.7/MCU/ARM_GCC_Support/ewl/lib/armv6-m\libc.a(exit.o)
 .debug_loc     0x00003b05       0xaf C:/Freescale/CW MCU v10.7/MCU/ARM_GCC_Support/ewl/lib/armv6-m\libc.a(strchr.o)
 .debug_loc     0x00003bb4       0x6f C:/Freescale/CW MCU v10.7/MCU/ARM_GCC_Support/ewl/lib/armv6-m\libc.a(memset.o)
 .debug_loc     0x00003c23       0xed C:/Freescale/CW MCU v10.7/MCU/ARM_GCC_Support/ewl/lib/armv6-m\libc.a(strncmp.o)
 .debug_loc     0x00003d10      0x14a C:/Freescale/CW MCU v10.7/MCU/ARM_GCC_Support/ewl/lib/armv6-m\libc.a(__filll_mem.o)
 .debug_loc     0x00003e5a       0x64 C:/Freescale/CW MCU v10.7/MCU/ARM_GCC_Support/ewl/lib/armv6-m\libc.a(strcmp.o)
 .debug_loc     0x00003ebe       0x33 C:/Freescale/CW MCU v10.7/MCU/ARM_GCC_Support/ewl/lib/armv6-m\libc.a(strlen.o)
 .debug_loc     0x00003ef1     0x104b C:/Freescale/CW MCU v10.7/MCU/ARM_GCC_Support/ewl/lib/armv6-m\libc.a(printformat_.o)
 .debug_loc     0x00004f3c      0x9d8 C:/Freescale/CW MCU v10.7/MCU/ARM_GCC_Support/ewl/lib/armv6-m\libc.a(scanformat_.o)
 .debug_loc     0x00005914      0x30d C:/Freescale/CW MCU v10.7/MCU/ARM_GCC_Support/ewl/lib/armv6-m\libc.a(ctype_aeabi.o)
 .debug_loc     0x00005c21      0x305 C:/Freescale/CW MCU v10.7/MCU/ARM_GCC_Support/ewl/lib/armv6-m\libc.a(__strtoul.o)
 .debug_loc     0x00005f26       0x59 C:/Freescale/CW MCU v10.7/MCU/ARM_GCC_Support/ewl/lib/armv6-m\libc.a(memcpy.o)
 .debug_loc     0x00005f7f       0x77 C:/Freescale/CW MCU v10.7/MCU/ARM_GCC_Support/ewl/lib/armv6-m\libc.a(memchr.o)
 .debug_loc     0x00005ff6       0x9d C:/Freescale/CW MCU v10.7/MCU/ARM_GCC_Support/ewl/lib/armv6-m\librt.a(gcc_ctor_dtor.o)
 .debug_loc     0x00006093      0x197 C:/Freescale/CW MCU v10.7/MCU/ARM_GCC_Support/ewl/lib/armv6-m\librt.a(__arm_eabi_init.o)
 .debug_loc     0x0000622a       0xd9 C:/Freescale/CW MCU v10.7/MCU/ARM_GCC_Support/ewl/lib/armv6-m\librt.a(ROMCopy.o)

.debug_aranges  0x00000000      0xf58
 .debug_aranges
                0x00000000       0x88 ./Generated_Code/Wifi.o
 .debug_aranges
                0x00000088       0x50 ./Generated_Code/WAIT2.o
 .debug_aranges
                0x000000d8       0x50 ./Generated_Code/WAIT1.o
 .debug_aranges
                0x00000128       0x18 ./Generated_Code/Vectors.o
 .debug_aranges
                0x00000140      0x250 ./Generated_Code/UTIL1.o
 .debug_aranges
                0x00000390       0x28 ./Generated_Code/TimerIntLdd1.o
 .debug_aranges
                0x000003b8       0x48 ./Generated_Code/TU2.o
 .debug_aranges
                0x00000400       0x28 ./Generated_Code/TU1.o
 .debug_aranges
                0x00000428       0x20 ./Generated_Code/TI1.o
 .debug_aranges
                0x00000448       0x38 ./Generated_Code/SM1.o
 .debug_aranges
                0x00000480       0x48 ./Generated_Code/SCEpin1.o
 .debug_aranges
                0x000004c8       0x48 ./Generated_Code/RTC1.o
 .debug_aranges
                0x00000510       0x48 ./Generated_Code/RESpin1.o
 .debug_aranges
                0x00000558       0x40 ./Generated_Code/PwmLdd1.o
 .debug_aranges
                0x00000598       0x30 ./Generated_Code/PE_LDD.o
 .debug_aranges
                0x000005c8       0x88 ./Generated_Code/PC.o
 .debug_aranges
                0x00000650       0x28 ./Generated_Code/MCUC1.o
 .debug_aranges
                0x00000678       0x30 ./Generated_Code/ExtIntLdd3.o
 .debug_aranges
                0x000006a8       0x30 ./Generated_Code/ExtIntLdd2.o
 .debug_aranges
                0x000006d8       0x30 ./Generated_Code/ExtIntLdd1.o
 .debug_aranges
                0x00000708       0xc8 ./Generated_Code/Display.o
 .debug_aranges
                0x000007d0       0x48 ./Generated_Code/D_Cpin1.o
 .debug_aranges
                0x00000818       0x40 ./Generated_Code/Cpu.o
 .debug_aranges
                0x00000858       0x20 ./Generated_Code/C3.o
 .debug_aranges
                0x00000878       0x20 ./Generated_Code/C2.o
 .debug_aranges
                0x00000898       0x20 ./Generated_Code/C1.o
 .debug_aranges
                0x000008b8       0x48 ./Generated_Code/BitIoLdd6.o
 .debug_aranges
                0x00000900       0x48 ./Generated_Code/BitIoLdd5.o
 .debug_aranges
                0x00000948       0x48 ./Generated_Code/BitIoLdd4.o
 .debug_aranges
                0x00000990       0x48 ./Generated_Code/BitIoLdd3.o
 .debug_aranges
                0x000009d8       0x30 ./Generated_Code/BitIoLdd2.o
 .debug_aranges
                0x00000a08       0x30 ./Generated_Code/BitIoLdd1.o
 .debug_aranges
                0x00000a38       0x60 ./Generated_Code/AdcLdd1.o
 .debug_aranges
                0x00000a98       0x50 ./Generated_Code/ASerialLdd2.o
 .debug_aranges
                0x00000ae8       0x50 ./Generated_Code/ASerialLdd1.o
 .debug_aranges
                0x00000b38       0x48 ./Generated_Code/AD1.o
 .debug_aranges
                0x00000b80       0x30 ./Project_Settings/Startup_Code/__arm_start.o
 .debug_aranges
                0x00000bb0       0x20 ./Project_Settings/Startup_Code/__arm_end.o
 .debug_aranges
                0x00000bd0       0x50 ./Sources/main.o
 .debug_aranges
                0x00000c20       0x78 ./Sources/Events.o
 .debug_aranges
                0x00000c98       0x20 C:/Freescale/CW MCU v10.7/MCU/ARM_GCC_Support/ewl/lib/armv6-m\libc.a(exit.o)
 .debug_aranges
                0x00000cb8       0x20 C:/Freescale/CW MCU v10.7/MCU/ARM_GCC_Support/ewl/lib/armv6-m\libc.a(strchr.o)
 .debug_aranges
                0x00000cd8       0x20 C:/Freescale/CW MCU v10.7/MCU/ARM_GCC_Support/ewl/lib/armv6-m\libc.a(memset.o)
 .debug_aranges
                0x00000cf8       0x20 C:/Freescale/CW MCU v10.7/MCU/ARM_GCC_Support/ewl/lib/armv6-m\libc.a(strncmp.o)
 .debug_aranges
                0x00000d18       0x20 C:/Freescale/CW MCU v10.7/MCU/ARM_GCC_Support/ewl/lib/armv6-m\libc.a(__filll_mem.o)
 .debug_aranges
                0x00000d38       0x20 C:/Freescale/CW MCU v10.7/MCU/ARM_GCC_Support/ewl/lib/armv6-m\libc.a(strcmp.o)
 .debug_aranges
                0x00000d58       0x20 C:/Freescale/CW MCU v10.7/MCU/ARM_GCC_Support/ewl/lib/armv6-m\libc.a(strlen.o)
 .debug_aranges
                0x00000d78       0x28 C:/Freescale/CW MCU v10.7/MCU/ARM_GCC_Support/ewl/lib/armv6-m\libc.a(printformat_.o)
 .debug_aranges
                0x00000da0       0x20 C:/Freescale/CW MCU v10.7/MCU/ARM_GCC_Support/ewl/lib/armv6-m\libc.a(scanformat_.o)
 .debug_aranges
                0x00000dc0       0x88 C:/Freescale/CW MCU v10.7/MCU/ARM_GCC_Support/ewl/lib/armv6-m\libc.a(ctype_aeabi.o)
 .debug_aranges
                0x00000e48       0x20 C:/Freescale/CW MCU v10.7/MCU/ARM_GCC_Support/ewl/lib/armv6-m\libc.a(__strtoul.o)
 .debug_aranges
                0x00000e68       0x20 C:/Freescale/CW MCU v10.7/MCU/ARM_GCC_Support/ewl/lib/armv6-m\libc.a(memcpy.o)
 .debug_aranges
                0x00000e88       0x20 C:/Freescale/CW MCU v10.7/MCU/ARM_GCC_Support/ewl/lib/armv6-m\libc.a(memchr.o)
 .debug_aranges
                0x00000ea8       0x28 C:/Freescale/CW MCU v10.7/MCU/ARM_GCC_Support/ewl/lib/armv6-m\librt.a(gcc_ctor_dtor.o)
 .debug_aranges
                0x00000ed0       0x58 C:/Freescale/CW MCU v10.7/MCU/ARM_GCC_Support/ewl/lib/armv6-m\librt.a(__arm_eabi_init.o)
 .debug_aranges
                0x00000f28       0x30 C:/Freescale/CW MCU v10.7/MCU/ARM_GCC_Support/ewl/lib/armv6-m\librt.a(ROMCopy.o)

.debug_macinfo  0x00000000   0x858494
 .debug_macinfo
                0x00000000    0x44063 ./Generated_Code/Wifi.o
 .debug_macinfo
                0x00044063    0x2ec2a ./Generated_Code/WAIT2.o
 .debug_macinfo
                0x00072c8d    0x2ec2a ./Generated_Code/WAIT1.o
 .debug_macinfo
                0x000a18b7    0x43f5d ./Generated_Code/Vectors.o
 .debug_macinfo
                0x000e5814    0x2ec10 ./Generated_Code/UTIL1.o
 .debug_macinfo
                0x00114424    0x2fedd ./Generated_Code/TimerIntLdd1.o
 .debug_macinfo
                0x00144301    0x3016f ./Generated_Code/TU2.o
 .debug_macinfo
                0x00174470    0x2fed5 ./Generated_Code/TU1.o
 .debug_macinfo
                0x001a4345    0x43f1a ./Generated_Code/TI1.o
 .debug_macinfo
                0x001e825f    0x43fc2 ./Generated_Code/SM1.o
 .debug_macinfo
                0x0022c221    0x2eee3 ./Generated_Code/SCEpin1.o
 .debug_macinfo
                0x0025b104    0x47459 ./Generated_Code/RTC1.o
 .debug_macinfo
                0x002a255d    0x2eee3 ./Generated_Code/RESpin1.o
 .debug_macinfo
                0x002d1440    0x3029d ./Generated_Code/PwmLdd1.o
 .debug_macinfo
                0x003016dd    0x43ead ./Generated_Code/PE_LDD.o
 .debug_macinfo
                0x0034558a    0x44063 ./Generated_Code/PC.o
 .debug_macinfo
                0x003895ed    0x2e7cf ./Generated_Code/MCUC1.o
 .debug_macinfo
                0x003b7dbc    0x3260b ./Generated_Code/ExtIntLdd3.o
 .debug_macinfo
                0x003ea3c7    0x3260b ./Generated_Code/ExtIntLdd2.o
 .debug_macinfo
                0x0041c9d2    0x32609 ./Generated_Code/ExtIntLdd1.o
 .debug_macinfo
                0x0044efdb    0x35f1e ./Generated_Code/Display.o
 .debug_macinfo
                0x00484ef9    0x2eee3 ./Generated_Code/D_Cpin1.o
 .debug_macinfo
                0x004b3ddc    0x43f5d ./Generated_Code/Cpu.o
 .debug_macinfo
                0x004f7d39    0x43f1a ./Generated_Code/C3.o
 .debug_macinfo
                0x0053bc53    0x43f1a ./Generated_Code/C2.o
 .debug_macinfo
                0x0057fb6d    0x43f1a ./Generated_Code/C1.o
 .debug_macinfo
                0x005c3a87    0x2ef5e ./Generated_Code/BitIoLdd6.o
 .debug_macinfo
                0x005f29e5    0x2ef5e ./Generated_Code/BitIoLdd5.o
 .debug_macinfo
                0x00621943    0x2ef5e ./Generated_Code/BitIoLdd4.o
 .debug_macinfo
                0x006508a1    0x2ef5e ./Generated_Code/BitIoLdd3.o
 .debug_macinfo
                0x0067f7ff    0x2eefb ./Generated_Code/BitIoLdd2.o
 .debug_macinfo
                0x006ae6fa    0x2eefb ./Generated_Code/BitIoLdd1.o
 .debug_macinfo
                0x006dd5f5    0x335e0 ./Generated_Code/AdcLdd1.o
 .debug_macinfo
                0x00710bd5    0x3c1a3 ./Generated_Code/ASerialLdd2.o
 .debug_macinfo
                0x0074cd78    0x386b8 ./Generated_Code/ASerialLdd1.o
 .debug_macinfo
                0x00785430    0x43f6d ./Generated_Code/AD1.o
 .debug_macinfo
                0x007c939d     0x3e6d ./Project_Settings/Startup_Code/__arm_start.o
 .debug_macinfo
                0x007cd20a     0x3456 ./Project_Settings/Startup_Code/__arm_end.o
 .debug_macinfo
                0x007d0660    0x43f1a ./Sources/main.o
 .debug_macinfo
                0x0081457a    0x43f1a ./Sources/Events.o

.debug_line     0x00000000     0xc208
 .debug_line    0x00000000      0x7bb ./Generated_Code/Wifi.o
 .debug_line    0x000007bb      0x2c8 ./Generated_Code/WAIT2.o
 .debug_line    0x00000a83      0x2c8 ./Generated_Code/WAIT1.o
 .debug_line    0x00000d4b      0x7d7 ./Generated_Code/Vectors.o
 .debug_line    0x00001522      0xb1b ./Generated_Code/UTIL1.o
 .debug_line    0x0000203d      0x2b5 ./Generated_Code/TimerIntLdd1.o
 .debug_line    0x000022f2      0x318 ./Generated_Code/TU2.o
 .debug_line    0x0000260a      0x2b3 ./Generated_Code/TU1.o
 .debug_line    0x000028bd      0x5df ./Generated_Code/TI1.o
 .debug_line    0x00002e9c      0x665 ./Generated_Code/SM1.o
 .debug_line    0x00003501      0x2e1 ./Generated_Code/SCEpin1.o
 .debug_line    0x000037e2      0x69d ./Generated_Code/RTC1.o
 .debug_line    0x00003e7f      0x2e1 ./Generated_Code/RESpin1.o
 .debug_line    0x00004160      0x2ee ./Generated_Code/PwmLdd1.o
 .debug_line    0x0000444e      0x57e ./Generated_Code/PE_LDD.o
 .debug_line    0x000049cc      0x7b2 ./Generated_Code/PC.o
 .debug_line    0x0000517e      0x23b ./Generated_Code/MCUC1.o
 .debug_line    0x000053b9      0x2ca ./Generated_Code/ExtIntLdd3.o
 .debug_line    0x00005683      0x2ca ./Generated_Code/ExtIntLdd2.o
 .debug_line    0x0000594d      0x2ca ./Generated_Code/ExtIntLdd1.o
 .debug_line    0x00005c17      0x4e8 ./Generated_Code/Display.o
 .debug_line    0x000060ff      0x2e1 ./Generated_Code/D_Cpin1.o
 .debug_line    0x000063e0      0x86d ./Generated_Code/Cpu.o
 .debug_line    0x00006c4d      0x5dd ./Generated_Code/C3.o
 .debug_line    0x0000722a      0x5dd ./Generated_Code/C2.o
 .debug_line    0x00007807      0x5dd ./Generated_Code/C1.o
 .debug_line    0x00007de4      0x2e8 ./Generated_Code/BitIoLdd6.o
 .debug_line    0x000080cc      0x2e8 ./Generated_Code/BitIoLdd5.o
 .debug_line    0x000083b4      0x2e8 ./Generated_Code/BitIoLdd4.o
 .debug_line    0x0000869c      0x2e8 ./Generated_Code/BitIoLdd3.o
 .debug_line    0x00008984      0x2aa ./Generated_Code/BitIoLdd2.o
 .debug_line    0x00008c2e      0x2aa ./Generated_Code/BitIoLdd1.o
 .debug_line    0x00008ed8      0x366 ./Generated_Code/AdcLdd1.o
 .debug_line    0x0000923e      0x379 ./Generated_Code/ASerialLdd2.o
 .debug_line    0x000095b7      0x37d ./Generated_Code/ASerialLdd1.o
 .debug_line    0x00009934      0x661 ./Generated_Code/AD1.o
 .debug_line    0x00009f95      0x2aa ./Project_Settings/Startup_Code/__arm_start.o
 .debug_line    0x0000a23f      0x265 ./Project_Settings/Startup_Code/__arm_end.o
 .debug_line    0x0000a4a4      0x723 ./Sources/main.o
 .debug_line    0x0000abc7      0x655 ./Sources/Events.o
 .debug_line    0x0000b21c       0x8d C:/Freescale/CW MCU v10.7/MCU/ARM_GCC_Support/ewl/lib/armv6-m\libc.a(exit.o)
 .debug_line    0x0000b2a9       0x7d C:/Freescale/CW MCU v10.7/MCU/ARM_GCC_Support/ewl/lib/armv6-m\libc.a(strchr.o)
 .debug_line    0x0000b326       0x90 C:/Freescale/CW MCU v10.7/MCU/ARM_GCC_Support/ewl/lib/armv6-m\libc.a(memset.o)
 .debug_line    0x0000b3b6       0x8d C:/Freescale/CW MCU v10.7/MCU/ARM_GCC_Support/ewl/lib/armv6-m\libc.a(strncmp.o)
 .debug_line    0x0000b443       0xf6 C:/Freescale/CW MCU v10.7/MCU/ARM_GCC_Support/ewl/lib/armv6-m\libc.a(__filll_mem.o)
 .debug_line    0x0000b539       0x83 C:/Freescale/CW MCU v10.7/MCU/ARM_GCC_Support/ewl/lib/armv6-m\libc.a(strcmp.o)
 .debug_line    0x0000b5bc       0x85 C:/Freescale/CW MCU v10.7/MCU/ARM_GCC_Support/ewl/lib/armv6-m\libc.a(strlen.o)
 .debug_line    0x0000b641      0x2c3 C:/Freescale/CW MCU v10.7/MCU/ARM_GCC_Support/ewl/lib/armv6-m\libc.a(printformat_.o)
 .debug_line    0x0000b904      0x2be C:/Freescale/CW MCU v10.7/MCU/ARM_GCC_Support/ewl/lib/armv6-m\libc.a(scanformat_.o)
 .debug_line    0x0000bbc2      0x1be C:/Freescale/CW MCU v10.7/MCU/ARM_GCC_Support/ewl/lib/armv6-m\libc.a(ctype_aeabi.o)
 .debug_line    0x0000bd80      0x11e C:/Freescale/CW MCU v10.7/MCU/ARM_GCC_Support/ewl/lib/armv6-m\libc.a(__strtoul.o)
 .debug_line    0x0000be9e       0x8b C:/Freescale/CW MCU v10.7/MCU/ARM_GCC_Support/ewl/lib/armv6-m\libc.a(memcpy.o)
 .debug_line    0x0000bf29       0x9f C:/Freescale/CW MCU v10.7/MCU/ARM_GCC_Support/ewl/lib/armv6-m\libc.a(memchr.o)
 .debug_line    0x0000bfc8       0x6c C:/Freescale/CW MCU v10.7/MCU/ARM_GCC_Support/ewl/lib/armv6-m\librt.a(gcc_ctor_dtor.o)
 .debug_line    0x0000c034      0x117 C:/Freescale/CW MCU v10.7/MCU/ARM_GCC_Support/ewl/lib/armv6-m\librt.a(__arm_eabi_init.o)
 .debug_line    0x0000c14b       0xbd C:/Freescale/CW MCU v10.7/MCU/ARM_GCC_Support/ewl/lib/armv6-m\librt.a(ROMCopy.o)

.debug_str      0x00000000     0x334c
 .debug_str     0x00000000      0x326 ./Generated_Code/Wifi.o
                                0x37e (size before relaxing)
 .debug_str     0x00000326       0xa5 ./Generated_Code/WAIT2.o
                                0x1cb (size before relaxing)
 .debug_str     0x000003cb       0x8c ./Generated_Code/WAIT1.o
                                0x1cb (size before relaxing)
 .debug_str     0x00000457       0x55 ./Generated_Code/Vectors.o
                                0x188 (size before relaxing)
 .debug_str     0x000004ac      0x799 ./Generated_Code/UTIL1.o
                                0x8fe (size before relaxing)
 .debug_str     0x00000c45       0xc2 ./Generated_Code/TimerIntLdd1.o
                                0x20e (size before relaxing)
 .debug_str     0x00000d07      0x2a5 ./Generated_Code/TU2.o
                                0x460 (size before relaxing)
 .debug_str     0x00000fac       0xc1 ./Generated_Code/TU1.o
                                0x34e (size before relaxing)
 .debug_str     0x0000106d       0x31 ./Generated_Code/TI1.o
                                0x175 (size before relaxing)
 .debug_str     0x0000109e      0x129 ./Generated_Code/SM1.o
                                0x46b (size before relaxing)
 .debug_str     0x000011c7       0xe3 ./Generated_Code/SCEpin1.o
                                0x2e6 (size before relaxing)
 .debug_str     0x000012aa      0x16f ./Generated_Code/RTC1.o
                                0x439 (size before relaxing)
 .debug_str     0x00001419       0x9f ./Generated_Code/RESpin1.o
                                0x2e6 (size before relaxing)
 .debug_str     0x000014b8       0xaf ./Generated_Code/PwmLdd1.o
                                0x292 (size before relaxing)
 .debug_str     0x00001567      0x16b ./Generated_Code/PE_LDD.o
                                0x2eb (size before relaxing)
 .debug_str     0x000016d2      0x129 ./Generated_Code/PC.o
                                0x35c (size before relaxing)
 .debug_str     0x000017fb       0x32 ./Generated_Code/MCUC1.o
                                0x14f (size before relaxing)
 .debug_str     0x0000182d       0xa8 ./Generated_Code/ExtIntLdd3.o
                                0x322 (size before relaxing)
 .debug_str     0x000018d5       0x87 ./Generated_Code/ExtIntLdd2.o
                                0x322 (size before relaxing)
 .debug_str     0x0000195c       0x87 ./Generated_Code/ExtIntLdd1.o
                                0x322 (size before relaxing)
 .debug_str     0x000019e3      0x311 ./Generated_Code/Display.o
                                0x495 (size before relaxing)
 .debug_str     0x00001cf4       0x9f ./Generated_Code/D_Cpin1.o
                                0x2e6 (size before relaxing)
 .debug_str     0x00001d93      0x18d ./Generated_Code/Cpu.o
                                0x480 (size before relaxing)
 .debug_str     0x00001f20       0x2e ./Generated_Code/C3.o
                                0x172 (size before relaxing)
 .debug_str     0x00001f4e       0x2e ./Generated_Code/C2.o
                                0x172 (size before relaxing)
 .debug_str     0x00001f7c       0x2e ./Generated_Code/C1.o
                                0x172 (size before relaxing)
 .debug_str     0x00001faa       0xb1 ./Generated_Code/BitIoLdd6.o
                                0x2f8 (size before relaxing)
 .debug_str     0x0000205b       0xb1 ./Generated_Code/BitIoLdd5.o
                                0x2f8 (size before relaxing)
 .debug_str     0x0000210c       0xb1 ./Generated_Code/BitIoLdd4.o
                                0x2f8 (size before relaxing)
 .debug_str     0x000021bd       0xb1 ./Generated_Code/BitIoLdd3.o
                                0x2f8 (size before relaxing)
 .debug_str     0x0000226e       0x7e ./Generated_Code/BitIoLdd2.o
                                0x2b7 (size before relaxing)
 .debug_str     0x000022ec       0x7e ./Generated_Code/BitIoLdd1.o
                                0x2b7 (size before relaxing)
 .debug_str     0x0000236a      0x228 ./Generated_Code/AdcLdd1.o
                                0x5a1 (size before relaxing)
 .debug_str     0x00002592      0x134 ./Generated_Code/ASerialLdd2.o
                                0x4e9 (size before relaxing)
 .debug_str     0x000026c6       0xfc ./Generated_Code/ASerialLdd1.o
                                0x4eb (size before relaxing)
 .debug_str     0x000027c2       0xaf ./Generated_Code/AD1.o
                                0x252 (size before relaxing)
 .debug_str     0x00002871       0x85 ./Project_Settings/Startup_Code/__arm_start.o
                                0x1a9 (size before relaxing)
 .debug_str     0x000028f6       0x41 ./Project_Settings/Startup_Code/__arm_end.o
                                 0xe0 (size before relaxing)
 .debug_str     0x00002937       0x9e ./Sources/main.o
                                0x25d (size before relaxing)
 .debug_str     0x000029d5       0xc7 ./Sources/Events.o
                                0x21d (size before relaxing)
 .debug_str     0x00002a9c       0x54 C:/Freescale/CW MCU v10.7/MCU/ARM_GCC_Support/ewl/lib/armv6-m\libc.a(exit.o)
                                0x157 (size before relaxing)
 .debug_str     0x00002af0       0x1c C:/Freescale/CW MCU v10.7/MCU/ARM_GCC_Support/ewl/lib/armv6-m\libc.a(strchr.o)
                                0x137 (size before relaxing)
 .debug_str     0x00002b0c       0x1c C:/Freescale/CW MCU v10.7/MCU/ARM_GCC_Support/ewl/lib/armv6-m\libc.a(memset.o)
                                0x140 (size before relaxing)
 .debug_str     0x00002b28       0x30 C:/Freescale/CW MCU v10.7/MCU/ARM_GCC_Support/ewl/lib/armv6-m\libc.a(strncmp.o)
                                0x152 (size before relaxing)
 .debug_str     0x00002b58       0x25 C:/Freescale/CW MCU v10.7/MCU/ARM_GCC_Support/ewl/lib/armv6-m\libc.a(__filll_mem.o)
                                0x152 (size before relaxing)
 .debug_str     0x00002b7d       0x1c C:/Freescale/CW MCU v10.7/MCU/ARM_GCC_Support/ewl/lib/armv6-m\libc.a(strcmp.o)
                                0x152 (size before relaxing)
 .debug_str     0x00002b99       0x1c C:/Freescale/CW MCU v10.7/MCU/ARM_GCC_Support/ewl/lib/armv6-m\libc.a(strlen.o)
                                0x140 (size before relaxing)
 .debug_str     0x00002bb5      0x233 C:/Freescale/CW MCU v10.7/MCU/ARM_GCC_Support/ewl/lib/armv6-m\libc.a(printformat_.o)
                                0x3b3 (size before relaxing)
 .debug_str     0x00002de8      0x184 C:/Freescale/CW MCU v10.7/MCU/ARM_GCC_Support/ewl/lib/armv6-m\libc.a(scanformat_.o)
                                0x3f9 (size before relaxing)
 .debug_str     0x00002f6c       0x9d C:/Freescale/CW MCU v10.7/MCU/ARM_GCC_Support/ewl/lib/armv6-m\libc.a(ctype_aeabi.o)
                                0x1bc (size before relaxing)
 .debug_str     0x00003009       0x5b C:/Freescale/CW MCU v10.7/MCU/ARM_GCC_Support/ewl/lib/armv6-m\libc.a(__strtoul.o)
                                0x1fb (size before relaxing)
 .debug_str     0x00003064       0x1c C:/Freescale/CW MCU v10.7/MCU/ARM_GCC_Support/ewl/lib/armv6-m\libc.a(memcpy.o)
                                0x138 (size before relaxing)
 .debug_str     0x00003080       0x1c C:/Freescale/CW MCU v10.7/MCU/ARM_GCC_Support/ewl/lib/armv6-m\libc.a(memchr.o)
                                0x148 (size before relaxing)
 .debug_str     0x0000309c      0x126 C:/Freescale/CW MCU v10.7/MCU/ARM_GCC_Support/ewl/lib/armv6-m\librt.a(gcc_ctor_dtor.o)
                                0x181 (size before relaxing)
 .debug_str     0x000031c2       0xee C:/Freescale/CW MCU v10.7/MCU/ARM_GCC_Support/ewl/lib/armv6-m\librt.a(__arm_eabi_init.o)
                                0x1b5 (size before relaxing)
 .debug_str     0x000032b0       0x9c C:/Freescale/CW MCU v10.7/MCU/ARM_GCC_Support/ewl/lib/armv6-m\librt.a(ROMCopy.o)
                                0x13c (size before relaxing)

.comment        0x00000000       0x79
 .comment       0x00000000       0x79 ./Generated_Code/Wifi.o
                                 0x7a (size before relaxing)
 .comment       0x00000000       0x7a ./Generated_Code/WAIT2.o
 .comment       0x00000000       0x7a ./Generated_Code/WAIT1.o
 .comment       0x00000000       0x7a ./Generated_Code/Vectors.o
 .comment       0x00000000       0x7a ./Generated_Code/UTIL1.o
 .comment       0x00000000       0x7a ./Generated_Code/TimerIntLdd1.o
 .comment       0x00000000       0x7a ./Generated_Code/TU2.o
 .comment       0x00000000       0x7a ./Generated_Code/TU1.o
 .comment       0x00000000       0x7a ./Generated_Code/TI1.o
 .comment       0x00000000       0x7a ./Generated_Code/SM1.o
 .comment       0x00000000       0x7a ./Generated_Code/SCEpin1.o
 .comment       0x00000000       0x7a ./Generated_Code/RTC1.o
 .comment       0x00000000       0x7a ./Generated_Code/RESpin1.o
 .comment       0x00000000       0x7a ./Generated_Code/PwmLdd1.o
 .comment       0x00000000       0x7a ./Generated_Code/PE_LDD.o
 .comment       0x00000000       0x7a ./Generated_Code/PC.o
 .comment       0x00000000       0x7a ./Generated_Code/MCUC1.o
 .comment       0x00000000       0x7a ./Generated_Code/ExtIntLdd3.o
 .comment       0x00000000       0x7a ./Generated_Code/ExtIntLdd2.o
 .comment       0x00000000       0x7a ./Generated_Code/ExtIntLdd1.o
 .comment       0x00000000       0x7a ./Generated_Code/Display.o
 .comment       0x00000000       0x7a ./Generated_Code/D_Cpin1.o
 .comment       0x00000000       0x7a ./Generated_Code/Cpu.o
 .comment       0x00000000       0x7a ./Generated_Code/C3.o
 .comment       0x00000000       0x7a ./Generated_Code/C2.o
 .comment       0x00000000       0x7a ./Generated_Code/C1.o
 .comment       0x00000000       0x7a ./Generated_Code/BitIoLdd6.o
 .comment       0x00000000       0x7a ./Generated_Code/BitIoLdd5.o
 .comment       0x00000000       0x7a ./Generated_Code/BitIoLdd4.o
 .comment       0x00000000       0x7a ./Generated_Code/BitIoLdd3.o
 .comment       0x00000000       0x7a ./Generated_Code/BitIoLdd2.o
 .comment       0x00000000       0x7a ./Generated_Code/BitIoLdd1.o
 .comment       0x00000000       0x7a ./Generated_Code/AdcLdd1.o
 .comment       0x00000000       0x7a ./Generated_Code/ASerialLdd2.o
 .comment       0x00000000       0x7a ./Generated_Code/ASerialLdd1.o
 .comment       0x00000000       0x7a ./Generated_Code/AD1.o
 .comment       0x00000000       0x7a ./Project_Settings/Startup_Code/__arm_start.o
 .comment       0x00000000       0x7a ./Project_Settings/Startup_Code/__arm_end.o
 .comment       0x00000000       0x7a ./Sources/main.o
 .comment       0x00000000       0x7a ./Sources/Events.o
 .comment       0x00000000       0x7a C:/Freescale/CW MCU v10.7/MCU/ARM_GCC_Support/ewl/lib/armv6-m\libc.a(exit.o)
 .comment       0x00000000       0x7a C:/Freescale/CW MCU v10.7/MCU/ARM_GCC_Support/ewl/lib/armv6-m\libc.a(strchr.o)
 .comment       0x00000000       0x7a C:/Freescale/CW MCU v10.7/MCU/ARM_GCC_Support/ewl/lib/armv6-m\libc.a(memset.o)
 .comment       0x00000000       0x7a C:/Freescale/CW MCU v10.7/MCU/ARM_GCC_Support/ewl/lib/armv6-m\libc.a(strncmp.o)
 .comment       0x00000000       0x7a C:/Freescale/CW MCU v10.7/MCU/ARM_GCC_Support/ewl/lib/armv6-m\libc.a(__filll_mem.o)
 .comment       0x00000000       0x7a C:/Freescale/CW MCU v10.7/MCU/ARM_GCC_Support/ewl/lib/armv6-m\libc.a(strcmp.o)
 .comment       0x00000000       0x7a C:/Freescale/CW MCU v10.7/MCU/ARM_GCC_Support/ewl/lib/armv6-m\libc.a(strlen.o)
 .comment       0x00000000       0x7a C:/Freescale/CW MCU v10.7/MCU/ARM_GCC_Support/ewl/lib/armv6-m\libc.a(printformat_.o)
 .comment       0x00000000       0x7a C:/Freescale/CW MCU v10.7/MCU/ARM_GCC_Support/ewl/lib/armv6-m\libc.a(scanformat_.o)
 .comment       0x00000000       0x7a C:/Freescale/CW MCU v10.7/MCU/ARM_GCC_Support/ewl/lib/armv6-m\libc.a(ctype_aeabi.o)
 .comment       0x00000000       0x7a C:/Freescale/CW MCU v10.7/MCU/ARM_GCC_Support/ewl/lib/armv6-m\libc.a(__strtoul.o)
 .comment       0x00000000       0x7a C:/Freescale/CW MCU v10.7/MCU/ARM_GCC_Support/ewl/lib/armv6-m\libc.a(memcpy.o)
 .comment       0x00000000       0x7a C:/Freescale/CW MCU v10.7/MCU/ARM_GCC_Support/ewl/lib/armv6-m\libc.a(memchr.o)
 .comment       0x00000000       0x7a C:/Freescale/CW MCU v10.7/MCU/ARM_GCC_Support/ewl/lib/armv6-m\librt.a(gcc_ctor_dtor.o)
 .comment       0x00000000       0x7a C:/Freescale/CW MCU v10.7/MCU/ARM_GCC_Support/ewl/lib/armv6-m\librt.a(__arm_eabi_init.o)
 .comment       0x00000000       0x7a C:/Freescale/CW MCU v10.7/MCU/ARM_GCC_Support/ewl/lib/armv6-m\librt.a(ROMCopy.o)

.debug_frame    0x00000000     0x2a00
 .debug_frame   0x00000000      0x1c4 ./Generated_Code/Wifi.o
 .debug_frame   0x000001c4       0xc8 ./Generated_Code/WAIT2.o
 .debug_frame   0x0000028c       0xc8 ./Generated_Code/WAIT1.o
 .debug_frame   0x00000354      0x8ec ./Generated_Code/UTIL1.o
 .debug_frame   0x00000c40       0x50 ./Generated_Code/TimerIntLdd1.o
 .debug_frame   0x00000c90       0xd0 ./Generated_Code/TU2.o
 .debug_frame   0x00000d60       0x50 ./Generated_Code/TU1.o
 .debug_frame   0x00000db0       0x30 ./Generated_Code/TI1.o
 .debug_frame   0x00000de0       0x90 ./Generated_Code/SM1.o
 .debug_frame   0x00000e70       0xd0 ./Generated_Code/SCEpin1.o
 .debug_frame   0x00000f40       0xd0 ./Generated_Code/RTC1.o
 .debug_frame   0x00001010       0xd0 ./Generated_Code/RESpin1.o
 .debug_frame   0x000010e0       0xb0 ./Generated_Code/PwmLdd1.o
 .debug_frame   0x00001190       0x6c ./Generated_Code/PE_LDD.o
 .debug_frame   0x000011fc      0x1c4 ./Generated_Code/PC.o
 .debug_frame   0x000013c0       0x48 ./Generated_Code/MCUC1.o
 .debug_frame   0x00001408       0x70 ./Generated_Code/ExtIntLdd3.o
 .debug_frame   0x00001478       0x70 ./Generated_Code/ExtIntLdd2.o
 .debug_frame   0x000014e8       0x70 ./Generated_Code/ExtIntLdd1.o
 .debug_frame   0x00001558      0x2b8 ./Generated_Code/Display.o
 .debug_frame   0x00001810       0xd0 ./Generated_Code/D_Cpin1.o
 .debug_frame   0x000018e0       0x9c ./Generated_Code/Cpu.o
 .debug_frame   0x0000197c       0x30 ./Generated_Code/C3.o
 .debug_frame   0x000019ac       0x30 ./Generated_Code/C2.o
 .debug_frame   0x000019dc       0x30 ./Generated_Code/C1.o
 .debug_frame   0x00001a0c       0xd0 ./Generated_Code/BitIoLdd6.o
 .debug_frame   0x00001adc       0xd0 ./Generated_Code/BitIoLdd5.o
 .debug_frame   0x00001bac       0xd0 ./Generated_Code/BitIoLdd4.o
 .debug_frame   0x00001c7c       0xd0 ./Generated_Code/BitIoLdd3.o
 .debug_frame   0x00001d4c       0x70 ./Generated_Code/BitIoLdd2.o
 .debug_frame   0x00001dbc       0x70 ./Generated_Code/BitIoLdd1.o
 .debug_frame   0x00001e2c      0x130 ./Generated_Code/AdcLdd1.o
 .debug_frame   0x00001f5c       0xf8 ./Generated_Code/ASerialLdd2.o
 .debug_frame   0x00002054       0xf8 ./Generated_Code/ASerialLdd1.o
 .debug_frame   0x0000214c       0xc8 ./Generated_Code/AD1.o
 .debug_frame   0x00002214       0x4c ./Project_Settings/Startup_Code/__arm_start.o
 .debug_frame   0x00002260       0x30 ./Project_Settings/Startup_Code/__arm_end.o
 .debug_frame   0x00002290       0xf0 ./Sources/main.o
 .debug_frame   0x00002380      0x16c ./Sources/Events.o
 .debug_frame   0x000024ec       0x2c C:/Freescale/CW MCU v10.7/MCU/ARM_GCC_Support/ewl/lib/armv6-m\libc.a(exit.o)
 .debug_frame   0x00002518       0x28 C:/Freescale/CW MCU v10.7/MCU/ARM_GCC_Support/ewl/lib/armv6-m\libc.a(strchr.o)
 .debug_frame   0x00002540       0x28 C:/Freescale/CW MCU v10.7/MCU/ARM_GCC_Support/ewl/lib/armv6-m\libc.a(memset.o)
 .debug_frame   0x00002568       0x2c C:/Freescale/CW MCU v10.7/MCU/ARM_GCC_Support/ewl/lib/armv6-m\libc.a(strncmp.o)
 .debug_frame   0x00002594       0x2c C:/Freescale/CW MCU v10.7/MCU/ARM_GCC_Support/ewl/lib/armv6-m\libc.a(__filll_mem.o)
 .debug_frame   0x000025c0       0x28 C:/Freescale/CW MCU v10.7/MCU/ARM_GCC_Support/ewl/lib/armv6-m\libc.a(strcmp.o)
 .debug_frame   0x000025e8       0x28 C:/Freescale/CW MCU v10.7/MCU/ARM_GCC_Support/ewl/lib/armv6-m\libc.a(strlen.o)
 .debug_frame   0x00002610       0x54 C:/Freescale/CW MCU v10.7/MCU/ARM_GCC_Support/ewl/lib/armv6-m\libc.a(printformat_.o)
 .debug_frame   0x00002664       0x34 C:/Freescale/CW MCU v10.7/MCU/ARM_GCC_Support/ewl/lib/armv6-m\libc.a(scanformat_.o)
 .debug_frame   0x00002698      0x158 C:/Freescale/CW MCU v10.7/MCU/ARM_GCC_Support/ewl/lib/armv6-m\libc.a(ctype_aeabi.o)
 .debug_frame   0x000027f0       0x30 C:/Freescale/CW MCU v10.7/MCU/ARM_GCC_Support/ewl/lib/armv6-m\libc.a(__strtoul.o)
 .debug_frame   0x00002820       0x28 C:/Freescale/CW MCU v10.7/MCU/ARM_GCC_Support/ewl/lib/armv6-m\libc.a(memcpy.o)
 .debug_frame   0x00002848       0x28 C:/Freescale/CW MCU v10.7/MCU/ARM_GCC_Support/ewl/lib/armv6-m\libc.a(memchr.o)
 .debug_frame   0x00002870       0x20 c:/freescale/cw mcu v10.7/cross_tools/arm-none-eabi-gcc-4_7_3/bin/../lib/gcc/arm-none-eabi/4.7.3/armv6-m\libgcc.a(_udivsi3.o)
 .debug_frame   0x00002890       0x20 c:/freescale/cw mcu v10.7/cross_tools/arm-none-eabi-gcc-4_7_3/bin/../lib/gcc/arm-none-eabi/4.7.3/armv6-m\libgcc.a(_divsi3.o)
 .debug_frame   0x000028b0       0x40 C:/Freescale/CW MCU v10.7/MCU/ARM_GCC_Support/ewl/lib/armv6-m\librt.a(gcc_ctor_dtor.o)
 .debug_frame   0x000028f0       0xbc C:/Freescale/CW MCU v10.7/MCU/ARM_GCC_Support/ewl/lib/armv6-m\librt.a(__arm_eabi_init.o)
 .debug_frame   0x000029ac       0x54 C:/Freescale/CW MCU v10.7/MCU/ARM_GCC_Support/ewl/lib/armv6-m\librt.a(ROMCopy.o)
