Archive member included because of file (symbol)

C:/Freescale/CW MCU v10.7/MCU/ARM_GCC_Support/ewl/lib/armv6-m\libc.a(exit.o)
                              ./Project_Settings/Startup_Code/__arm_start.o (exit)
C:/Freescale/CW MCU v10.7/MCU/ARM_GCC_Support/ewl/lib/armv6-m\libc.a(rand.o)
                              ./Generated_Code/UTIL1.o (rand)
C:/Freescale/CW MCU v10.7/MCU/ARM_GCC_Support/ewl/lib/armv6-m\libc.a(strchr.o)
                              ./Generated_Code/UTIL1.o (strchr)
C:/Freescale/CW MCU v10.7/MCU/ARM_GCC_Support/ewl/lib/armv6-m\libc.a(memset.o)
                              ./Project_Settings/Startup_Code/__arm_start.o (memset)
C:/Freescale/CW MCU v10.7/MCU/ARM_GCC_Support/ewl/lib/armv6-m\libc.a(strncmp.o)
                              ./Generated_Code/UTIL1.o (strncmp)
C:/Freescale/CW MCU v10.7/MCU/ARM_GCC_Support/ewl/lib/armv6-m\libc.a(__filll_mem.o)
                              C:/Freescale/CW MCU v10.7/MCU/ARM_GCC_Support/ewl/lib/armv6-m\libc.a(memset.o) (__fill_mem)
C:/Freescale/CW MCU v10.7/MCU/ARM_GCC_Support/ewl/lib/armv6-m\libc.a(strlen.o)
                              ./Generated_Code/UTIL1.o (strlen)
C:/Freescale/CW MCU v10.7/MCU/ARM_GCC_Support/ewl/lib/armv6-m\libc.a(printformat_.o)
                              (__pformatter_)
C:/Freescale/CW MCU v10.7/MCU/ARM_GCC_Support/ewl/lib/armv6-m\libc.a(scanformat_.o)
                              (__sformatter)
C:/Freescale/CW MCU v10.7/MCU/ARM_GCC_Support/ewl/lib/armv6-m\libc.a(ctype_aeabi.o)
                              C:/Freescale/CW MCU v10.7/MCU/ARM_GCC_Support/ewl/lib/armv6-m\libc.a(scanformat_.o) (isspace)
C:/Freescale/CW MCU v10.7/MCU/ARM_GCC_Support/ewl/lib/armv6-m\libc.a(__strtoul.o)
                              C:/Freescale/CW MCU v10.7/MCU/ARM_GCC_Support/ewl/lib/armv6-m\libc.a(scanformat_.o) (__strtoul)
C:/Freescale/CW MCU v10.7/MCU/ARM_GCC_Support/ewl/lib/armv6-m\libc.a(memcpy.o)
                              C:/Freescale/CW MCU v10.7/MCU/ARM_GCC_Support/ewl/lib/armv6-m\libc.a(scanformat_.o) (memcpy)
C:/Freescale/CW MCU v10.7/MCU/ARM_GCC_Support/ewl/lib/armv6-m\libc.a(memchr.o)
                              C:/Freescale/CW MCU v10.7/MCU/ARM_GCC_Support/ewl/lib/armv6-m\libc.a(printformat_.o) (memchr)
c:/freescale/cw mcu v10.7/cross_tools/arm-none-eabi-gcc-4_7_3/bin/../lib/gcc/arm-none-eabi/4.7.3/armv6-m\libgcc.a(_thumb1_case_sqi.o)
                              C:/Freescale/CW MCU v10.7/MCU/ARM_GCC_Support/ewl/lib/armv6-m\libc.a(__strtoul.o) (__gnu_thumb1_case_sqi)
c:/freescale/cw mcu v10.7/cross_tools/arm-none-eabi-gcc-4_7_3/bin/../lib/gcc/arm-none-eabi/4.7.3/armv6-m\libgcc.a(_thumb1_case_uqi.o)
                              C:/Freescale/CW MCU v10.7/MCU/ARM_GCC_Support/ewl/lib/armv6-m\libc.a(scanformat_.o) (__gnu_thumb1_case_uqi)
c:/freescale/cw mcu v10.7/cross_tools/arm-none-eabi-gcc-4_7_3/bin/../lib/gcc/arm-none-eabi/4.7.3/armv6-m\libgcc.a(_udivsi3.o)
                              ./Generated_Code/UTIL1.o (__aeabi_uidiv)
c:/freescale/cw mcu v10.7/cross_tools/arm-none-eabi-gcc-4_7_3/bin/../lib/gcc/arm-none-eabi/4.7.3/armv6-m\libgcc.a(_divsi3.o)
                              ./Generated_Code/UTIL1.o (__aeabi_idiv)
c:/freescale/cw mcu v10.7/cross_tools/arm-none-eabi-gcc-4_7_3/bin/../lib/gcc/arm-none-eabi/4.7.3/armv6-m\libgcc.a(_dvmd_tls.o)
                              c:/freescale/cw mcu v10.7/cross_tools/arm-none-eabi-gcc-4_7_3/bin/../lib/gcc/arm-none-eabi/4.7.3/armv6-m\libgcc.a(_udivsi3.o) (__aeabi_idiv0)
c:/freescale/cw mcu v10.7/cross_tools/arm-none-eabi-gcc-4_7_3/bin/../lib/gcc/arm-none-eabi/4.7.3/armv6-m\libgcc.a(_arm_cmpsf2.o)
                              ./Generated_Code/UTIL1.o (__aeabi_fcmplt)
c:/freescale/cw mcu v10.7/cross_tools/arm-none-eabi-gcc-4_7_3/bin/../lib/gcc/arm-none-eabi/4.7.3/armv6-m\libgcc.a(_aeabi_ldivmod.o)
                              ./Generated_Code/UTIL1.o (__aeabi_ldivmod)
c:/freescale/cw mcu v10.7/cross_tools/arm-none-eabi-gcc-4_7_3/bin/../lib/gcc/arm-none-eabi/4.7.3/armv6-m\libgcc.a(_muldi3.o)
                              ./Generated_Code/UTIL1.o (__aeabi_lmul)
c:/freescale/cw mcu v10.7/cross_tools/arm-none-eabi-gcc-4_7_3/bin/../lib/gcc/arm-none-eabi/4.7.3/armv6-m\libgcc.a(_fixunssfsi.o)
                              ./Generated_Code/UTIL1.o (__aeabi_f2uiz)
c:/freescale/cw mcu v10.7/cross_tools/arm-none-eabi-gcc-4_7_3/bin/../lib/gcc/arm-none-eabi/4.7.3/armv6-m\libgcc.a(bpabi.o)
                              c:/freescale/cw mcu v10.7/cross_tools/arm-none-eabi-gcc-4_7_3/bin/../lib/gcc/arm-none-eabi/4.7.3/armv6-m\libgcc.a(_aeabi_ldivmod.o) (__gnu_ldivmod_helper)
c:/freescale/cw mcu v10.7/cross_tools/arm-none-eabi-gcc-4_7_3/bin/../lib/gcc/arm-none-eabi/4.7.3/armv6-m\libgcc.a(eqsf2.o)
                              c:/freescale/cw mcu v10.7/cross_tools/arm-none-eabi-gcc-4_7_3/bin/../lib/gcc/arm-none-eabi/4.7.3/armv6-m\libgcc.a(_arm_cmpsf2.o) (__eqsf2)
c:/freescale/cw mcu v10.7/cross_tools/arm-none-eabi-gcc-4_7_3/bin/../lib/gcc/arm-none-eabi/4.7.3/armv6-m\libgcc.a(gesf2.o)
[...]
Memory Configuration

Name             Origin             Length             Attributes
m_interrupts     0x00000000         0x000000c0         xr
m_text           0x00000410         0x0001fbf0         xr
m_data           0x1ffff000         0x00004000         rw
m_cfmprotrom     0x00000400         0x00000010         xr
*default*        0x00000000         0xffffffff

Linker script and memory map

LOAD ./Generated_Code/Wifi.o
LOAD ./Generated_Code/Vectors.o
LOAD ./Generated_Code/UTIL1.o
LOAD ./Generated_Code/TimerIntLdd1.o
LOAD ./Generated_Code/TU2.o
LOAD ./Generated_Code/TU1.o
LOAD ./Generated_Code/TI1.o
LOAD ./Generated_Code/RTC1.o
LOAD ./Generated_Code/PwmLdd1.o
LOAD ./Generated_Code/PWM1.o
LOAD ./Generated_Code/PTE30.o
LOAD ./Generated_Code/PTE29.o
LOAD ./Generated_Code/PE_LDD.o
LOAD ./Generated_Code/PC.o
LOAD ./Generated_Code/MCUC1.o
LOAD ./Generated_Code/Cpu.o
LOAD ./Generated_Code/BitIoLdd2.o
LOAD ./Generated_Code/BitIoLdd1.o
LOAD ./Generated_Code/AdcLdd1.o
LOAD ./Generated_Code/ASerialLdd2.o
LOAD ./Generated_Code/ASerialLdd1.o
LOAD ./Generated_Code/AD1.o
LOAD ./Project_Settings/Startup_Code/__arm_start.o
LOAD ./Project_Settings/Startup_Code/__arm_end.o
LOAD ./Sources/sa_mtb.o
LOAD ./Sources/main.o
LOAD ./Sources/Events.o
                0x00002560                __pformatter = __pformatter_
                [0x00002988]                __sformatter = __sformatter
START GROUP
LOAD C:/Freescale/CW MCU v10.7/MCU/ARM_GCC_Support/ewl/lib/armv6-m\libc.a
LOAD C:/Freescale/CW MCU v10.7/MCU/ARM_GCC_Support/ewl/lib/armv6-m\libm.a
LOAD c:/freescale/cw mcu v10.7/cross_tools/arm-none-eabi-gcc-4_7_3/bin/../lib/gcc/arm-none-eabi/4.7.3/armv6-m\libgcc.a
LOAD C:/Freescale/CW MCU v10.7/MCU/ARM_GCC_Support/ewl/lib/armv6-m\librt.a
LOAD C:/Freescale/CW MCU v10.7/MCU/ARM_GCC_Support/ewl/lib/armv6-m\libuart.a
END GROUP
                0x20003000                _estack = 0x20003000
                0x20003000                __SP_INIT = _estack
                0x00000000                __heap_size = 0x0
                0x00000400                __stack_size = 0x400

.interrupts     0x00000000       0xc0
                0x00000000                __vector_table = .
                0x00000000                . = ALIGN (0x4)
 *(.vectortable)
 .vectortable   0x00000000       0xc0 ./Generated_Code/Vectors.o
                0x00000000                __vect_table
                0x000000c0                . = ALIGN (0x4)

.cfmprotect     0x00000400       0x10
                0x00000400                . = ALIGN (0x4)
 *(.cfmconfig)
 .cfmconfig     0x00000400       0x10 ./Generated_Code/Cpu.o
                0x00000400                _cfm
                0x00000410                . = ALIGN (0x4)

.text           0x00000410     0x30a0
                0x00000410                . = ALIGN (0x4)
 *(.text)
 .text          0x00000410       0x14 c:/freescale/cw mcu v10.7/cross_tools/arm-none-eabi-gcc-4_7_3/bin/../lib/gcc/arm-none-eabi/4.7.3/armv6-m\libgcc.a(_thumb1_case_sqi.o)
                0x00000410                __gnu_thumb1_case_sqi
 .text          0x00000424       0x14 c:/freescale/cw mcu v10.7/cross_tools/arm-none-eabi-gcc-4_7_3/bin/../lib/gcc/arm-none-eabi/4.7.3/armv6-m\libgcc.a(_thumb1_case_uqi.o)
                0x00000424                __gnu_thumb1_case_uqi
 .text          0x00000438       0x9c c:/freescale/cw mcu v10.7/cross_tools/arm-none-eabi-gcc-4_7_3/bin/../lib/gcc/arm-none-eabi/4.7.3/armv6-m\libgcc.a(_udivsi3.o)
                0x00000438                __aeabi_uidiv
                0x00000438                __udivsi3
                0x000004c0                __aeabi_uidivmod
 .text          0x000004d4        0x4 c:/freescale/cw mcu v10.7/cross_tools/arm-none-eabi-gcc-4_7_3/bin/../lib/gcc/arm-none-eabi/4.7.3/armv6-m\libgcc.a(_dvmd_tls.o)
                0x000004d4                __aeabi_idiv0
                0x000004d4                __aeabi_ldiv0
 *(.text*)
 .text.HWEnDi   0x000004d8       0x20 ./Generated_Code/Wifi.o
 .text.Wifi_Init
                0x000004f8       0x64 ./Generated_Code/Wifi.o
                0x000004f8                Wifi_Init
 .text.ASerialLdd2_OnBlockReceived
                0x0000055c       0x94 ./Generated_Code/Wifi.o
                0x0000055c                ASerialLdd2_OnBlockReceived
 .text.ASerialLdd2_OnBlockSent
                0x000005f0       0xbc ./Generated_Code/Wifi.o
                0x000005f0                ASerialLdd2_OnBlockSent
 .text.ASerialLdd2_OnError
                0x000006ac       0x90 ./Generated_Code/Wifi.o
                0x000006ac                ASerialLdd2_OnError
 .text.ASerialLdd2_OnBreak
                0x0000073c       0x20 ./Generated_Code/Wifi.o
                0x0000073c                ASerialLdd2_OnBreak
 .text.UTIL1_Init
                0x0000075c        0x8 ./Generated_Code/UTIL1.o
                0x0000075c                UTIL1_Init
 .text.TimerIntLdd1_Init
                0x00000764       0x50 ./Generated_Code/TimerIntLdd1.o
                0x00000764                TimerIntLdd1_Init
 .text.TU1_OnCounterRestart
                0x000007b4       0x24 ./Generated_Code/TimerIntLdd1.o
                0x000007b4                TU1_OnCounterRestart
 .text.TU2_Init
                0x000007d8       0xc0 ./Generated_Code/TU2.o
                0x000007d8                TU2_Init
 .text.TU2_GetPeriodTicks
                0x00000898       0x3c ./Generated_Code/TU2.o
                0x00000898                TU2_GetPeriodTicks
 .text.TU2_SetOffsetTicks
                0x000008d4       0x58 ./Generated_Code/TU2.o
                0x000008d4                TU2_SetOffsetTicks
 .text.TU1_Init
                0x0000092c       0xbc ./Generated_Code/TU1.o
                0x0000092c                TU1_Init
 .text.TU1_Interrupt
                0x000009e8       0x30 ./Generated_Code/TU1.o
                0x000009e8                TU1_Interrupt
 .text.TimerIntLdd1_OnInterrupt
                0x00000a18       0x14 ./Generated_Code/TI1.o
                0x00000a18                TimerIntLdd1_OnInterrupt
 .text.RTC1_Init
                0x00000a2c       0xf0 ./Generated_Code/RTC1.o
                0x00000a2c                RTC1_Init
 .text.RTC1_Interrupt
                0x00000b1c       0x64 ./Generated_Code/RTC1.o
                0x00000b1c                RTC1_Interrupt
 .text.RTC1_SecondsInterrupt
                0x00000b80       0x20 ./Generated_Code/RTC1.o
                0x00000b80                RTC1_SecondsInterrupt
 .text.PwmLdd1_Init
                0x00000ba0       0x54 ./Generated_Code/PwmLdd1.o
                0x00000ba0                PwmLdd1_Init
 .text.PwmLdd1_SetRatio16
                0x00000bf4       0x2c ./Generated_Code/PwmLdd1.o
                0x00000bf4                PwmLdd1_SetRatio16
 .text.SetRatio
                0x00000c20       0x68 ./Generated_Code/PwmLdd1.o
 .text.HWEnDi   0x00000c88       0x20 ./Generated_Code/PC.o
 .text.PC_RecvChar
                0x00000ca8       0xe8 ./Generated_Code/PC.o
                0x00000ca8                PC_RecvChar
 .text.PC_SendChar
                0x00000d90       0xf0 ./Generated_Code/PC.o
                0x00000d90                PC_SendChar
 .text.PC_Init  0x00000e80       0x64 ./Generated_Code/PC.o
                0x00000e80                PC_Init
 .text.ASerialLdd1_OnBlockReceived
                0x00000ee4       0x94 ./Generated_Code/PC.o
                0x00000ee4                ASerialLdd1_OnBlockReceived
 .text.ASerialLdd1_OnBlockSent
                0x00000f78       0x88 ./Generated_Code/PC.o
                0x00000f78                ASerialLdd1_OnBlockSent
 .text.ASerialLdd1_OnError
                0x00001000       0x90 ./Generated_Code/PC.o
                0x00001000                ASerialLdd1_OnError
 .text.ASerialLdd1_OnBreak
                0x00001090       0x20 ./Generated_Code/PC.o
                0x00001090                ASerialLdd1_OnBreak
 .text.MCUC1_Init
                0x000010b0        0x8 ./Generated_Code/MCUC1.o
                0x000010b0                MCUC1_Init
 .text.Cpu_INT_NMIInterrupt
                0x000010b8        0xc ./Generated_Code/Cpu.o
                0x000010b8                Cpu_INT_NMIInterrupt
 .text.Cpu_Interrupt
                0x000010c4        0xc ./Generated_Code/Cpu.o
                0x000010c4                Cpu_Interrupt
 .text.__init_hardware
                0x000010d0      0x15c ./Generated_Code/Cpu.o
                0x000010d0                __init_hardware
 .text.PE_low_level_init
                0x0000122c      0x130 ./Generated_Code/Cpu.o
                0x0000122c                PE_low_level_init
 .text.BitIoLdd2_Init
                0x0000135c       0x68 ./Generated_Code/BitIoLdd2.o
                0x0000135c                BitIoLdd2_Init
 .text.BitIoLdd2_ClrVal
                0x000013c4       0x1c ./Generated_Code/BitIoLdd2.o
                0x000013c4                BitIoLdd2_ClrVal
 .text.BitIoLdd1_Init
                0x000013e0       0x68 ./Generated_Code/BitIoLdd1.o
                0x000013e0                BitIoLdd1_Init
 .text.BitIoLdd1_SetVal
                0x00001448       0x1c ./Generated_Code/BitIoLdd1.o
                0x00001448                BitIoLdd1_SetVal
 .text.AdcLdd1_Init
                0x00001464       0xbc ./Generated_Code/AdcLdd1.o
                0x00001464                AdcLdd1_Init
 .text.AdcLdd1_GetMeasuredValues
                0x00001520       0x60 ./Generated_Code/AdcLdd1.o
                0x00001520                AdcLdd1_GetMeasuredValues
 .text.AdcLdd1_GetCalibrationResultStatus
                0x00001580       0xb8 ./Generated_Code/AdcLdd1.o
                0x00001580                AdcLdd1_GetCalibrationResultStatus
 .text.AdcLdd1_MeasurementCompleteInterrupt
                0x00001638       0x30 ./Generated_Code/AdcLdd1.o
                0x00001638                AdcLdd1_MeasurementCompleteInterrupt
 .text.ASerialLdd2_Init
                0x00001668      0x170 ./Generated_Code/ASerialLdd2.o
                0x00001668                ASerialLdd2_Init
 .text.ASerialLdd2_ReceiveBlock
                0x000017d8       0x98 ./Generated_Code/ASerialLdd2.o
                0x000017d8                ASerialLdd2_ReceiveBlock
 .text.ASerialLdd2_SendBlock
                0x00001870       0xc4 ./Generated_Code/ASerialLdd2.o
                0x00001870                ASerialLdd2_SendBlock
 .text.InterruptRx
                0x00001934       0x58 ./Generated_Code/ASerialLdd2.o
 .text.InterruptTx
                0x0000198c       0x80 ./Generated_Code/ASerialLdd2.o
 .text.ASerialLdd2_Interrupt
                0x00001a0c       0xe0 ./Generated_Code/ASerialLdd2.o
                0x00001a0c                ASerialLdd2_Interrupt
 .text.ASerialLdd2_GetError
                0x00001aec       0x74 ./Generated_Code/ASerialLdd2.o
                0x00001aec                ASerialLdd2_GetError
 .text.ASerialLdd1_Init
                0x00001b60      0x1bc ./Generated_Code/ASerialLdd1.o
                0x00001b60                ASerialLdd1_Init
 .text.ASerialLdd1_ReceiveBlock
                0x00001d1c       0x98 ./Generated_Code/ASerialLdd1.o
                0x00001d1c                ASerialLdd1_ReceiveBlock
 .text.ASerialLdd1_SendBlock
                0x00001db4       0xc4 ./Generated_Code/ASerialLdd1.o
                0x00001db4                ASerialLdd1_SendBlock
 .text.InterruptRx
                0x00001e78       0x58 ./Generated_Code/ASerialLdd1.o
 .text.InterruptTx
                0x00001ed0       0x80 ./Generated_Code/ASerialLdd1.o
 .text.ASerialLdd1_Interrupt
                0x00001f50       0xe4 ./Generated_Code/ASerialLdd1.o
                0x00001f50                ASerialLdd1_Interrupt
 .text.ASerialLdd1_GetError
                0x00002034       0x74 ./Generated_Code/ASerialLdd1.o
                0x00002034                ASerialLdd1_GetError
 .text.AdcLdd1_OnMeasurementComplete
                0x000020a8       0x5c ./Generated_Code/AD1.o
                0x000020a8                AdcLdd1_OnMeasurementComplete
 .text.AD1_Init
                0x00002104       0x2c ./Generated_Code/AD1.o
                0x00002104                AD1_Init
 .text.zero_fill_bss
                0x00002130       0x24 ./Project_Settings/Startup_Code/__arm_start.o
 .text.__thumb_startup
                0x00002154       0x30 ./Project_Settings/Startup_Code/__arm_start.o
                0x00002154                __thumb_startup
 .text._ExitProcess
                0x00002184        0xc ./Project_Settings/Startup_Code/__arm_end.o
                0x00002184                _ExitProcess
 .text.SetDC    0x00002190       0x50 ./Sources/main.o
                0x00002190                SetDC
 .text.main     0x000021e0       0xa0 ./Sources/main.o
                0x000021e0                main
 .text.Cpu_OnNMIINT
                0x00002280        0x8 ./Sources/Events.o
                0x00002280                Cpu_OnNMIINT
 .text.Wifi_OnRcvChar
                0x00002288        0x8 ./Sources/Events.o
                0x00002288                Wifi_OnRcvChar
 .text.Wifi_OnSendChar
                0x00002290        0x8 ./Sources/Events.o
                0x00002290                Wifi_OnSendChar
 .text.AD1_OnEnd
                0x00002298        0x8 ./Sources/Events.o
                0x00002298                AD1_OnEnd
 .text.AD1_OnCalibrationEnd
                0x000022a0        0x8 ./Sources/Events.o
                0x000022a0                AD1_OnCalibrationEnd
 .text.RTC1_OnSecond
                0x000022a8       0x10 ./Sources/Events.o
                0x000022a8                RTC1_OnSecond
 .text.TI1_OnInterrupt
                0x000022b8        0x8 ./Sources/Events.o
                0x000022b8                TI1_OnInterrupt
 .text.PC_OnRcvChar
                0x000022c0       0x14 ./Sources/Events.o
                0x000022c0                PC_OnRcvChar
 .text.exit     0x000022d4       0x38 C:/Freescale/CW MCU v10.7/MCU/ARM_GCC_Support/ewl/lib/armv6-m\libc.a(exit.o)
                0x000022d4                exit
 .text.strchr   0x0000230c       0x1e C:/Freescale/CW MCU v10.7/MCU/ARM_GCC_Support/ewl/lib/armv6-m\libc.a(strchr.o)
                0x0000230c                strchr
 .text.memset   0x0000232a        0xc C:/Freescale/CW MCU v10.7/MCU/ARM_GCC_Support/ewl/lib/armv6-m\libc.a(memset.o)
                0x0000232a                memset
 .text.__fill_mem
                0x00002336       0x7e C:/Freescale/CW MCU v10.7/MCU/ARM_GCC_Support/ewl/lib/armv6-m\libc.a(__filll_mem.o)
                0x00002336                __fill_mem
 .text.strlen   0x000023b4       0x10 C:/Freescale/CW MCU v10.7/MCU/ARM_GCC_Support/ewl/lib/armv6-m\libc.a(strlen.o)
                0x000023b4                strlen
 .text.long2str.isra.0
                0x000023c4      0x19c C:/Freescale/CW MCU v10.7/MCU/ARM_GCC_Support/ewl/lib/armv6-m\libc.a(printformat_.o)
 .text.__pformatter_
                0x00002560      0x428 C:/Freescale/CW MCU v10.7/MCU/ARM_GCC_Support/ewl/lib/armv6-m\libc.a(printformat_.o)
                0x00002560                __pformatter_
 .text.__sformatter
                0x00002988      0x698 C:/Freescale/CW MCU v10.7/MCU/ARM_GCC_Support/ewl/lib/armv6-m\libc.a(scanformat_.o)
                0x00002988                __sformatter
 .text.isalpha  0x00003020       0x20 C:/Freescale/CW MCU v10.7/MCU/ARM_GCC_Support/ewl/lib/armv6-m\libc.a(ctype_aeabi.o)
                0x00003020                isalpha
 .text.isspace  0x00003040       0x20 C:/Freescale/CW MCU v10.7/MCU/ARM_GCC_Support/ewl/lib/armv6-m\libc.a(ctype_aeabi.o)
                0x00003040                isspace
 .text.toupper  0x00003060        0xe C:/Freescale/CW MCU v10.7/MCU/ARM_GCC_Support/ewl/lib/armv6-m\libc.a(ctype_aeabi.o)
                0x00003060                toupper
 .text.__strtoul
                0x0000306e      0x1ce C:/Freescale/CW MCU v10.7/MCU/ARM_GCC_Support/ewl/lib/armv6-m\libc.a(__strtoul.o)
                0x0000306e                __strtoul
 .text.memcpy   0x0000323c       0x12 C:/Freescale/CW MCU v10.7/MCU/ARM_GCC_Support/ewl/lib/armv6-m\libc.a(memcpy.o)
                0x0000323c                memcpy
 .text.memchr   0x0000324e       0x1a C:/Freescale/CW MCU v10.7/MCU/ARM_GCC_Support/ewl/lib/armv6-m\libc.a(memchr.o)
                0x0000324e                memchr
 .text.__init_cpp
                0x00003268       0x48 C:/Freescale/CW MCU v10.7/MCU/ARM_GCC_Support/ewl/lib/armv6-m\librt.a(gcc_ctor_dtor.o)
                0x00003268                __init_cpp
 .text.__fini_cpp
                0x000032b0       0x34 C:/Freescale/CW MCU v10.7/MCU/ARM_GCC_Support/ewl/lib/armv6-m\librt.a(gcc_ctor_dtor.o)
                0x000032b0                __fini_cpp
 .text.__destroy_global_chain
                0x000032e4       0x1c C:/Freescale/CW MCU v10.7/MCU/ARM_GCC_Support/ewl/lib/armv6-m\librt.a(__arm_eabi_init.o)
                0x000032e4                __destroy_global_chain
 .text.__init_registers
                0x00003300       0x1c C:/Freescale/CW MCU v10.7/MCU/ARM_GCC_Support/ewl/lib/armv6-m\librt.a(__arm_eabi_init.o)
                0x00003300                __init_registers
 .text.__init_user
                0x0000331c        0x4 C:/Freescale/CW MCU v10.7/MCU/ARM_GCC_Support/ewl/lib/armv6-m\librt.a(__arm_eabi_init.o)
                0x0000331c                __init_user
 .text.__copy_rom_section
                0x00003320       0x48 C:/Freescale/CW MCU v10.7/MCU/ARM_GCC_Support/ewl/lib/armv6-m\librt.a(ROMCopy.o)
                0x00003320                __copy_rom_section
 .text.__copy_rom_sections_to_ram
                0x00003368       0x34 C:/Freescale/CW MCU v10.7/MCU/ARM_GCC_Support/ewl/lib/armv6-m\librt.a(ROMCopy.o)
                0x00003368                __copy_rom_sections_to_ram
 *(.rodata)
 *(.rodata*)
 .rodata.ChannelDevice
                0x0000339c        0x4 ./Generated_Code/TU2.o
 .rodata.ChannelMode
                0x000033a0        0x4 ./Generated_Code/TU2.o
 .rodata.str1.1
                0x000033a4        0x1 C:/Freescale/CW MCU v10.7/MCU/ARM_GCC_Support/ewl/lib/armv6-m\libc.a(printformat_.o)
 .rodata.CSWTCH.20
                0x000033a5        0x5 C:/Freescale/CW MCU v10.7/MCU/ARM_GCC_Support/ewl/lib/armv6-m\libc.a(printformat_.o)
 .rodata.CSWTCH.21
                0x000033aa        0x5 C:/Freescale/CW MCU v10.7/MCU/ARM_GCC_Support/ewl/lib/armv6-m\libc.a(printformat_.o)
 .rodata.__aeabi_ctype_table_C
                0x000033af      0x101 C:/Freescale/CW MCU v10.7/MCU/ARM_GCC_Support/ewl/lib/armv6-m\libc.a(ctype_aeabi.o)
                0x000033af                __aeabi_ctype_table_C
 *(.glue_7)
 .glue_7        0x00000000        0x0 linker stubs
 *(.glue_7t)
 .glue_7t       0x00000000        0x0 linker stubs
 *(.eh_frame)
 *(.init)
 *(.fini)
                0x000034b0                . = ALIGN (0x4)
                0x000034b0                _etext = .

.vfp11_veneer   0x000034b0        0x0
 .vfp11_veneer  0x00000000        0x0 linker stubs

.v4_bx          0x000034b0        0x0
 .v4_bx         0x00000000        0x0 linker stubs

.iplt           0x000034b0        0x0
 .iplt          0x00000000        0x0 ./Generated_Code/Wifi.o

.rel.dyn        0x000034b0        0x0
 .rel.iplt      0x00000000        0x0 ./Generated_Code/Wifi.o

.ARM.extab
 *(.ARM.extab* .gnu.linkonce.armextab.*)

.ARM            0x000034b0        0x0
                0x000034b0                __exidx_start = .
 *(.ARM.exidx*)
                0x000034b0                __exidx_end = .

.ctors          0x000034b0        0x0
                0x000034b0                __CTOR_LIST__ = .
 *crtbegin.o(.ctors)
 *(EXCLUDE_FILE(*crtend.o) .ctors)
 *(SORT(.ctors.*))
 *(.ctors)
                0x000034b0                __CTOR_END__ = .

.dtors          0x000034b0        0x0
                0x000034b0                __DTOR_LIST__ = .
 *crtbegin.o(.dtors)
 *(EXCLUDE_FILE(*crtend.o) .dtors)
 *(SORT(.dtors.*))
 *(.dtors)
                0x000034b0                __DTOR_END__ = .

.preinit_array  0x000034b0        0x0
                0x000034b0                PROVIDE (__preinit_array_start, .)
 *(.preinit_array*)
                0x000034b0                PROVIDE (__preinit_array_end, .)

.init_array     0x000034b0        0x0
                0x000034b0                PROVIDE (__init_array_start, .)
 *(SORT(.init_array.*))
 *(.init_array*)
                0x000034b0                PROVIDE (__init_array_end, .)

.fini_array     0x000034b0        0x0
                0x000034b0                PROVIDE (__fini_array_start, .)
 *(SORT(.fini_array.*))
 *(.fini_array*)
                0x000034b0                PROVIDE (__fini_array_end, .)
                0x000034b0                ___ROM_AT = .

.mtb            0x1ffff000        0x0
                0x1ffff000                . = ALIGN (0x8)
                0x1ffff000                _mtb_start = .
 *(.mtb_buf)
                0x1ffff000                . = ALIGN (0x8)
                0x1ffff000                _mtb_end = .

.data           0x1ffff000        0x0 load address 0x000034b0
                0x1ffff000                . = ALIGN (0x4)
                0x1ffff000                _sdata = .
 *(.data)
 *(.data*)
                0x1ffff000                . = ALIGN (0x4)
                0x1ffff000                _edata = .
                0x00000000                ___data_size = (_edata - _sdata)

.igot.plt       0x1ffff000        0x0
 .igot.plt      0x00000000        0x0 ./Generated_Code/Wifi.o
                0x1ffff000                . = ALIGN (0x4)

.bss            0x1ffff000      0x51c
                0x1ffff000                __START_BSS = .
                0x1ffff000                PROVIDE (__bss_start__, __START_BSS)
 *(.bss)
 *(.bss*)
 .bss.SerFlag   0x1ffff000        0x2 ./Generated_Code/Wifi.o
 .bss.Wifi_InpLen
                0x1ffff002        0x2 ./Generated_Code/Wifi.o
 .bss.InpIndexR
                0x1ffff004        0x2 ./Generated_Code/Wifi.o
 .bss.InpIndexW
                0x1ffff006        0x2 ./Generated_Code/Wifi.o
 .bss.InpBuffer
                0x1ffff008      0x100 ./Generated_Code/Wifi.o
 .bss.BufferRead
                0x1ffff108        0x1 ./Generated_Code/Wifi.o
 *fill*         0x1ffff109        0x1 00
 .bss.Wifi_OutLen
                0x1ffff10a        0x2 ./Generated_Code/Wifi.o
 .bss.OutIndexR
                0x1ffff10c        0x2 ./Generated_Code/Wifi.o
 .bss.OutIndexW
                0x1ffff10e        0x2 ./Generated_Code/Wifi.o
 .bss.OutBuffer
                0x1ffff110      0x100 ./Generated_Code/Wifi.o
 .bss.DeviceDataPrv__DEFAULT_RTOS_ALLOC
                0x1ffff210        0xc ./Generated_Code/TimerIntLdd1.o
 .bss.DeviceDataPrv__DEFAULT_RTOS_ALLOC
                0x1ffff21c        0x8 ./Generated_Code/TU2.o
 .bss.DeviceDataPrv__DEFAULT_RTOS_ALLOC
                0x1ffff224        0x8 ./Generated_Code/TU1.o
 .bss.INT_LPTimer__DEFAULT_RTOS_ISRPARAM
                0x1ffff22c        0x4 ./Generated_Code/TU1.o
 .bss.DevDataPtr__DEFAULT_RTOS_ALLOC
                0x1ffff230        0x4 ./Generated_Code/RTC1.o
 .bss.INT_RTC__DEFAULT_RTOS_ISRPARAM
                0x1ffff234        0x4 ./Generated_Code/RTC1.o
 .bss.INT_RTC_Seconds__DEFAULT_RTOS_ISRPARAM
                0x1ffff238        0x4 ./Generated_Code/RTC1.o
 .bss.DeviceDataPrv__DEFAULT_RTOS_ALLOC
                0x1ffff23c        0xc ./Generated_Code/PwmLdd1.o
 .bss.PE_LDD_DeviceDataList
                0x1ffff248       0x28 ./Generated_Code/PE_LDD.o
                0x1ffff248                PE_LDD_DeviceDataList
 .bss.SerFlag   0x1ffff270        0x2 ./Generated_Code/PC.o
 .bss.PC_InpLen
                0x1ffff272        0x2 ./Generated_Code/PC.o
 .bss.InpIndexR
                0x1ffff274        0x2 ./Generated_Code/PC.o
 .bss.InpIndexW
                0x1ffff276        0x2 ./Generated_Code/PC.o
 .bss.InpBuffer
                0x1ffff278      0x100 ./Generated_Code/PC.o
 .bss.BufferRead
                0x1ffff378        0x1 ./Generated_Code/PC.o
 *fill*         0x1ffff379        0x1 00
 .bss.PC_OutLen
                0x1ffff37a        0x2 ./Generated_Code/PC.o
 .bss.OutIndexR
                0x1ffff37c        0x2 ./Generated_Code/PC.o
 .bss.OutIndexW
                0x1ffff37e        0x2 ./Generated_Code/PC.o
 .bss.OutBuffer
                0x1ffff380      0x100 ./Generated_Code/PC.o
 .bss.SR_lock   0x1ffff480        0x1 ./Generated_Code/Cpu.o
                0x1ffff480                SR_lock
 *fill*         0x1ffff481        0x3 00
 .bss.DeviceDataPrv__DEFAULT_RTOS_ALLOC
                0x1ffff484        0x4 ./Generated_Code/BitIoLdd2.o
 .bss.DeviceDataPrv__DEFAULT_RTOS_ALLOC
                0x1ffff488        0x4 ./Generated_Code/BitIoLdd1.o
 .bss.DeviceDataPrv__DEFAULT_RTOS_ALLOC
                0x1ffff48c        0x8 ./Generated_Code/AdcLdd1.o
 .bss.INT_ADC0__DEFAULT_RTOS_ISRPARAM
                0x1ffff494        0x4 ./Generated_Code/AdcLdd1.o
 .bss.DeviceDataPrv__DEFAULT_RTOS_ALLOC
                0x1ffff498       0x20 ./Generated_Code/ASerialLdd2.o
 .bss.INT_UART2__DEFAULT_RTOS_ISRPARAM
                0x1ffff4b8        0x4 ./Generated_Code/ASerialLdd2.o
 .bss.DeviceDataPrv__DEFAULT_RTOS_ALLOC
                0x1ffff4bc       0x20 ./Generated_Code/ASerialLdd1.o
 .bss.INT_UART0__DEFAULT_RTOS_ISRPARAM
                0x1ffff4dc        0x4 ./Generated_Code/ASerialLdd1.o
 .bss.ModeFlg   0x1ffff4e0        0x1 ./Generated_Code/AD1.o
 .bss.OutFlg    0x1ffff4e1        0x1 ./Generated_Code/AD1.o
 *fill*         0x1ffff4e2        0x2 00
 .bss.argv      0x1ffff4e4        0x4 ./Project_Settings/Startup_Code/__arm_start.o
 .bss.char_rcv  0x1ffff4e8        0x1 ./Sources/main.o
                0x1ffff4e8                char_rcv
 *fill*         0x1ffff4e9        0x3 00
 .bss.__stdio_exit
                0x1ffff4ec        0x4 C:/Freescale/CW MCU v10.7/MCU/ARM_GCC_Support/ewl/lib/armv6-m\libc.a(exit.o)
                0x1ffff4ec                __stdio_exit
 .bss.__console_exit
                0x1ffff4f0        0x4 C:/Freescale/CW MCU v10.7/MCU/ARM_GCC_Support/ewl/lib/armv6-m\libc.a(exit.o)
                0x1ffff4f0                __console_exit
 .bss.__global_destructor_chain
                0x1ffff4f4        0x4 C:/Freescale/CW MCU v10.7/MCU/ARM_GCC_Support/ewl/lib/armv6-m\librt.a(__arm_eabi_init.o)
                0x1ffff4f4                __global_destructor_chain
 .bss.__S_romp  0x1ffff4f8        0xc C:/Freescale/CW MCU v10.7/MCU/ARM_GCC_Support/ewl/lib/armv6-m\librt.a(ROMCopy.o)
 *(COMMON)
 COMMON         0x1ffff504        0x4 ./Generated_Code/Wifi.o
                0x1ffff504                ASerialLdd2_DeviceDataPtr
 COMMON         0x1ffff508        0x4 ./Generated_Code/PC.o
                0x1ffff508                ASerialLdd1_DeviceDataPtr
 COMMON         0x1ffff50c        0x1 ./Generated_Code/Cpu.o
                0x1ffff50c                SR_reg
 *fill*         0x1ffff50d        0x3 00
 COMMON         0x1ffff510        0x8 ./Generated_Code/AD1.o
                0x1ffff510                AD1_OutV
                0x1ffff514                AdcLdd1_DeviceDataPtr
 COMMON         0x1ffff518        0x1 ./Sources/main.o
                0x1ffff518                n
                0x1ffff51c                . = ALIGN (0x4)
 *fill*         0x1ffff519        0x3 00
                0x1ffff51c                __END_BSS = .
                0x1ffff51c                PROVIDE (__bss_end__, __END_BSS)
                0x000034b0                _romp_at = (___ROM_AT + SIZEOF (.data))

.romp           0x1ffff51c       0x18 load address 0x000034b0
                0x000034b0                __S_romp = _romp_at
                0x1ffff51c        0x4 LONG 0x34b0 ___ROM_AT
                0x1ffff520        0x4 LONG 0x1ffff000 _sdata
                0x1ffff524        0x4 LONG 0x0 ___data_size
                0x1ffff528        0x4 LONG 0x0
                0x1ffff52c        0x4 LONG 0x0
                0x1ffff530        0x4 LONG 0x0

._user_heap_stack
                0x1ffff534      0x400 load address 0x000034c8
                0x1ffff534                . = ALIGN (0x4)
                0x1ffff534                PROVIDE (end, .)
                0x1ffff534                PROVIDE (_end, .)
                0x1ffff534                __heap_addr = .
                0x1ffff534                . = (. + __heap_size)
                0x1ffff934                . = (. + __stack_size)
 *fill*         0x1ffff534      0x400 00
                0x1ffff934                . = ALIGN (0x4)

.ARM.attributes
                0x00000000       0x31
 *(.ARM.attributes)
 .ARM.attributes
                0x00000000       0x31 ./Generated_Code/Wifi.o
 .ARM.attributes
                0x00000031       0x31 ./Generated_Code/Vectors.o
 .ARM.attributes
                0x00000062       0x31 ./Generated_Code/UTIL1.o
 .ARM.attributes
                0x00000093       0x31 ./Generated_Code/TimerIntLdd1.o
 .ARM.attributes
                0x000000c4       0x31 ./Generated_Code/TU2.o
 .ARM.attributes
                0x000000f5       0x31 ./Generated_Code/TU1.o
 .ARM.attributes
                0x00000126       0x31 ./Generated_Code/TI1.o
 .ARM.attributes
                0x00000157       0x31 ./Generated_Code/RTC1.o
 .ARM.attributes
                0x00000188       0x31 ./Generated_Code/PwmLdd1.o
 .ARM.attributes
                0x000001b9       0x31 ./Generated_Code/PE_LDD.o
 .ARM.attributes
                0x000001ea       0x31 ./Generated_Code/PC.o
 .ARM.attributes
                0x0000021b       0x31 ./Generated_Code/MCUC1.o
 .ARM.attributes
                0x0000024c       0x31 ./Generated_Code/Cpu.o
 .ARM.attributes
                0x0000027d       0x31 ./Generated_Code/BitIoLdd2.o
 .ARM.attributes
                0x000002ae       0x31 ./Generated_Code/BitIoLdd1.o
 .ARM.attributes
                0x000002df       0x31 ./Generated_Code/AdcLdd1.o
 .ARM.attributes
                0x00000310       0x31 ./Generated_Code/ASerialLdd2.o
 .ARM.attributes
                0x00000341       0x31 ./Generated_Code/ASerialLdd1.o
 .ARM.attributes
                0x00000372       0x31 ./Generated_Code/AD1.o
 .ARM.attributes
                0x000003a3       0x31 ./Project_Settings/Startup_Code/__arm_start.o
 .ARM.attributes
                0x000003d4       0x31 ./Project_Settings/Startup_Code/__arm_end.o
 .ARM.attributes
                0x00000405       0x31 ./Sources/main.o
 .ARM.attributes
                0x00000436       0x31 ./Sources/Events.o
 .ARM.attributes
                0x00000467       0x31 C:/Freescale/CW MCU v10.7/MCU/ARM_GCC_Support/ewl/lib/armv6-m\libc.a(exit.o)
 .ARM.attributes
                0x00000498       0x31 C:/Freescale/CW MCU v10.7/MCU/ARM_GCC_Support/ewl/lib/armv6-m\libc.a(strchr.o)
 .ARM.attributes
                0x000004c9       0x31 C:/Freescale/CW MCU v10.7/MCU/ARM_GCC_Support/ewl/lib/armv6-m\libc.a(memset.o)
 .ARM.attributes
                0x000004fa       0x31 C:/Freescale/CW MCU v10.7/MCU/ARM_GCC_Support/ewl/lib/armv6-m\libc.a(__filll_mem.o)
 .ARM.attributes
                0x0000052b       0x31 C:/Freescale/CW MCU v10.7/MCU/ARM_GCC_Support/ewl/lib/armv6-m\libc.a(strlen.o)
 .ARM.attributes
                0x0000055c       0x31 C:/Freescale/CW MCU v10.7/MCU/ARM_GCC_Support/ewl/lib/armv6-m\libc.a(printformat_.o)
 .ARM.attributes
                0x0000058d       0x31 C:/Freescale/CW MCU v10.7/MCU/ARM_GCC_Support/ewl/lib/armv6-m\libc.a(scanformat_.o)
 .ARM.attributes
                0x000005be       0x31 C:/Freescale/CW MCU v10.7/MCU/ARM_GCC_Support/ewl/lib/armv6-m\libc.a(ctype_aeabi.o)
 .ARM.attributes
                0x000005ef       0x31 C:/Freescale/CW MCU v10.7/MCU/ARM_GCC_Support/ewl/lib/armv6-m\libc.a(__strtoul.o)
 .ARM.attributes
                0x00000620       0x31 C:/Freescale/CW MCU v10.7/MCU/ARM_GCC_Support/ewl/lib/armv6-m\libc.a(memcpy.o)
 .ARM.attributes
                0x00000651       0x31 C:/Freescale/CW MCU v10.7/MCU/ARM_GCC_Support/ewl/lib/armv6-m\libc.a(memchr.o)
 .ARM.attributes
                0x00000682       0x1e c:/freescale/cw mcu v10.7/cross_tools/arm-none-eabi-gcc-4_7_3/bin/../lib/gcc/arm-none-eabi/4.7.3/armv6-m\libgcc.a(_thumb1_case_sqi.o)
 .ARM.attributes
                0x000006a0       0x1e c:/freescale/cw mcu v10.7/cross_tools/arm-none-eabi-gcc-4_7_3/bin/../lib/gcc/arm-none-eabi/4.7.3/armv6-m\libgcc.a(_thumb1_case_uqi.o)
 .ARM.attributes
                0x000006be       0x1e c:/freescale/cw mcu v10.7/cross_tools/arm-none-eabi-gcc-4_7_3/bin/../lib/gcc/arm-none-eabi/4.7.3/armv6-m\libgcc.a(_udivsi3.o)
 .ARM.attributes
                0x000006dc       0x1e c:/freescale/cw mcu v10.7/cross_tools/arm-none-eabi-gcc-4_7_3/bin/../lib/gcc/arm-none-eabi/4.7.3/armv6-m\libgcc.a(_dvmd_tls.o)
 .ARM.attributes
                0x000006fa       0x31 C:/Freescale/CW MCU v10.7/MCU/ARM_GCC_Support/ewl/lib/armv6-m\librt.a(gcc_ctor_dtor.o)
 .ARM.attributes
                0x0000072b       0x31 C:/Freescale/CW MCU v10.7/MCU/ARM_GCC_Support/ewl/lib/armv6-m\librt.a(__arm_eabi_init.o)
 .ARM.attributes
                0x0000075c       0x31 C:/Freescale/CW MCU v10.7/MCU/ARM_GCC_Support/ewl/lib/armv6-m\librt.a(ROMCopy.o)
OUTPUT(Experimento2-MotorDC.elf elf32-littlearm)

.debug_info     0x00000000     0x8e50
 .debug_info    0x00000000      0x4fb ./Generated_Code/Wifi.o
 .debug_info    0x000004fb      0x10b ./Generated_Code/Vectors.o
 .debug_info    0x00000606     0x1bed ./Generated_Code/UTIL1.o
 .debug_info    0x000021f3      0x178 ./Generated_Code/TimerIntLdd1.o
 .debug_info    0x0000236b      0x6f1 ./Generated_Code/TU2.o
 .debug_info    0x00002a5c      0x4ec ./Generated_Code/TU1.o
 .debug_info    0x00002f48       0xae ./Generated_Code/TI1.o
 .debug_info    0x00002ff6      0x75e ./Generated_Code/RTC1.o
 .debug_info    0x00003754      0x2cc ./Generated_Code/PwmLdd1.o
 .debug_info    0x00003a20      0x255 ./Generated_Code/PE_LDD.o
 .debug_info    0x00003c75      0x4ec ./Generated_Code/PC.o
 .debug_info    0x00004161       0xa0 ./Generated_Code/MCUC1.o
 .debug_info    0x00004201      0x8e8 ./Generated_Code/Cpu.o
 .debug_info    0x00004ae9      0x31e ./Generated_Code/BitIoLdd2.o
 .debug_info    0x00004e07      0x31e ./Generated_Code/BitIoLdd1.o
 .debug_info    0x00005125      0x969 ./Generated_Code/AdcLdd1.o
 .debug_info    0x00005a8e      0x866 ./Generated_Code/ASerialLdd2.o
 .debug_info    0x000062f4      0x892 ./Generated_Code/ASerialLdd1.o
 .debug_info    0x00006b86      0x244 ./Generated_Code/AD1.o
 .debug_info    0x00006dca      0x12a ./Project_Settings/Startup_Code/__arm_start.o
 .debug_info    0x00006ef4       0x54 ./Project_Settings/Startup_Code/__arm_end.o
 .debug_info    0x00006f48      0x18e ./Sources/main.o
 .debug_info    0x000070d6      0x162 ./Sources/Events.o
 .debug_info    0x00007238       0xe8 C:/Freescale/CW MCU v10.7/MCU/ARM_GCC_Support/ewl/lib/armv6-m\libc.a(exit.o)
 .debug_info    0x00007320      0x10b C:/Freescale/CW MCU v10.7/MCU/ARM_GCC_Support/ewl/lib/armv6-m\libc.a(strchr.o)
 .debug_info    0x0000742b       0xec C:/Freescale/CW MCU v10.7/MCU/ARM_GCC_Support/ewl/lib/armv6-m\libc.a(memset.o)
 .debug_info    0x00007517      0x137 C:/Freescale/CW MCU v10.7/MCU/ARM_GCC_Support/ewl/lib/armv6-m\libc.a(__filll_mem.o)
 .debug_info    0x0000764e       0xea C:/Freescale/CW MCU v10.7/MCU/ARM_GCC_Support/ewl/lib/armv6-m\libc.a(strlen.o)
 .debug_info    0x00007738      0x50d C:/Freescale/CW MCU v10.7/MCU/ARM_GCC_Support/ewl/lib/armv6-m\libc.a(printformat_.o)
 .debug_info    0x00007c45      0x568 C:/Freescale/CW MCU v10.7/MCU/ARM_GCC_Support/ewl/lib/armv6-m\libc.a(scanformat_.o)
 .debug_info    0x000081ad      0x313 C:/Freescale/CW MCU v10.7/MCU/ARM_GCC_Support/ewl/lib/armv6-m\libc.a(ctype_aeabi.o)
 .debug_info    0x000084c0      0x1d6 C:/Freescale/CW MCU v10.7/MCU/ARM_GCC_Support/ewl/lib/armv6-m\libc.a(__strtoul.o)
 .debug_info    0x00008696      0x10f C:/Freescale/CW MCU v10.7/MCU/ARM_GCC_Support/ewl/lib/armv6-m\libc.a(memcpy.o)
 .debug_info    0x000087a5      0x121 C:/Freescale/CW MCU v10.7/MCU/ARM_GCC_Support/ewl/lib/armv6-m\libc.a(memchr.o)
 .debug_info    0x000088c6      0x136 C:/Freescale/CW MCU v10.7/MCU/ARM_GCC_Support/ewl/lib/armv6-m\librt.a(gcc_ctor_dtor.o)
 .debug_info    0x000089fc      0x2b9 C:/Freescale/CW MCU v10.7/MCU/ARM_GCC_Support/ewl/lib/armv6-m\librt.a(__arm_eabi_init.o)
 .debug_info    0x00008cb5      0x19b C:/Freescale/CW MCU v10.7/MCU/ARM_GCC_Support/ewl/lib/armv6-m\librt.a(ROMCopy.o)

.debug_abbrev   0x00000000     0x2488
 .debug_abbrev  0x00000000      0x16d ./Generated_Code/Wifi.o
 .debug_abbrev  0x0000016d       0xa3 ./Generated_Code/Vectors.o
 .debug_abbrev  0x00000210      0x164 ./Generated_Code/UTIL1.o
 .debug_abbrev  0x00000374       0xd2 ./Generated_Code/TimerIntLdd1.o
 .debug_abbrev  0x00000446      0x17e ./Generated_Code/TU2.o
 .debug_abbrev  0x000005c4      0x134 ./Generated_Code/TU1.o
 .debug_abbrev  0x000006f8       0x60 ./Generated_Code/TI1.o
 .debug_abbrev  0x00000758      0x1b4 ./Generated_Code/RTC1.o
 .debug_abbrev  0x0000090c      0x114 ./Generated_Code/PwmLdd1.o
 .debug_abbrev  0x00000a20      0x102 ./Generated_Code/PE_LDD.o
 .debug_abbrev  0x00000b22      0x16d ./Generated_Code/PC.o
 .debug_abbrev  0x00000c8f       0x3d ./Generated_Code/MCUC1.o
 .debug_abbrev  0x00000ccc      0x122 ./Generated_Code/Cpu.o
 .debug_abbrev  0x00000dee      0x11c ./Generated_Code/BitIoLdd2.o
 .debug_abbrev  0x00000f0a      0x11c ./Generated_Code/BitIoLdd1.o
 .debug_abbrev  0x00001026      0x1a6 ./Generated_Code/AdcLdd1.o
 .debug_abbrev  0x000011cc      0x189 ./Generated_Code/ASerialLdd2.o
 .debug_abbrev  0x00001355      0x189 ./Generated_Code/ASerialLdd1.o
 .debug_abbrev  0x000014de      0x123 ./Generated_Code/AD1.o
 .debug_abbrev  0x00001601       0x92 ./Project_Settings/Startup_Code/__arm_start.o
 .debug_abbrev  0x00001693       0x4c ./Project_Settings/Startup_Code/__arm_end.o
 .debug_abbrev  0x000016df       0xdf ./Sources/main.o
 .debug_abbrev  0x000017be       0x9c ./Sources/Events.o
 .debug_abbrev  0x0000185a       0x7a C:/Freescale/CW MCU v10.7/MCU/ARM_GCC_Support/ewl/lib/armv6-m\libc.a(exit.o)
 .debug_abbrev  0x000018d4       0x7a C:/Freescale/CW MCU v10.7/MCU/ARM_GCC_Support/ewl/lib/armv6-m\libc.a(strchr.o)
 .debug_abbrev  0x0000194e       0x62 C:/Freescale/CW MCU v10.7/MCU/ARM_GCC_Support/ewl/lib/armv6-m\libc.a(memset.o)
 .debug_abbrev  0x000019b0       0x78 C:/Freescale/CW MCU v10.7/MCU/ARM_GCC_Support/ewl/lib/armv6-m\libc.a(__filll_mem.o)
 .debug_abbrev  0x00001a28       0x7a C:/Freescale/CW MCU v10.7/MCU/ARM_GCC_Support/ewl/lib/armv6-m\libc.a(strlen.o)
 .debug_abbrev  0x00001aa2      0x200 C:/Freescale/CW MCU v10.7/MCU/ARM_GCC_Support/ewl/lib/armv6-m\libc.a(printformat_.o)
 .debug_abbrev  0x00001ca2      0x1f0 C:/Freescale/CW MCU v10.7/MCU/ARM_GCC_Support/ewl/lib/armv6-m\libc.a(scanformat_.o)
 .debug_abbrev  0x00001e92       0x9e C:/Freescale/CW MCU v10.7/MCU/ARM_GCC_Support/ewl/lib/armv6-m\libc.a(ctype_aeabi.o)
 .debug_abbrev  0x00001f30       0xc2 C:/Freescale/CW MCU v10.7/MCU/ARM_GCC_Support/ewl/lib/armv6-m\libc.a(__strtoul.o)
 .debug_abbrev  0x00001ff2       0x95 C:/Freescale/CW MCU v10.7/MCU/ARM_GCC_Support/ewl/lib/armv6-m\libc.a(memcpy.o)
 .debug_abbrev  0x00002087       0x95 C:/Freescale/CW MCU v10.7/MCU/ARM_GCC_Support/ewl/lib/armv6-m\libc.a(memchr.o)
 .debug_abbrev  0x0000211c       0x99 C:/Freescale/CW MCU v10.7/MCU/ARM_GCC_Support/ewl/lib/armv6-m\librt.a(gcc_ctor_dtor.o)
 .debug_abbrev  0x000021b5      0x1b3 C:/Freescale/CW MCU v10.7/MCU/ARM_GCC_Support/ewl/lib/armv6-m\librt.a(__arm_eabi_init.o)
 .debug_abbrev  0x00002368      0x120 C:/Freescale/CW MCU v10.7/MCU/ARM_GCC_Support/ewl/lib/armv6-m\librt.a(ROMCopy.o)

.debug_loc      0x00000000     0x4ce8
 .debug_loc     0x00000000      0x2e0 ./Generated_Code/Wifi.o
 .debug_loc     0x000002e0      0xf71 ./Generated_Code/UTIL1.o
 .debug_loc     0x00001251       0x70 ./Generated_Code/TimerIntLdd1.o
 .debug_loc     0x000012c1      0x150 ./Generated_Code/TU2.o
 .debug_loc     0x00001411       0x70 ./Generated_Code/TU1.o
 .debug_loc     0x00001481       0x38 ./Generated_Code/TI1.o
 .debug_loc     0x000014b9      0x150 ./Generated_Code/RTC1.o
 .debug_loc     0x00001609      0x118 ./Generated_Code/PwmLdd1.o
 .debug_loc     0x00001721       0x9c ./Generated_Code/PE_LDD.o
 .debug_loc     0x000017bd      0x2e0 ./Generated_Code/PC.o
 .debug_loc     0x00001a9d       0x58 ./Generated_Code/MCUC1.o
 .debug_loc     0x00001af5       0xb0 ./Generated_Code/Cpu.o
 .debug_loc     0x00001ba5       0xa8 ./Generated_Code/BitIoLdd2.o
 .debug_loc     0x00001c4d       0xa8 ./Generated_Code/BitIoLdd1.o
 .debug_loc     0x00001cf5      0x1f8 ./Generated_Code/AdcLdd1.o
 .debug_loc     0x00001eed      0x194 ./Generated_Code/ASerialLdd2.o
 .debug_loc     0x00002081      0x194 ./Generated_Code/ASerialLdd1.o
 .debug_loc     0x00002215      0x138 ./Generated_Code/AD1.o
 .debug_loc     0x0000234d       0x2c ./Project_Settings/Startup_Code/__arm_start.o
 .debug_loc     0x00002379       0x38 ./Project_Settings/Startup_Code/__arm_end.o
 .debug_loc     0x000023b1       0xe0 ./Sources/main.o
 .debug_loc     0x00002491      0x16c ./Sources/Events.o
 .debug_loc     0x000025fd       0x3e C:/Freescale/CW MCU v10.7/MCU/ARM_GCC_Support/ewl/lib/armv6-m\libc.a(exit.o)
 .debug_loc     0x0000263b       0xaf C:/Freescale/CW MCU v10.7/MCU/ARM_GCC_Support/ewl/lib/armv6-m\libc.a(strchr.o)
 .debug_loc     0x000026ea       0x6f C:/Freescale/CW MCU v10.7/MCU/ARM_GCC_Support/ewl/lib/armv6-m\libc.a(memset.o)
 .debug_loc     0x00002759      0x14a C:/Freescale/CW MCU v10.7/MCU/ARM_GCC_Support/ewl/lib/armv6-m\libc.a(__filll_mem.o)
 .debug_loc     0x000028a3       0x33 C:/Freescale/CW MCU v10.7/MCU/ARM_GCC_Support/ewl/lib/armv6-m\libc.a(strlen.o)
 .debug_loc     0x000028d6     0x104b C:/Freescale/CW MCU v10.7/MCU/ARM_GCC_Support/ewl/lib/armv6-m\libc.a(printformat_.o)
 .debug_loc     0x00003921      0x9d8 C:/Freescale/CW MCU v10.7/MCU/ARM_GCC_Support/ewl/lib/armv6-m\libc.a(scanformat_.o)
 .debug_loc     0x000042f9      0x30d C:/Freescale/CW MCU v10.7/MCU/ARM_GCC_Support/ewl/lib/armv6-m\libc.a(ctype_aeabi.o)
 .debug_loc     0x00004606      0x305 C:/Freescale/CW MCU v10.7/MCU/ARM_GCC_Support/ewl/lib/armv6-m\libc.a(__strtoul.o)
 .debug_loc     0x0000490b       0x59 C:/Freescale/CW MCU v10.7/MCU/ARM_GCC_Support/ewl/lib/armv6-m\libc.a(memcpy.o)
 .debug_loc     0x00004964       0x77 C:/Freescale/CW MCU v10.7/MCU/ARM_GCC_Support/ewl/lib/armv6-m\libc.a(memchr.o)
 .debug_loc     0x000049db       0x9d C:/Freescale/CW MCU v10.7/MCU/ARM_GCC_Support/ewl/lib/armv6-m\librt.a(gcc_ctor_dtor.o)
 .debug_loc     0x00004a78      0x197 C:/Freescale/CW MCU v10.7/MCU/ARM_GCC_Support/ewl/lib/armv6-m\librt.a(__arm_eabi_init.o)
 .debug_loc     0x00004c0f       0xd9 C:/Freescale/CW MCU v10.7/MCU/ARM_GCC_Support/ewl/lib/armv6-m\librt.a(ROMCopy.o)

.debug_aranges  0x00000000      0xa50
 .debug_aranges
                0x00000000       0x88 ./Generated_Code/Wifi.o
 .debug_aranges
                0x00000088       0x18 ./Generated_Code/Vectors.o
 .debug_aranges
                0x000000a0      0x250 ./Generated_Code/UTIL1.o
 .debug_aranges
                0x000002f0       0x28 ./Generated_Code/TimerIntLdd1.o
 .debug_aranges
                0x00000318       0x48 ./Generated_Code/TU2.o
 .debug_aranges
                0x00000360       0x28 ./Generated_Code/TU1.o
 .debug_aranges
                0x00000388       0x20 ./Generated_Code/TI1.o
 .debug_aranges
                0x000003a8       0x48 ./Generated_Code/RTC1.o
 .debug_aranges
                0x000003f0       0x40 ./Generated_Code/PwmLdd1.o
 .debug_aranges
                0x00000430       0x30 ./Generated_Code/PE_LDD.o
 .debug_aranges
                0x00000460       0x88 ./Generated_Code/PC.o
 .debug_aranges
                0x000004e8       0x28 ./Generated_Code/MCUC1.o
 .debug_aranges
                0x00000510       0x38 ./Generated_Code/Cpu.o
 .debug_aranges
                0x00000548       0x30 ./Generated_Code/BitIoLdd2.o
 .debug_aranges
                0x00000578       0x30 ./Generated_Code/BitIoLdd1.o
 .debug_aranges
                0x000005a8       0x60 ./Generated_Code/AdcLdd1.o
 .debug_aranges
                0x00000608       0x50 ./Generated_Code/ASerialLdd2.o
 .debug_aranges
                0x00000658       0x50 ./Generated_Code/ASerialLdd1.o
 .debug_aranges
                0x000006a8       0x48 ./Generated_Code/AD1.o
 .debug_aranges
                0x000006f0       0x30 ./Project_Settings/Startup_Code/__arm_start.o
 .debug_aranges
                0x00000720       0x20 ./Project_Settings/Startup_Code/__arm_end.o
 .debug_aranges
                0x00000740       0x38 ./Sources/main.o
 .debug_aranges
                0x00000778       0x58 ./Sources/Events.o
 .debug_aranges
                0x000007d0       0x20 C:/Freescale/CW MCU v10.7/MCU/ARM_GCC_Support/ewl/lib/armv6-m\libc.a(exit.o)
 .debug_aranges
                0x000007f0       0x20 C:/Freescale/CW MCU v10.7/MCU/ARM_GCC_Support/ewl/lib/armv6-m\libc.a(strchr.o)
 .debug_aranges
                0x00000810       0x20 C:/Freescale/CW MCU v10.7/MCU/ARM_GCC_Support/ewl/lib/armv6-m\libc.a(memset.o)
 .debug_aranges
                0x00000830       0x20 C:/Freescale/CW MCU v10.7/MCU/ARM_GCC_Support/ewl/lib/armv6-m\libc.a(__filll_mem.o)
 .debug_aranges
                0x00000850       0x20 C:/Freescale/CW MCU v10.7/MCU/ARM_GCC_Support/ewl/lib/armv6-m\libc.a(strlen.o)
 .debug_aranges
                0x00000870       0x28 C:/Freescale/CW MCU v10.7/MCU/ARM_GCC_Support/ewl/lib/armv6-m\libc.a(printformat_.o)
 .debug_aranges
                0x00000898       0x20 C:/Freescale/CW MCU v10.7/MCU/ARM_GCC_Support/ewl/lib/armv6-m\libc.a(scanformat_.o)
 .debug_aranges
                0x000008b8       0x88 C:/Freescale/CW MCU v10.7/MCU/ARM_GCC_Support/ewl/lib/armv6-m\libc.a(ctype_aeabi.o)
 .debug_aranges
                0x00000940       0x20 C:/Freescale/CW MCU v10.7/MCU/ARM_GCC_Support/ewl/lib/armv6-m\libc.a(__strtoul.o)
 .debug_aranges
                0x00000960       0x20 C:/Freescale/CW MCU v10.7/MCU/ARM_GCC_Support/ewl/lib/armv6-m\libc.a(memcpy.o)
 .debug_aranges
                0x00000980       0x20 C:/Freescale/CW MCU v10.7/MCU/ARM_GCC_Support/ewl/lib/armv6-m\libc.a(memchr.o)
 .debug_aranges
                0x000009a0       0x28 C:/Freescale/CW MCU v10.7/MCU/ARM_GCC_Support/ewl/lib/armv6-m\librt.a(gcc_ctor_dtor.o)
 .debug_aranges
                0x000009c8       0x58 C:/Freescale/CW MCU v10.7/MCU/ARM_GCC_Support/ewl/lib/armv6-m\librt.a(__arm_eabi_init.o)
 .debug_aranges
                0x00000a20       0x30 C:/Freescale/CW MCU v10.7/MCU/ARM_GCC_Support/ewl/lib/armv6-m\librt.a(ROMCopy.o)

.debug_macinfo  0x00000000   0x4629dc
 .debug_macinfo
                0x00000000    0x38ace ./Generated_Code/Wifi.o
 .debug_macinfo
                0x00038ace    0x389a4 ./Generated_Code/Vectors.o
 .debug_macinfo
                0x00071472    0x2ea6c ./Generated_Code/UTIL1.o
 .debug_macinfo
                0x0009fede    0x2fd39 ./Generated_Code/TimerIntLdd1.o
 .debug_macinfo
                0x000cfc17    0x2ffcb ./Generated_Code/TU2.o
 .debug_macinfo
                0x000ffbe2    0x2fd31 ./Generated_Code/TU1.o
 .debug_macinfo
                0x0012f913    0x38985 ./Generated_Code/TI1.o
 .debug_macinfo
                0x00168298    0x3bec4 ./Generated_Code/RTC1.o
 .debug_macinfo
                0x001a415c    0x300f9 ./Generated_Code/PwmLdd1.o
 .debug_macinfo
                0x001d4255    0x38948 ./Generated_Code/PE_LDD.o
 .debug_macinfo
                0x0020cb9d    0x38ace ./Generated_Code/PC.o
 .debug_macinfo
                0x0024566b    0x2e62b ./Generated_Code/MCUC1.o
 .debug_macinfo
                0x00273c96    0x389a4 ./Generated_Code/Cpu.o
 .debug_macinfo
                0x002ac63a    0x2ed57 ./Generated_Code/BitIoLdd2.o
 .debug_macinfo
                0x002db391    0x2ed57 ./Generated_Code/BitIoLdd1.o
 .debug_macinfo
                0x0030a0e8    0x3343c ./Generated_Code/AdcLdd1.o
 .debug_macinfo
                0x0033d524    0x3bfff ./Generated_Code/ASerialLdd2.o
 .debug_macinfo
                0x00379523    0x38514 ./Generated_Code/ASerialLdd1.o
 .debug_macinfo
                0x003b1a37    0x389d8 ./Generated_Code/AD1.o
 .debug_macinfo
                0x003ea40f     0x3e6d ./Project_Settings/Startup_Code/__arm_start.o
 .debug_macinfo
                0x003ee27c     0x3456 ./Project_Settings/Startup_Code/__arm_end.o
 .debug_macinfo
                0x003f16d2    0x38985 ./Sources/main.o
 .debug_macinfo
                0x0042a057    0x38985 ./Sources/Events.o

.debug_line     0x00000000     0x7251
 .debug_line    0x00000000      0x687 ./Generated_Code/Wifi.o
 .debug_line    0x00000687      0x5ac ./Generated_Code/Vectors.o
 .debug_line    0x00000c33      0xb1b ./Generated_Code/UTIL1.o
 .debug_line    0x0000174e      0x2b5 ./Generated_Code/TimerIntLdd1.o
 .debug_line    0x00001a03      0x318 ./Generated_Code/TU2.o
 .debug_line    0x00001d1b      0x2b3 ./Generated_Code/TU1.o
 .debug_line    0x00001fce      0x4ab ./Generated_Code/TI1.o
 .debug_line    0x00002479      0x569 ./Generated_Code/RTC1.o
 .debug_line    0x000029e2      0x2ee ./Generated_Code/PwmLdd1.o
 .debug_line    0x00002cd0      0x449 ./Generated_Code/PE_LDD.o
 .debug_line    0x00003119      0x67e ./Generated_Code/PC.o
 .debug_line    0x00003797      0x23b ./Generated_Code/MCUC1.o
 .debug_line    0x000039d2      0x622 ./Generated_Code/Cpu.o
 .debug_line    0x00003ff4      0x2aa ./Generated_Code/BitIoLdd2.o
 .debug_line    0x0000429e      0x2aa ./Generated_Code/BitIoLdd1.o
 .debug_line    0x00004548      0x366 ./Generated_Code/AdcLdd1.o
 .debug_line    0x000048ae      0x379 ./Generated_Code/ASerialLdd2.o
 .debug_line    0x00004c27      0x37d ./Generated_Code/ASerialLdd1.o
 .debug_line    0x00004fa4      0x52d ./Generated_Code/AD1.o
 .debug_line    0x000054d1      0x2aa ./Project_Settings/Startup_Code/__arm_start.o
 .debug_line    0x0000577b      0x265 ./Project_Settings/Startup_Code/__arm_end.o
 .debug_line    0x000059e0      0x4c3 ./Sources/main.o
 .debug_line    0x00005ea3      0x4d2 ./Sources/Events.o
 .debug_line    0x00006375       0x8d C:/Freescale/CW MCU v10.7/MCU/ARM_GCC_Support/ewl/lib/armv6-m\libc.a(exit.o)
 .debug_line    0x00006402       0x7d C:/Freescale/CW MCU v10.7/MCU/ARM_GCC_Support/ewl/lib/armv6-m\libc.a(strchr.o)
 .debug_line    0x0000647f       0x90 C:/Freescale/CW MCU v10.7/MCU/ARM_GCC_Support/ewl/lib/armv6-m\libc.a(memset.o)
 .debug_line    0x0000650f       0xf6 C:/Freescale/CW MCU v10.7/MCU/ARM_GCC_Support/ewl/lib/armv6-m\libc.a(__filll_mem.o)
 .debug_line    0x00006605       0x85 C:/Freescale/CW MCU v10.7/MCU/ARM_GCC_Support/ewl/lib/armv6-m\libc.a(strlen.o)
 .debug_line    0x0000668a      0x2c3 C:/Freescale/CW MCU v10.7/MCU/ARM_GCC_Support/ewl/lib/armv6-m\libc.a(printformat_.o)
 .debug_line    0x0000694d      0x2be C:/Freescale/CW MCU v10.7/MCU/ARM_GCC_Support/ewl/lib/armv6-m\libc.a(scanformat_.o)
 .debug_line    0x00006c0b      0x1be C:/Freescale/CW MCU v10.7/MCU/ARM_GCC_Support/ewl/lib/armv6-m\libc.a(ctype_aeabi.o)
 .debug_line    0x00006dc9      0x11e C:/Freescale/CW MCU v10.7/MCU/ARM_GCC_Support/ewl/lib/armv6-m\libc.a(__strtoul.o)
 .debug_line    0x00006ee7       0x8b C:/Freescale/CW MCU v10.7/MCU/ARM_GCC_Support/ewl/lib/armv6-m\libc.a(memcpy.o)
 .debug_line    0x00006f72       0x9f C:/Freescale/CW MCU v10.7/MCU/ARM_GCC_Support/ewl/lib/armv6-m\libc.a(memchr.o)
 .debug_line    0x00007011       0x6c C:/Freescale/CW MCU v10.7/MCU/ARM_GCC_Support/ewl/lib/armv6-m\librt.a(gcc_ctor_dtor.o)
 .debug_line    0x0000707d      0x117 C:/Freescale/CW MCU v10.7/MCU/ARM_GCC_Support/ewl/lib/armv6-m\librt.a(__arm_eabi_init.o)
 .debug_line    0x00007194       0xbd C:/Freescale/CW MCU v10.7/MCU/ARM_GCC_Support/ewl/lib/armv6-m\librt.a(ROMCopy.o)

.debug_str      0x00000000     0x2679
 .debug_str     0x00000000      0x326 ./Generated_Code/Wifi.o
                                0x37e (size before relaxing)
 .debug_str     0x00000326       0x55 ./Generated_Code/Vectors.o
                                0x188 (size before relaxing)
 .debug_str     0x0000037b      0x7a2 ./Generated_Code/UTIL1.o
                                0x8fe (size before relaxing)
 .debug_str     0x00000b1d       0xc2 ./Generated_Code/TimerIntLdd1.o
                                0x20e (size before relaxing)
 .debug_str     0x00000bdf      0x2a5 ./Generated_Code/TU2.o
                                0x460 (size before relaxing)
 .debug_str     0x00000e84       0xc1 ./Generated_Code/TU1.o
                                0x34e (size before relaxing)
 .debug_str     0x00000f45       0x31 ./Generated_Code/TI1.o
                                0x175 (size before relaxing)
 .debug_str     0x00000f76      0x16f ./Generated_Code/RTC1.o
                                0x439 (size before relaxing)
 .debug_str     0x000010e5       0xaf ./Generated_Code/PwmLdd1.o
                                0x292 (size before relaxing)
 .debug_str     0x00001194      0x16b ./Generated_Code/PE_LDD.o
                                0x2eb (size before relaxing)
 .debug_str     0x000012ff      0x129 ./Generated_Code/PC.o
                                0x35c (size before relaxing)
 .debug_str     0x00001428       0x32 ./Generated_Code/MCUC1.o
                                0x14f (size before relaxing)
 .debug_str     0x0000145a      0x17d ./Generated_Code/Cpu.o
                                0x437 (size before relaxing)
 .debug_str     0x000015d7       0xb9 ./Generated_Code/BitIoLdd2.o
                                0x2b7 (size before relaxing)
 .debug_str     0x00001690       0x7e ./Generated_Code/BitIoLdd1.o
                                0x2b7 (size before relaxing)
 .debug_str     0x0000170e      0x232 ./Generated_Code/AdcLdd1.o
                                0x5a1 (size before relaxing)
 .debug_str     0x00001940      0x194 ./Generated_Code/ASerialLdd2.o
                                0x4e9 (size before relaxing)
 .debug_str     0x00001ad4       0xfc ./Generated_Code/ASerialLdd1.o
                                0x4eb (size before relaxing)
 .debug_str     0x00001bd0       0xaf ./Generated_Code/AD1.o
                                0x252 (size before relaxing)
 .debug_str     0x00001c7f       0x85 ./Project_Settings/Startup_Code/__arm_start.o
                                0x1a9 (size before relaxing)
 .debug_str     0x00001d04       0x41 ./Project_Settings/Startup_Code/__arm_end.o
                                 0xe0 (size before relaxing)
 .debug_str     0x00001d45       0x3e ./Sources/main.o
                                0x19f (size before relaxing)
 .debug_str     0x00001d83       0x8a ./Sources/Events.o
                                0x1df (size before relaxing)
 .debug_str     0x00001e0d       0x54 C:/Freescale/CW MCU v10.7/MCU/ARM_GCC_Support/ewl/lib/armv6-m\libc.a(exit.o)
                                0x157 (size before relaxing)
 .debug_str     0x00001e61       0x1c C:/Freescale/CW MCU v10.7/MCU/ARM_GCC_Support/ewl/lib/armv6-m\libc.a(strchr.o)
                                0x137 (size before relaxing)
 .debug_str     0x00001e7d       0x1c C:/Freescale/CW MCU v10.7/MCU/ARM_GCC_Support/ewl/lib/armv6-m\libc.a(memset.o)
                                0x140 (size before relaxing)
 .debug_str     0x00001e99       0x2d C:/Freescale/CW MCU v10.7/MCU/ARM_GCC_Support/ewl/lib/armv6-m\libc.a(__filll_mem.o)
                                0x152 (size before relaxing)
 .debug_str     0x00001ec6       0x1c C:/Freescale/CW MCU v10.7/MCU/ARM_GCC_Support/ewl/lib/armv6-m\libc.a(strlen.o)
                                0x140 (size before relaxing)
 .debug_str     0x00001ee2      0x233 C:/Freescale/CW MCU v10.7/MCU/ARM_GCC_Support/ewl/lib/armv6-m\libc.a(printformat_.o)
                                0x3b3 (size before relaxing)
 .debug_str     0x00002115      0x184 C:/Freescale/CW MCU v10.7/MCU/ARM_GCC_Support/ewl/lib/armv6-m\libc.a(scanformat_.o)
                                0x3f9 (size before relaxing)
 .debug_str     0x00002299       0x9d C:/Freescale/CW MCU v10.7/MCU/ARM_GCC_Support/ewl/lib/armv6-m\libc.a(ctype_aeabi.o)
                                0x1bc (size before relaxing)
 .debug_str     0x00002336       0x5b C:/Freescale/CW MCU v10.7/MCU/ARM_GCC_Support/ewl/lib/armv6-m\libc.a(__strtoul.o)
                                0x1fb (size before relaxing)
 .debug_str     0x00002391       0x1c C:/Freescale/CW MCU v10.7/MCU/ARM_GCC_Support/ewl/lib/armv6-m\libc.a(memcpy.o)
                                0x138 (size before relaxing)
 .debug_str     0x000023ad       0x1c C:/Freescale/CW MCU v10.7/MCU/ARM_GCC_Support/ewl/lib/armv6-m\libc.a(memchr.o)
                                0x148 (size before relaxing)
 .debug_str     0x000023c9      0x126 C:/Freescale/CW MCU v10.7/MCU/ARM_GCC_Support/ewl/lib/armv6-m\librt.a(gcc_ctor_dtor.o)
                                0x181 (size before relaxing)
 .debug_str     0x000024ef       0xee C:/Freescale/CW MCU v10.7/MCU/ARM_GCC_Support/ewl/lib/armv6-m\librt.a(__arm_eabi_init.o)
                                0x1b5 (size before relaxing)
 .debug_str     0x000025dd       0x9c C:/Freescale/CW MCU v10.7/MCU/ARM_GCC_Support/ewl/lib/armv6-m\librt.a(ROMCopy.o)
                                0x13c (size before relaxing)

.comment        0x00000000       0x79
 .comment       0x00000000       0x79 ./Generated_Code/Wifi.o
                                 0x7a (size before relaxing)
 .comment       0x00000000       0x7a ./Generated_Code/Vectors.o
 .comment       0x00000000       0x7a ./Generated_Code/UTIL1.o
 .comment       0x00000000       0x7a ./Generated_Code/TimerIntLdd1.o
 .comment       0x00000000       0x7a ./Generated_Code/TU2.o
 .comment       0x00000000       0x7a ./Generated_Code/TU1.o
 .comment       0x00000000       0x7a ./Generated_Code/TI1.o
 .comment       0x00000000       0x7a ./Generated_Code/RTC1.o
 .comment       0x00000000       0x7a ./Generated_Code/PwmLdd1.o
 .comment       0x00000000       0x7a ./Generated_Code/PE_LDD.o
 .comment       0x00000000       0x7a ./Generated_Code/PC.o
 .comment       0x00000000       0x7a ./Generated_Code/MCUC1.o
 .comment       0x00000000       0x7a ./Generated_Code/Cpu.o
 .comment       0x00000000       0x7a ./Generated_Code/BitIoLdd2.o
 .comment       0x00000000       0x7a ./Generated_Code/BitIoLdd1.o
 .comment       0x00000000       0x7a ./Generated_Code/AdcLdd1.o
 .comment       0x00000000       0x7a ./Generated_Code/ASerialLdd2.o
 .comment       0x00000000       0x7a ./Generated_Code/ASerialLdd1.o
 .comment       0x00000000       0x7a ./Generated_Code/AD1.o
 .comment       0x00000000       0x7a ./Project_Settings/Startup_Code/__arm_start.o
 .comment       0x00000000       0x7a ./Project_Settings/Startup_Code/__arm_end.o
 .comment       0x00000000       0x7a ./Sources/main.o
 .comment       0x00000000       0x7a ./Sources/Events.o
 .comment       0x00000000       0x7a C:/Freescale/CW MCU v10.7/MCU/ARM_GCC_Support/ewl/lib/armv6-m\libc.a(exit.o)
 .comment       0x00000000       0x7a C:/Freescale/CW MCU v10.7/MCU/ARM_GCC_Support/ewl/lib/armv6-m\libc.a(strchr.o)
 .comment       0x00000000       0x7a C:/Freescale/CW MCU v10.7/MCU/ARM_GCC_Support/ewl/lib/armv6-m\libc.a(memset.o)
 .comment       0x00000000       0x7a C:/Freescale/CW MCU v10.7/MCU/ARM_GCC_Support/ewl/lib/armv6-m\libc.a(__filll_mem.o)
 .comment       0x00000000       0x7a C:/Freescale/CW MCU v10.7/MCU/ARM_GCC_Support/ewl/lib/armv6-m\libc.a(strlen.o)
 .comment       0x00000000       0x7a C:/Freescale/CW MCU v10.7/MCU/ARM_GCC_Support/ewl/lib/armv6-m\libc.a(printformat_.o)
 .comment       0x00000000       0x7a C:/Freescale/CW MCU v10.7/MCU/ARM_GCC_Support/ewl/lib/armv6-m\libc.a(scanformat_.o)
 .comment       0x00000000       0x7a C:/Freescale/CW MCU v10.7/MCU/ARM_GCC_Support/ewl/lib/armv6-m\libc.a(ctype_aeabi.o)
 .comment       0x00000000       0x7a C:/Freescale/CW MCU v10.7/MCU/ARM_GCC_Support/ewl/lib/armv6-m\libc.a(__strtoul.o)
 .comment       0x00000000       0x7a C:/Freescale/CW MCU v10.7/MCU/ARM_GCC_Support/ewl/lib/armv6-m\libc.a(memcpy.o)
 .comment       0x00000000       0x7a C:/Freescale/CW MCU v10.7/MCU/ARM_GCC_Support/ewl/lib/armv6-m\libc.a(memchr.o)
 .comment       0x00000000       0x7a C:/Freescale/CW MCU v10.7/MCU/ARM_GCC_Support/ewl/lib/armv6-m\librt.a(gcc_ctor_dtor.o)
 .comment       0x00000000       0x7a C:/Freescale/CW MCU v10.7/MCU/ARM_GCC_Support/ewl/lib/armv6-m\librt.a(__arm_eabi_init.o)
 .comment       0x00000000       0x7a C:/Freescale/CW MCU v10.7/MCU/ARM_GCC_Support/ewl/lib/armv6-m\librt.a(ROMCopy.o)

.debug_frame    0x00000000     0x1c30
 .debug_frame   0x00000000      0x1c4 ./Generated_Code/Wifi.o
 .debug_frame   0x000001c4      0x8ec ./Generated_Code/UTIL1.o
 .debug_frame   0x00000ab0       0x50 ./Generated_Code/TimerIntLdd1.o
 .debug_frame   0x00000b00       0xd0 ./Generated_Code/TU2.o
 .debug_frame   0x00000bd0       0x50 ./Generated_Code/TU1.o
 .debug_frame   0x00000c20       0x30 ./Generated_Code/TI1.o
 .debug_frame   0x00000c50       0xd0 ./Generated_Code/RTC1.o
 .debug_frame   0x00000d20       0xb0 ./Generated_Code/PwmLdd1.o
 .debug_frame   0x00000dd0       0x6c ./Generated_Code/PE_LDD.o
 .debug_frame   0x00000e3c      0x1c4 ./Generated_Code/PC.o
 .debug_frame   0x00001000       0x48 ./Generated_Code/MCUC1.o
 .debug_frame   0x00001048       0x80 ./Generated_Code/Cpu.o
 .debug_frame   0x000010c8       0x70 ./Generated_Code/BitIoLdd2.o
 .debug_frame   0x00001138       0x70 ./Generated_Code/BitIoLdd1.o
 .debug_frame   0x000011a8      0x130 ./Generated_Code/AdcLdd1.o
 .debug_frame   0x000012d8       0xf8 ./Generated_Code/ASerialLdd2.o
 .debug_frame   0x000013d0       0xf8 ./Generated_Code/ASerialLdd1.o
 .debug_frame   0x000014c8       0xc8 ./Generated_Code/AD1.o
 .debug_frame   0x00001590       0x4c ./Project_Settings/Startup_Code/__arm_start.o
 .debug_frame   0x000015dc       0x30 ./Project_Settings/Startup_Code/__arm_end.o
 .debug_frame   0x0000160c       0x90 ./Sources/main.o
 .debug_frame   0x0000169c       0xf4 ./Sources/Events.o
 .debug_frame   0x00001790       0x2c C:/Freescale/CW MCU v10.7/MCU/ARM_GCC_Support/ewl/lib/armv6-m\libc.a(exit.o)
 .debug_frame   0x000017bc       0x28 C:/Freescale/CW MCU v10.7/MCU/ARM_GCC_Support/ewl/lib/armv6-m\libc.a(strchr.o)
 .debug_frame   0x000017e4       0x28 C:/Freescale/CW MCU v10.7/MCU/ARM_GCC_Support/ewl/lib/armv6-m\libc.a(memset.o)
 .debug_frame   0x0000180c       0x2c C:/Freescale/CW MCU v10.7/MCU/ARM_GCC_Support/ewl/lib/armv6-m\libc.a(__filll_mem.o)
 .debug_frame   0x00001838       0x28 C:/Freescale/CW MCU v10.7/MCU/ARM_GCC_Support/ewl/lib/armv6-m\libc.a(strlen.o)
 .debug_frame   0x00001860       0x54 C:/Freescale/CW MCU v10.7/MCU/ARM_GCC_Support/ewl/lib/armv6-m\libc.a(printformat_.o)
 .debug_frame   0x000018b4       0x34 C:/Freescale/CW MCU v10.7/MCU/ARM_GCC_Support/ewl/lib/armv6-m\libc.a(scanformat_.o)
 .debug_frame   0x000018e8      0x158 C:/Freescale/CW MCU v10.7/MCU/ARM_GCC_Support/ewl/lib/armv6-m\libc.a(ctype_aeabi.o)
 .debug_frame   0x00001a40       0x30 C:/Freescale/CW MCU v10.7/MCU/ARM_GCC_Support/ewl/lib/armv6-m\libc.a(__strtoul.o)
 .debug_frame   0x00001a70       0x28 C:/Freescale/CW MCU v10.7/MCU/ARM_GCC_Support/ewl/lib/armv6-m\libc.a(memcpy.o)
 .debug_frame   0x00001a98       0x28 C:/Freescale/CW MCU v10.7/MCU/ARM_GCC_Support/ewl/lib/armv6-m\libc.a(memchr.o)
 .debug_frame   0x00001ac0       0x20 c:/freescale/cw mcu v10.7/cross_tools/arm-none-eabi-gcc-4_7_3/bin/../lib/gcc/arm-none-eabi/4.7.3/armv6-m\libgcc.a(_udivsi3.o)
 .debug_frame   0x00001ae0       0x40 C:/Freescale/CW MCU v10.7/MCU/ARM_GCC_Support/ewl/lib/armv6-m\librt.a(gcc_ctor_dtor.o)
 .debug_frame   0x00001b20       0xbc C:/Freescale/CW MCU v10.7/MCU/ARM_GCC_Support/ewl/lib/armv6-m\librt.a(__arm_eabi_init.o)
 .debug_frame   0x00001bdc       0x54 C:/Freescale/CW MCU v10.7/MCU/ARM_GCC_Support/ewl/lib/armv6-m\librt.a(ROMCopy.o)
